Archive member included to satisfy reference by file (symbol)

c:/st/stm32cubeide_1.10.1/stm32cubeide/plugins/com.st.stm32cube.ide.mcu.externaltools.gnu-tools-for-stm32.10.3-2021.10.win32_1.0.0.202111181127/tools/bin/../lib/gcc/arm-none-eabi/10.3.1/../../../../arm-none-eabi/lib/thumb/v7-m/nofp\libc_nano.a(lib_a-errno.o)
                              ./Core/Src/syscalls.o (__errno)
c:/st/stm32cubeide_1.10.1/stm32cubeide/plugins/com.st.stm32cube.ide.mcu.externaltools.gnu-tools-for-stm32.10.3-2021.10.win32_1.0.0.202111181127/tools/bin/../lib/gcc/arm-none-eabi/10.3.1/../../../../arm-none-eabi/lib/thumb/v7-m/nofp\libc_nano.a(lib_a-exit.o)
                              c:/st/stm32cubeide_1.10.1/stm32cubeide/plugins/com.st.stm32cube.ide.mcu.externaltools.gnu-tools-for-stm32.10.3-2021.10.win32_1.0.0.202111181127/tools/bin/../lib/gcc/arm-none-eabi/10.3.1/../../../../arm-none-eabi/lib/thumb/v7-m/nofp/crt0.o (exit)
c:/st/stm32cubeide_1.10.1/stm32cubeide/plugins/com.st.stm32cube.ide.mcu.externaltools.gnu-tools-for-stm32.10.3-2021.10.win32_1.0.0.202111181127/tools/bin/../lib/gcc/arm-none-eabi/10.3.1/../../../../arm-none-eabi/lib/thumb/v7-m/nofp\libc_nano.a(lib_a-impure.o)
                              c:/st/stm32cubeide_1.10.1/stm32cubeide/plugins/com.st.stm32cube.ide.mcu.externaltools.gnu-tools-for-stm32.10.3-2021.10.win32_1.0.0.202111181127/tools/bin/../lib/gcc/arm-none-eabi/10.3.1/../../../../arm-none-eabi/lib/thumb/v7-m/nofp\libc_nano.a(lib_a-exit.o) (_global_impure_ptr)
c:/st/stm32cubeide_1.10.1/stm32cubeide/plugins/com.st.stm32cube.ide.mcu.externaltools.gnu-tools-for-stm32.10.3-2021.10.win32_1.0.0.202111181127/tools/bin/../lib/gcc/arm-none-eabi/10.3.1/../../../../arm-none-eabi/lib/thumb/v7-m/nofp\libc_nano.a(lib_a-init.o)
                              c:/st/stm32cubeide_1.10.1/stm32cubeide/plugins/com.st.stm32cube.ide.mcu.externaltools.gnu-tools-for-stm32.10.3-2021.10.win32_1.0.0.202111181127/tools/bin/../lib/gcc/arm-none-eabi/10.3.1/../../../../arm-none-eabi/lib/thumb/v7-m/nofp/crt0.o (__libc_init_array)
c:/st/stm32cubeide_1.10.1/stm32cubeide/plugins/com.st.stm32cube.ide.mcu.externaltools.gnu-tools-for-stm32.10.3-2021.10.win32_1.0.0.202111181127/tools/bin/../lib/gcc/arm-none-eabi/10.3.1/../../../../arm-none-eabi/lib/thumb/v7-m/nofp\libc_nano.a(lib_a-memcpy-stub.o)
                              ./Drivers/Display/Src/sh1106.o (memcpy)
c:/st/stm32cubeide_1.10.1/stm32cubeide/plugins/com.st.stm32cube.ide.mcu.externaltools.gnu-tools-for-stm32.10.3-2021.10.win32_1.0.0.202111181127/tools/bin/../lib/gcc/arm-none-eabi/10.3.1/../../../../arm-none-eabi/lib/thumb/v7-m/nofp\libc_nano.a(lib_a-memset.o)
                              c:/st/stm32cubeide_1.10.1/stm32cubeide/plugins/com.st.stm32cube.ide.mcu.externaltools.gnu-tools-for-stm32.10.3-2021.10.win32_1.0.0.202111181127/tools/bin/../lib/gcc/arm-none-eabi/10.3.1/../../../../arm-none-eabi/lib/thumb/v7-m/nofp/crt0.o (memset)
c:/st/stm32cubeide_1.10.1/stm32cubeide/plugins/com.st.stm32cube.ide.mcu.externaltools.gnu-tools-for-stm32.10.3-2021.10.win32_1.0.0.202111181127/tools/bin/../lib/gcc/arm-none-eabi/10.3.1/../../../../arm-none-eabi/lib/thumb/v7-m/nofp\libc_nano.a(lib_a-sprintf.o)
                              ./Core/Src/main.o (sprintf)
c:/st/stm32cubeide_1.10.1/stm32cubeide/plugins/com.st.stm32cube.ide.mcu.externaltools.gnu-tools-for-stm32.10.3-2021.10.win32_1.0.0.202111181127/tools/bin/../lib/gcc/arm-none-eabi/10.3.1/../../../../arm-none-eabi/lib/thumb/v7-m/nofp\libc_nano.a(lib_a-nano-svfprintf.o)
                              c:/st/stm32cubeide_1.10.1/stm32cubeide/plugins/com.st.stm32cube.ide.mcu.externaltools.gnu-tools-for-stm32.10.3-2021.10.win32_1.0.0.202111181127/tools/bin/../lib/gcc/arm-none-eabi/10.3.1/../../../../arm-none-eabi/lib/thumb/v7-m/nofp\libc_nano.a(lib_a-sprintf.o) (_svfprintf_r)
c:/st/stm32cubeide_1.10.1/stm32cubeide/plugins/com.st.stm32cube.ide.mcu.externaltools.gnu-tools-for-stm32.10.3-2021.10.win32_1.0.0.202111181127/tools/bin/../lib/gcc/arm-none-eabi/10.3.1/../../../../arm-none-eabi/lib/thumb/v7-m/nofp\libc_nano.a(lib_a-nano-vfprintf_i.o)
                              c:/st/stm32cubeide_1.10.1/stm32cubeide/plugins/com.st.stm32cube.ide.mcu.externaltools.gnu-tools-for-stm32.10.3-2021.10.win32_1.0.0.202111181127/tools/bin/../lib/gcc/arm-none-eabi/10.3.1/../../../../arm-none-eabi/lib/thumb/v7-m/nofp\libc_nano.a(lib_a-nano-svfprintf.o) (_printf_i)
c:/st/stm32cubeide_1.10.1/stm32cubeide/plugins/com.st.stm32cube.ide.mcu.externaltools.gnu-tools-for-stm32.10.3-2021.10.win32_1.0.0.202111181127/tools/bin/../lib/gcc/arm-none-eabi/10.3.1/../../../../arm-none-eabi/lib/thumb/v7-m/nofp\libc_nano.a(lib_a-memchr-stub.o)
                              c:/st/stm32cubeide_1.10.1/stm32cubeide/plugins/com.st.stm32cube.ide.mcu.externaltools.gnu-tools-for-stm32.10.3-2021.10.win32_1.0.0.202111181127/tools/bin/../lib/gcc/arm-none-eabi/10.3.1/../../../../arm-none-eabi/lib/thumb/v7-m/nofp\libc_nano.a(lib_a-nano-svfprintf.o) (memchr)
[...]
Memory Configuration

Name             Origin             Length             Attributes
RAM              0x0000000020000000 0x0000000000005000 xrw
FLASH            0x0000000008000000 0x0000000000010000 xr
*default*        0x0000000000000000 0xffffffffffffffff

Linker script and memory map

LOAD c:/st/stm32cubeide_1.10.1/stm32cubeide/plugins/com.st.stm32cube.ide.mcu.externaltools.gnu-tools-for-stm32.10.3-2021.10.win32_1.0.0.202111181127/tools/bin/../lib/gcc/arm-none-eabi/10.3.1/thumb/v7-m/nofp/crti.o
LOAD c:/st/stm32cubeide_1.10.1/stm32cubeide/plugins/com.st.stm32cube.ide.mcu.externaltools.gnu-tools-for-stm32.10.3-2021.10.win32_1.0.0.202111181127/tools/bin/../lib/gcc/arm-none-eabi/10.3.1/thumb/v7-m/nofp/crtbegin.o
LOAD c:/st/stm32cubeide_1.10.1/stm32cubeide/plugins/com.st.stm32cube.ide.mcu.externaltools.gnu-tools-for-stm32.10.3-2021.10.win32_1.0.0.202111181127/tools/bin/../lib/gcc/arm-none-eabi/10.3.1/../../../../arm-none-eabi/lib/thumb/v7-m/nofp/crt0.o
LOAD ./Core/Src/adc.o
LOAD ./Core/Src/astro_targets.o
LOAD ./Core/Src/gpio.o
LOAD ./Core/Src/i2c.o
LOAD ./Core/Src/main.o
LOAD ./Core/Src/rotary_events.o
LOAD ./Core/Src/spi.o
LOAD ./Core/Src/stm32f1xx_hal_msp.o
LOAD ./Core/Src/stm32f1xx_it.o
LOAD ./Core/Src/syscalls.o
LOAD ./Core/Src/sysmem.o
LOAD ./Core/Src/system_stm32f1xx.o
LOAD ./Core/Startup/startup_stm32f103c8tx.o
LOAD ./Drivers/Display/Src/sh1106.o
LOAD ./Drivers/NRF24L01/Src/nrf24l01p.o
LOAD ./Drivers/STM32F1xx_HAL_Driver/Src/stm32f1xx_hal.o
LOAD ./Drivers/STM32F1xx_HAL_Driver/Src/stm32f1xx_hal_adc.o
LOAD ./Drivers/STM32F1xx_HAL_Driver/Src/stm32f1xx_hal_adc_ex.o
LOAD ./Drivers/STM32F1xx_HAL_Driver/Src/stm32f1xx_hal_cortex.o
LOAD ./Drivers/STM32F1xx_HAL_Driver/Src/stm32f1xx_hal_dma.o
LOAD ./Drivers/STM32F1xx_HAL_Driver/Src/stm32f1xx_hal_exti.o
LOAD ./Drivers/STM32F1xx_HAL_Driver/Src/stm32f1xx_hal_flash.o
LOAD ./Drivers/STM32F1xx_HAL_Driver/Src/stm32f1xx_hal_flash_ex.o
LOAD ./Drivers/STM32F1xx_HAL_Driver/Src/stm32f1xx_hal_gpio.o
LOAD ./Drivers/STM32F1xx_HAL_Driver/Src/stm32f1xx_hal_gpio_ex.o
LOAD ./Drivers/STM32F1xx_HAL_Driver/Src/stm32f1xx_hal_i2c.o
LOAD ./Drivers/STM32F1xx_HAL_Driver/Src/stm32f1xx_hal_pwr.o
LOAD ./Drivers/STM32F1xx_HAL_Driver/Src/stm32f1xx_hal_rcc.o
LOAD ./Drivers/STM32F1xx_HAL_Driver/Src/stm32f1xx_hal_rcc_ex.o
LOAD ./Drivers/STM32F1xx_HAL_Driver/Src/stm32f1xx_hal_spi.o
LOAD ./Drivers/STM32F1xx_HAL_Driver/Src/stm32f1xx_hal_tim.o
LOAD ./Drivers/STM32F1xx_HAL_Driver/Src/stm32f1xx_hal_tim_ex.o
START GROUP
LOAD c:/st/stm32cubeide_1.10.1/stm32cubeide/plugins/com.st.stm32cube.ide.mcu.externaltools.gnu-tools-for-stm32.10.3-2021.10.win32_1.0.0.202111181127/tools/bin/../lib/gcc/arm-none-eabi/10.3.1/../../../../arm-none-eabi/lib/thumb/v7-m/nofp\libc_nano.a
LOAD c:/st/stm32cubeide_1.10.1/stm32cubeide/plugins/com.st.stm32cube.ide.mcu.externaltools.gnu-tools-for-stm32.10.3-2021.10.win32_1.0.0.202111181127/tools/bin/../lib/gcc/arm-none-eabi/10.3.1/../../../../arm-none-eabi/lib/thumb/v7-m/nofp\libm.a
END GROUP
START GROUP
LOAD c:/st/stm32cubeide_1.10.1/stm32cubeide/plugins/com.st.stm32cube.ide.mcu.externaltools.gnu-tools-for-stm32.10.3-2021.10.win32_1.0.0.202111181127/tools/bin/../lib/gcc/arm-none-eabi/10.3.1/thumb/v7-m/nofp\libgcc.a
LOAD c:/st/stm32cubeide_1.10.1/stm32cubeide/plugins/com.st.stm32cube.ide.mcu.externaltools.gnu-tools-for-stm32.10.3-2021.10.win32_1.0.0.202111181127/tools/bin/../lib/gcc/arm-none-eabi/10.3.1/../../../../arm-none-eabi/lib/thumb/v7-m/nofp\libc_nano.a
END GROUP
START GROUP
LOAD c:/st/stm32cubeide_1.10.1/stm32cubeide/plugins/com.st.stm32cube.ide.mcu.externaltools.gnu-tools-for-stm32.10.3-2021.10.win32_1.0.0.202111181127/tools/bin/../lib/gcc/arm-none-eabi/10.3.1/thumb/v7-m/nofp\libgcc.a
LOAD c:/st/stm32cubeide_1.10.1/stm32cubeide/plugins/com.st.stm32cube.ide.mcu.externaltools.gnu-tools-for-stm32.10.3-2021.10.win32_1.0.0.202111181127/tools/bin/../lib/gcc/arm-none-eabi/10.3.1/../../../../arm-none-eabi/lib/thumb/v7-m/nofp\libc_nano.a
LOAD c:/st/stm32cubeide_1.10.1/stm32cubeide/plugins/com.st.stm32cube.ide.mcu.externaltools.gnu-tools-for-stm32.10.3-2021.10.win32_1.0.0.202111181127/tools/bin/../lib/gcc/arm-none-eabi/10.3.1/../../../../arm-none-eabi/lib/thumb/v7-m/nofp\libnosys.a
END GROUP
START GROUP
LOAD c:/st/stm32cubeide_1.10.1/stm32cubeide/plugins/com.st.stm32cube.ide.mcu.externaltools.gnu-tools-for-stm32.10.3-2021.10.win32_1.0.0.202111181127/tools/bin/../lib/gcc/arm-none-eabi/10.3.1/thumb/v7-m/nofp\libgcc.a
LOAD c:/st/stm32cubeide_1.10.1/stm32cubeide/plugins/com.st.stm32cube.ide.mcu.externaltools.gnu-tools-for-stm32.10.3-2021.10.win32_1.0.0.202111181127/tools/bin/../lib/gcc/arm-none-eabi/10.3.1/../../../../arm-none-eabi/lib/thumb/v7-m/nofp\libc_nano.a
LOAD c:/st/stm32cubeide_1.10.1/stm32cubeide/plugins/com.st.stm32cube.ide.mcu.externaltools.gnu-tools-for-stm32.10.3-2021.10.win32_1.0.0.202111181127/tools/bin/../lib/gcc/arm-none-eabi/10.3.1/../../../../arm-none-eabi/lib/thumb/v7-m/nofp\libnosys.a
END GROUP
LOAD c:/st/stm32cubeide_1.10.1/stm32cubeide/plugins/com.st.stm32cube.ide.mcu.externaltools.gnu-tools-for-stm32.10.3-2021.10.win32_1.0.0.202111181127/tools/bin/../lib/gcc/arm-none-eabi/10.3.1/thumb/v7-m/nofp/crtend.o
LOAD c:/st/stm32cubeide_1.10.1/stm32cubeide/plugins/com.st.stm32cube.ide.mcu.externaltools.gnu-tools-for-stm32.10.3-2021.10.win32_1.0.0.202111181127/tools/bin/../lib/gcc/arm-none-eabi/10.3.1/thumb/v7-m/nofp/crtn.o
                0x0000000020005000                _estack = (ORIGIN (RAM) + LENGTH (RAM))
                0x0000000000000200                _Min_Heap_Size = 0x200
                0x0000000000000400                _Min_Stack_Size = 0x400

.isr_vector     0x0000000008000000      0x10c
                0x0000000008000000                . = ALIGN (0x4)
 *(.isr_vector)
 .isr_vector    0x0000000008000000      0x10c ./Core/Startup/startup_stm32f103c8tx.o
                0x0000000008000000                g_pfnVectors
                0x000000000800010c                . = ALIGN (0x4)

.text           0x0000000008000110     0x733c
                0x0000000008000110                . = ALIGN (0x4)
 *(.text)
 .text          0x0000000008000110       0x40 c:/st/stm32cubeide_1.10.1/stm32cubeide/plugins/com.st.stm32cube.ide.mcu.externaltools.gnu-tools-for-stm32.10.3-2021.10.win32_1.0.0.202111181127/tools/bin/../lib/gcc/arm-none-eabi/10.3.1/thumb/v7-m/nofp/crtbegin.o
 .text          0x0000000008000150      0x378 c:/st/stm32cubeide_1.10.1/stm32cubeide/plugins/com.st.stm32cube.ide.mcu.externaltools.gnu-tools-for-stm32.10.3-2021.10.win32_1.0.0.202111181127/tools/bin/../lib/gcc/arm-none-eabi/10.3.1/thumb/v7-m/nofp\libgcc.a(_arm_addsubdf3.o)
                0x0000000008000150                __aeabi_drsub
                0x0000000008000158                __aeabi_dsub
                0x0000000008000158                __subdf3
                0x000000000800015c                __aeabi_dadd
                0x000000000800015c                __adddf3
                0x00000000080003d4                __floatunsidf
                0x00000000080003d4                __aeabi_ui2d
                0x00000000080003f4                __floatsidf
                0x00000000080003f4                __aeabi_i2d
                0x0000000008000418                __aeabi_f2d
                0x0000000008000418                __extendsfdf2
                0x000000000800045c                __floatundidf
                0x000000000800045c                __aeabi_ul2d
                0x000000000800046c                __floatdidf
                0x000000000800046c                __aeabi_l2d
 .text          0x00000000080004c8      0x424 c:/st/stm32cubeide_1.10.1/stm32cubeide/plugins/com.st.stm32cube.ide.mcu.externaltools.gnu-tools-for-stm32.10.3-2021.10.win32_1.0.0.202111181127/tools/bin/../lib/gcc/arm-none-eabi/10.3.1/thumb/v7-m/nofp\libgcc.a(_arm_muldivdf3.o)
                0x00000000080004c8                __aeabi_dmul
                0x00000000080004c8                __muldf3
                0x000000000800071c                __divdf3
                0x000000000800071c                __aeabi_ddiv
 .text          0x00000000080008ec      0x110 c:/st/stm32cubeide_1.10.1/stm32cubeide/plugins/com.st.stm32cube.ide.mcu.externaltools.gnu-tools-for-stm32.10.3-2021.10.win32_1.0.0.202111181127/tools/bin/../lib/gcc/arm-none-eabi/10.3.1/thumb/v7-m/nofp\libgcc.a(_arm_cmpdf2.o)
                0x00000000080008ec                __gtdf2
                0x00000000080008ec                __gedf2
                0x00000000080008f4                __ltdf2
                0x00000000080008f4                __ledf2
                0x00000000080008fc                __nedf2
                0x00000000080008fc                __eqdf2
                0x00000000080008fc                __cmpdf2
                0x0000000008000978                __aeabi_cdrcmple
                0x0000000008000988                __aeabi_cdcmpeq
                0x0000000008000988                __aeabi_cdcmple
                0x0000000008000998                __aeabi_dcmpeq
                0x00000000080009ac                __aeabi_dcmplt
                0x00000000080009c0                __aeabi_dcmple
                0x00000000080009d4                __aeabi_dcmpge
                0x00000000080009e8                __aeabi_dcmpgt
 .text          0x00000000080009fc       0x50 c:/st/stm32cubeide_1.10.1/stm32cubeide/plugins/com.st.stm32cube.ide.mcu.externaltools.gnu-tools-for-stm32.10.3-2021.10.win32_1.0.0.202111181127/tools/bin/../lib/gcc/arm-none-eabi/10.3.1/thumb/v7-m/nofp\libgcc.a(_arm_fixdfsi.o)
                0x00000000080009fc                __aeabi_d2iz
                0x00000000080009fc                __fixdfsi
 *(.text*)
 .text.MX_ADC1_Init
                0x0000000008000a4c       0x7c ./Core/Src/adc.o
                0x0000000008000a4c                MX_ADC1_Init
 .text.HAL_ADC_MspInit
                0x0000000008000ac8       0x78 ./Core/Src/adc.o
                0x0000000008000ac8                HAL_ADC_MspInit
 .text.astro_targets_init
                0x0000000008000b40       0xdc ./Core/Src/astro_targets.o
                0x0000000008000b40                astro_targets_init
 .text.astro_target_get
                0x0000000008000c1c       0x68 ./Core/Src/astro_targets.o
                0x0000000008000c1c                astro_target_get
 .text.MX_GPIO_Init
                0x0000000008000c84      0x150 ./Core/Src/gpio.o
                0x0000000008000c84                MX_GPIO_Init
 .text.MX_I2C2_Init
                0x0000000008000dd4       0x5c ./Core/Src/i2c.o
                0x0000000008000dd4                MX_I2C2_Init
 .text.HAL_I2C_MspInit
                0x0000000008000e30       0x80 ./Core/Src/i2c.o
                0x0000000008000e30                HAL_I2C_MspInit
 .text.main     0x0000000008000eb0      0x1d8 ./Core/Src/main.o
                0x0000000008000eb0                main
 .text.SystemClock_Config
                0x0000000008001088       0xb6 ./Core/Src/main.o
                0x0000000008001088                SystemClock_Config
 *fill*         0x000000000800113e        0x2 
 .text.nRF24_TX_ESB_setup
                0x0000000008001140       0x60 ./Core/Src/main.o
                0x0000000008001140                nRF24_TX_ESB_setup
 .text.send_data
                0x00000000080011a0       0x80 ./Core/Src/main.o
                0x00000000080011a0                send_data
 .text.handle_list_menu_changes
                0x0000000008001220       0x94 ./Core/Src/main.o
 .text.handle_settings_menu_changes
                0x00000000080012b4       0x5e ./Core/Src/main.o
 *fill*         0x0000000008001312        0x2 
 .text.handle_menu_list_arrow
                0x0000000008001314       0x4c ./Core/Src/main.o
 .text.main_menu_select_handler
                0x0000000008001360       0x94 ./Core/Src/main.o
 .text.target_menu_select_handler
                0x00000000080013f4       0x4c ./Core/Src/main.o
 .text.mode_menu_select_handler
                0x0000000008001440       0x28 ./Core/Src/main.o
 .text.handle_nav_menu_select
                0x0000000008001468       0x80 ./Core/Src/main.o
                0x0000000008001468                handle_nav_menu_select
 .text.handle_monitor_select
                0x00000000080014e8       0x24 ./Core/Src/main.o
                0x00000000080014e8                handle_monitor_select
 .text.handle_settings_select
                0x000000000800150c       0x48 ./Core/Src/main.o
                0x000000000800150c                handle_settings_select
 .text.load_list_menu_changes
                0x0000000008001554       0x80 ./Core/Src/main.o
                0x0000000008001554                load_list_menu_changes
 .text.show_declination
                0x00000000080015d4       0xcc ./Core/Src/main.o
 .text.show_right_ascension
                0x00000000080016a0       0x4c ./Core/Src/main.o
 .text.show_monitor
                0x00000000080016ec       0xac ./Core/Src/main.o
                0x00000000080016ec                show_monitor
 .text.show_main_menu
                0x0000000008001798       0x9c ./Core/Src/main.o
                0x0000000008001798                show_main_menu
 .text.show_target_menu
                0x0000000008001834       0xbc ./Core/Src/main.o
                0x0000000008001834                show_target_menu
 .text.show_mode_menu
                0x00000000080018f0       0x9c ./Core/Src/main.o
                0x00000000080018f0                show_mode_menu
 *fill*         0x000000000800198c        0x4 
 .text.show_settings_adjust
                0x0000000008001990      0x300 ./Core/Src/main.o
                0x0000000008001990                show_settings_adjust
 .text.load_settings_changes
                0x0000000008001c90      0x2a4 ./Core/Src/main.o
                0x0000000008001c90                load_settings_changes
 .text.Error_Handler
                0x0000000008001f34        0xa ./Core/Src/main.o
                0x0000000008001f34                Error_Handler
 *fill*         0x0000000008001f3e        0x2 
 .text.rotary_set_dir
                0x0000000008001f40       0x2c ./Core/Src/rotary_events.o
                0x0000000008001f40                rotary_set_dir
 .text.rotary_set_press
                0x0000000008001f6c       0x18 ./Core/Src/rotary_events.o
                0x0000000008001f6c                rotary_set_press
 .text.rotary_pop_dir
                0x0000000008001f84       0x38 ./Core/Src/rotary_events.o
                0x0000000008001f84                rotary_pop_dir
 .text.rotary_pop_press
                0x0000000008001fbc       0x34 ./Core/Src/rotary_events.o
                0x0000000008001fbc                rotary_pop_press
 .text.rotary_peek_dir
                0x0000000008001ff0       0x18 ./Core/Src/rotary_events.o
                0x0000000008001ff0                rotary_peek_dir
 .text.rotary_peek_press
                0x0000000008002008       0x18 ./Core/Src/rotary_events.o
                0x0000000008002008                rotary_peek_press
 .text.MX_SPI2_Init
                0x0000000008002020       0x6c ./Core/Src/spi.o
                0x0000000008002020                MX_SPI2_Init
 .text.HAL_SPI_MspInit
                0x000000000800208c       0x98 ./Core/Src/spi.o
                0x000000000800208c                HAL_SPI_MspInit
 .text.HAL_MspInit
                0x0000000008002124       0x64 ./Core/Src/stm32f1xx_hal_msp.o
                0x0000000008002124                HAL_MspInit
 .text.NMI_Handler
                0x0000000008002188        0x6 ./Core/Src/stm32f1xx_it.o
                0x0000000008002188                NMI_Handler
 .text.HardFault_Handler
                0x000000000800218e        0x6 ./Core/Src/stm32f1xx_it.o
                0x000000000800218e                HardFault_Handler
 .text.MemManage_Handler
                0x0000000008002194        0x6 ./Core/Src/stm32f1xx_it.o
                0x0000000008002194                MemManage_Handler
 .text.BusFault_Handler
                0x000000000800219a        0x6 ./Core/Src/stm32f1xx_it.o
                0x000000000800219a                BusFault_Handler
 .text.UsageFault_Handler
                0x00000000080021a0        0x6 ./Core/Src/stm32f1xx_it.o
                0x00000000080021a0                UsageFault_Handler
 .text.SVC_Handler
                0x00000000080021a6        0xc ./Core/Src/stm32f1xx_it.o
                0x00000000080021a6                SVC_Handler
 .text.DebugMon_Handler
                0x00000000080021b2        0xc ./Core/Src/stm32f1xx_it.o
                0x00000000080021b2                DebugMon_Handler
 .text.PendSV_Handler
                0x00000000080021be        0xc ./Core/Src/stm32f1xx_it.o
                0x00000000080021be                PendSV_Handler
 .text.SysTick_Handler
                0x00000000080021ca        0xc ./Core/Src/stm32f1xx_it.o
                0x00000000080021ca                SysTick_Handler
 .text.EXTI9_5_IRQHandler
                0x00000000080021d6       0x14 ./Core/Src/stm32f1xx_it.o
                0x00000000080021d6                EXTI9_5_IRQHandler
 .text.EXTI15_10_IRQHandler
                0x00000000080021ea       0x14 ./Core/Src/stm32f1xx_it.o
                0x00000000080021ea                EXTI15_10_IRQHandler
 *fill*         0x00000000080021fe        0x2 
 .text._sbrk    0x0000000008002200       0x6c ./Core/Src/sysmem.o
                0x0000000008002200                _sbrk
 .text.SystemInit
                0x000000000800226c        0xc ./Core/Src/system_stm32f1xx.o
                0x000000000800226c                SystemInit
 .text.Reset_Handler
                0x0000000008002278       0x48 ./Core/Startup/startup_stm32f103c8tx.o
                0x0000000008002278                Reset_Handler
 .text.Default_Handler
                0x00000000080022c0        0x2 ./Core/Startup/startup_stm32f103c8tx.o
                0x00000000080022c0                RTC_Alarm_IRQHandler
                0x00000000080022c0                EXTI2_IRQHandler
                0x00000000080022c0                TIM1_CC_IRQHandler
                0x00000000080022c0                PVD_IRQHandler
                0x00000000080022c0                EXTI3_IRQHandler
                0x00000000080022c0                EXTI0_IRQHandler
                0x00000000080022c0                I2C2_EV_IRQHandler
                0x00000000080022c0                ADC1_2_IRQHandler
                0x00000000080022c0                SPI1_IRQHandler
                0x00000000080022c0                TAMPER_IRQHandler
                0x00000000080022c0                DMA1_Channel4_IRQHandler
                0x00000000080022c0                USART3_IRQHandler
                0x00000000080022c0                RTC_IRQHandler
                0x00000000080022c0                DMA1_Channel7_IRQHandler
                0x00000000080022c0                CAN1_RX1_IRQHandler
                0x00000000080022c0                TIM4_IRQHandler
                0x00000000080022c0                I2C1_EV_IRQHandler
                0x00000000080022c0                DMA1_Channel6_IRQHandler
                0x00000000080022c0                TIM3_IRQHandler
                0x00000000080022c0                RCC_IRQHandler
                0x00000000080022c0                TIM1_TRG_COM_IRQHandler
                0x00000000080022c0                DMA1_Channel1_IRQHandler
                0x00000000080022c0                Default_Handler
                0x00000000080022c0                SPI2_IRQHandler
                0x00000000080022c0                DMA1_Channel5_IRQHandler
                0x00000000080022c0                EXTI4_IRQHandler
                0x00000000080022c0                USB_LP_CAN1_RX0_IRQHandler
                0x00000000080022c0                USB_HP_CAN1_TX_IRQHandler
                0x00000000080022c0                DMA1_Channel3_IRQHandler
                0x00000000080022c0                TIM1_UP_IRQHandler
                0x00000000080022c0                WWDG_IRQHandler
                0x00000000080022c0                TIM2_IRQHandler
                0x00000000080022c0                TIM1_BRK_IRQHandler
                0x00000000080022c0                EXTI1_IRQHandler
                0x00000000080022c0                USART2_IRQHandler
                0x00000000080022c0                I2C2_ER_IRQHandler
                0x00000000080022c0                DMA1_Channel2_IRQHandler
                0x00000000080022c0                CAN1_SCE_IRQHandler
                0x00000000080022c0                FLASH_IRQHandler
                0x00000000080022c0                USART1_IRQHandler
                0x00000000080022c0                I2C1_ER_IRQHandler
                0x00000000080022c0                USBWakeUp_IRQHandler
 *fill*         0x00000000080022c2        0x2 
 .text.SH1106_cmd
                0x00000000080022c4       0x30 ./Drivers/Display/Src/sh1106.o
 .text.SH1106_data
                0x00000000080022f4       0x2c ./Drivers/Display/Src/sh1106.o
 .text.SH1106_Init
                0x0000000008002320       0xbc ./Drivers/Display/Src/sh1106.o
                0x0000000008002320                SH1106_Init
 .text.SH1106_setAllPixelsOn
                0x00000000080023dc       0x24 ./Drivers/Display/Src/sh1106.o
                0x00000000080023dc                SH1106_setAllPixelsOn
 .text.SH1106_clear
                0x0000000008002400       0x44 ./Drivers/Display/Src/sh1106.o
                0x0000000008002400                SH1106_clear
 .text.SH1106_flush
                0x0000000008002444       0x68 ./Drivers/Display/Src/sh1106.o
                0x0000000008002444                SH1106_flush
 .text.SH1106_cleanInit
                0x00000000080024ac       0x22 ./Drivers/Display/Src/sh1106.o
                0x00000000080024ac                SH1106_cleanInit
 *fill*         0x00000000080024ce        0x2 
 .text.SH1106_pixel
                0x00000000080024d0       0xbc ./Drivers/Display/Src/sh1106.o
                0x00000000080024d0                SH1106_pixel
 .text.SH1106_drawHLineInt
                0x000000000800258c       0xb0 ./Drivers/Display/Src/sh1106.o
 .text.SH1106_drawVLineInt
                0x000000000800263c      0x1a8 ./Drivers/Display/Src/sh1106.o
 .text.SH1106_drawHLine
                0x00000000080027e4       0x74 ./Drivers/Display/Src/sh1106.o
                0x00000000080027e4                SH1106_drawHLine
 .text.SH1106_drawVLine
                0x0000000008002858       0x74 ./Drivers/Display/Src/sh1106.o
                0x0000000008002858                SH1106_drawVLine
 .text.SH1106_drawLine
                0x00000000080028cc      0x1a4 ./Drivers/Display/Src/sh1106.o
                0x00000000080028cc                SH1106_drawLine
 .text.SH1106_drawCircle
                0x0000000008002a70      0x324 ./Drivers/Display/Src/sh1106.o
                0x0000000008002a70                SH1106_drawCircle
 .text.SH1106_printChar
                0x0000000008002d94      0x240 ./Drivers/Display/Src/sh1106.o
                0x0000000008002d94                SH1106_printChar
 .text.SH1106_printStr
                0x0000000008002fd4       0x7c ./Drivers/Display/Src/sh1106.o
                0x0000000008002fd4                SH1106_printStr
 .text.SH1106_printInt
                0x0000000008003050       0xd4 ./Drivers/Display/Src/sh1106.o
                0x0000000008003050                SH1106_printInt
 .text.SH1106_drawBitmap
                0x0000000008003124       0xb4 ./Drivers/Display/Src/sh1106.o
                0x0000000008003124                SH1106_drawBitmap
 .text.SH1106_drawBitmapFullscreen
                0x00000000080031d8       0x28 ./Drivers/Display/Src/sh1106.o
                0x00000000080031d8                SH1106_drawBitmapFullscreen
 .text.nRF24_CSN_L
                0x0000000008003200       0x18 ./Drivers/NRF24L01/Src/nrf24l01p.o
 .text.nRF24_CSN_H
                0x0000000008003218       0x18 ./Drivers/NRF24L01/Src/nrf24l01p.o
 .text.nRF24_LL_RW
                0x0000000008003230       0x34 ./Drivers/NRF24L01/Src/nrf24l01p.o
 .text.nRF24_ReadReg
                0x0000000008003264       0x34 ./Drivers/NRF24L01/Src/nrf24l01p.o
 .text.nRF24_WriteReg
                0x0000000008003298       0x70 ./Drivers/NRF24L01/Src/nrf24l01p.o
 .text.nRF24_ReadMBReg
                0x0000000008003308       0x44 ./Drivers/NRF24L01/Src/nrf24l01p.o
 .text.nRF24_WriteMBReg
                0x000000000800334c       0x42 ./Drivers/NRF24L01/Src/nrf24l01p.o
 *fill*         0x000000000800338e        0x2 
 .text.nRF24_Check
                0x0000000008003390       0x5c ./Drivers/NRF24L01/Src/nrf24l01p.o
                0x0000000008003390                nRF24_Check
 .text.nRF24_SetPowerMode
                0x00000000080033ec       0x3e ./Drivers/NRF24L01/Src/nrf24l01p.o
                0x00000000080033ec                nRF24_SetPowerMode
 .text.nRF24_SetOperationalMode
                0x000000000800342a       0x42 ./Drivers/NRF24L01/Src/nrf24l01p.o
                0x000000000800342a                nRF24_SetOperationalMode
 .text.nRF24_SetDynamicPayloadLength
                0x000000000800346c       0x54 ./Drivers/NRF24L01/Src/nrf24l01p.o
                0x000000000800346c                nRF24_SetDynamicPayloadLength
 .text.nRF24_SetCRCScheme
                0x00000000080034c0       0x42 ./Drivers/NRF24L01/Src/nrf24l01p.o
                0x00000000080034c0                nRF24_SetCRCScheme
 .text.nRF24_SetRFChannel
                0x0000000008003502       0x1c ./Drivers/NRF24L01/Src/nrf24l01p.o
                0x0000000008003502                nRF24_SetRFChannel
 .text.nRF24_SetAutoRetr
                0x000000000800351e       0x36 ./Drivers/NRF24L01/Src/nrf24l01p.o
                0x000000000800351e                nRF24_SetAutoRetr
 .text.nRF24_SetAddrWidth
                0x0000000008003554       0x1c ./Drivers/NRF24L01/Src/nrf24l01p.o
                0x0000000008003554                nRF24_SetAddrWidth
 .text.nRF24_SetAddr
                0x0000000008003570       0x94 ./Drivers/NRF24L01/Src/nrf24l01p.o
                0x0000000008003570                nRF24_SetAddr
 .text.nRF24_SetTXPower
                0x0000000008003604       0x36 ./Drivers/NRF24L01/Src/nrf24l01p.o
                0x0000000008003604                nRF24_SetTXPower
 .text.nRF24_SetDataRate
                0x000000000800363a       0x36 ./Drivers/NRF24L01/Src/nrf24l01p.o
                0x000000000800363a                nRF24_SetDataRate
 .text.nRF24_EnableAA
                0x0000000008003670       0x3a ./Drivers/NRF24L01/Src/nrf24l01p.o
                0x0000000008003670                nRF24_EnableAA
 .text.nRF24_GetStatus
                0x00000000080036aa       0x10 ./Drivers/NRF24L01/Src/nrf24l01p.o
                0x00000000080036aa                nRF24_GetStatus
 .text.nRF24_GetRetransmitCounters
                0x00000000080036ba       0x10 ./Drivers/NRF24L01/Src/nrf24l01p.o
                0x00000000080036ba                nRF24_GetRetransmitCounters
 .text.nRF24_ResetPLOS
                0x00000000080036ca       0x22 ./Drivers/NRF24L01/Src/nrf24l01p.o
                0x00000000080036ca                nRF24_ResetPLOS
 .text.nRF24_FlushTX
                0x00000000080036ec       0x10 ./Drivers/NRF24L01/Src/nrf24l01p.o
                0x00000000080036ec                nRF24_FlushTX
 .text.nRF24_ClearIRQFlags
                0x00000000080036fc       0x2a ./Drivers/NRF24L01/Src/nrf24l01p.o
                0x00000000080036fc                nRF24_ClearIRQFlags
 .text.nRF24_WritePayload
                0x0000000008003726       0x20 ./Drivers/NRF24L01/Src/nrf24l01p.o
                0x0000000008003726                nRF24_WritePayload
 *fill*         0x0000000008003746        0x2 
 .text.nRF24_TransmitPacket
                0x0000000008003748       0x78 ./Drivers/NRF24L01/Src/nrf24l01p.o
                0x0000000008003748                nRF24_TransmitPacket
 .text.HAL_Init
                0x00000000080037c0       0x2c ./Drivers/STM32F1xx_HAL_Driver/Src/stm32f1xx_hal.o
                0x00000000080037c0                HAL_Init
 .text.HAL_InitTick
                0x00000000080037ec       0x60 ./Drivers/STM32F1xx_HAL_Driver/Src/stm32f1xx_hal.o
                0x00000000080037ec                HAL_InitTick
 .text.HAL_IncTick
                0x000000000800384c       0x24 ./Drivers/STM32F1xx_HAL_Driver/Src/stm32f1xx_hal.o
                0x000000000800384c                HAL_IncTick
 .text.HAL_GetTick
                0x0000000008003870       0x14 ./Drivers/STM32F1xx_HAL_Driver/Src/stm32f1xx_hal.o
                0x0000000008003870                HAL_GetTick
 .text.HAL_Delay
                0x0000000008003884       0x48 ./Drivers/STM32F1xx_HAL_Driver/Src/stm32f1xx_hal.o
                0x0000000008003884                HAL_Delay
 .text.HAL_ADC_Init
                0x00000000080038cc      0x1b0 ./Drivers/STM32F1xx_HAL_Driver/Src/stm32f1xx_hal_adc.o
                0x00000000080038cc                HAL_ADC_Init
 .text.HAL_ADC_ConfigChannel
                0x0000000008003a7c      0x1f0 ./Drivers/STM32F1xx_HAL_Driver/Src/stm32f1xx_hal_adc.o
                0x0000000008003a7c                HAL_ADC_ConfigChannel
 .text.ADC_ConversionStop_Disable
                0x0000000008003c6c       0x82 ./Drivers/STM32F1xx_HAL_Driver/Src/stm32f1xx_hal_adc.o
                0x0000000008003c6c                ADC_ConversionStop_Disable
 *fill*         0x0000000008003cee        0x2 
 .text.__NVIC_SetPriorityGrouping
                0x0000000008003cf0       0x48 ./Drivers/STM32F1xx_HAL_Driver/Src/stm32f1xx_hal_cortex.o
 .text.__NVIC_GetPriorityGrouping
                0x0000000008003d38       0x1c ./Drivers/STM32F1xx_HAL_Driver/Src/stm32f1xx_hal_cortex.o
 .text.__NVIC_EnableIRQ
                0x0000000008003d54       0x38 ./Drivers/STM32F1xx_HAL_Driver/Src/stm32f1xx_hal_cortex.o
 .text.__NVIC_SetPriority
                0x0000000008003d8c       0x54 ./Drivers/STM32F1xx_HAL_Driver/Src/stm32f1xx_hal_cortex.o
 .text.NVIC_EncodePriority
                0x0000000008003de0       0x64 ./Drivers/STM32F1xx_HAL_Driver/Src/stm32f1xx_hal_cortex.o
 .text.SysTick_Config
                0x0000000008003e44       0x44 ./Drivers/STM32F1xx_HAL_Driver/Src/stm32f1xx_hal_cortex.o
 .text.HAL_NVIC_SetPriorityGrouping
                0x0000000008003e88       0x16 ./Drivers/STM32F1xx_HAL_Driver/Src/stm32f1xx_hal_cortex.o
                0x0000000008003e88                HAL_NVIC_SetPriorityGrouping
 .text.HAL_NVIC_SetPriority
                0x0000000008003e9e       0x38 ./Drivers/STM32F1xx_HAL_Driver/Src/stm32f1xx_hal_cortex.o
                0x0000000008003e9e                HAL_NVIC_SetPriority
 .text.HAL_NVIC_EnableIRQ
                0x0000000008003ed6       0x1c ./Drivers/STM32F1xx_HAL_Driver/Src/stm32f1xx_hal_cortex.o
                0x0000000008003ed6                HAL_NVIC_EnableIRQ
 .text.HAL_SYSTICK_Config
                0x0000000008003ef2       0x18 ./Drivers/STM32F1xx_HAL_Driver/Src/stm32f1xx_hal_cortex.o
                0x0000000008003ef2                HAL_SYSTICK_Config
 *fill*         0x0000000008003f0a        0x2 
 .text.HAL_GPIO_Init
                0x0000000008003f0c      0x308 ./Drivers/STM32F1xx_HAL_Driver/Src/stm32f1xx_hal_gpio.o
                0x0000000008003f0c                HAL_GPIO_Init
 .text.HAL_GPIO_ReadPin
                0x0000000008004214       0x2e ./Drivers/STM32F1xx_HAL_Driver/Src/stm32f1xx_hal_gpio.o
                0x0000000008004214                HAL_GPIO_ReadPin
 .text.HAL_GPIO_WritePin
                0x0000000008004242       0x30 ./Drivers/STM32F1xx_HAL_Driver/Src/stm32f1xx_hal_gpio.o
                0x0000000008004242                HAL_GPIO_WritePin
 *fill*         0x0000000008004272        0x2 
 .text.HAL_GPIO_EXTI_IRQHandler
                0x0000000008004274       0x30 ./Drivers/STM32F1xx_HAL_Driver/Src/stm32f1xx_hal_gpio.o
                0x0000000008004274                HAL_GPIO_EXTI_IRQHandler
 .text.HAL_GPIO_EXTI_Callback
                0x00000000080042a4       0x14 ./Drivers/STM32F1xx_HAL_Driver/Src/stm32f1xx_hal_gpio.o
                0x00000000080042a4                HAL_GPIO_EXTI_Callback
 .text.HAL_I2C_Init
                0x00000000080042b8      0x288 ./Drivers/STM32F1xx_HAL_Driver/Src/stm32f1xx_hal_i2c.o
                0x00000000080042b8                HAL_I2C_Init
 .text.HAL_I2C_Master_Transmit
                0x0000000008004540      0x1fc ./Drivers/STM32F1xx_HAL_Driver/Src/stm32f1xx_hal_i2c.o
                0x0000000008004540                HAL_I2C_Master_Transmit
 .text.I2C_MasterRequestWrite
                0x000000000800473c      0x104 ./Drivers/STM32F1xx_HAL_Driver/Src/stm32f1xx_hal_i2c.o
 .text.I2C_WaitOnFlagUntilTimeout
                0x0000000008004840       0xae ./Drivers/STM32F1xx_HAL_Driver/Src/stm32f1xx_hal_i2c.o
 .text.I2C_WaitOnMasterAddressFlagUntilTimeout
                0x00000000080048ee       0xfe ./Drivers/STM32F1xx_HAL_Driver/Src/stm32f1xx_hal_i2c.o
 .text.I2C_WaitOnTXEFlagUntilTimeout
                0x00000000080049ec       0x82 ./Drivers/STM32F1xx_HAL_Driver/Src/stm32f1xx_hal_i2c.o
 .text.I2C_WaitOnBTFFlagUntilTimeout
                0x0000000008004a6e       0x82 ./Drivers/STM32F1xx_HAL_Driver/Src/stm32f1xx_hal_i2c.o
 .text.I2C_IsAcknowledgeFailed
                0x0000000008004af0       0x5c ./Drivers/STM32F1xx_HAL_Driver/Src/stm32f1xx_hal_i2c.o
 .text.HAL_RCC_OscConfig
                0x0000000008004b4c      0x504 ./Drivers/STM32F1xx_HAL_Driver/Src/stm32f1xx_hal_rcc.o
                0x0000000008004b4c                HAL_RCC_OscConfig
 .text.HAL_RCC_ClockConfig
                0x0000000008005050      0x1d4 ./Drivers/STM32F1xx_HAL_Driver/Src/stm32f1xx_hal_rcc.o
                0x0000000008005050                HAL_RCC_ClockConfig
 .text.HAL_RCC_GetSysClockFreq
                0x0000000008005224       0xbc ./Drivers/STM32F1xx_HAL_Driver/Src/stm32f1xx_hal_rcc.o
                0x0000000008005224                HAL_RCC_GetSysClockFreq
 .text.HAL_RCC_GetHCLKFreq
                0x00000000080052e0       0x14 ./Drivers/STM32F1xx_HAL_Driver/Src/stm32f1xx_hal_rcc.o
                0x00000000080052e0                HAL_RCC_GetHCLKFreq
 .text.HAL_RCC_GetPCLK1Freq
                0x00000000080052f4       0x28 ./Drivers/STM32F1xx_HAL_Driver/Src/stm32f1xx_hal_rcc.o
                0x00000000080052f4                HAL_RCC_GetPCLK1Freq
 .text.RCC_Delay
                0x000000000800531c       0x3c ./Drivers/STM32F1xx_HAL_Driver/Src/stm32f1xx_hal_rcc.o
 .text.HAL_RCCEx_PeriphCLKConfig
                0x0000000008005358      0x16c ./Drivers/STM32F1xx_HAL_Driver/Src/stm32f1xx_hal_rcc_ex.o
                0x0000000008005358                HAL_RCCEx_PeriphCLKConfig
 .text.HAL_SPI_Init
                0x00000000080054c4      0x108 ./Drivers/STM32F1xx_HAL_Driver/Src/stm32f1xx_hal_spi.o
                0x00000000080054c4                HAL_SPI_Init
 .text.HAL_SPI_TransmitReceive
                0x00000000080055cc      0x344 ./Drivers/STM32F1xx_HAL_Driver/Src/stm32f1xx_hal_spi.o
                0x00000000080055cc                HAL_SPI_TransmitReceive
 .text.SPI_WaitFlagStateUntilTimeout
                0x0000000008005910      0x110 ./Drivers/STM32F1xx_HAL_Driver/Src/stm32f1xx_hal_spi.o
 .text.SPI_EndRxTxTransaction
                0x0000000008005a20       0x3c ./Drivers/STM32F1xx_HAL_Driver/Src/stm32f1xx_hal_spi.o
 .text.__errno  0x0000000008005a5c        0xc c:/st/stm32cubeide_1.10.1/stm32cubeide/plugins/com.st.stm32cube.ide.mcu.externaltools.gnu-tools-for-stm32.10.3-2021.10.win32_1.0.0.202111181127/tools/bin/../lib/gcc/arm-none-eabi/10.3.1/../../../../arm-none-eabi/lib/thumb/v7-m/nofp\libc_nano.a(lib_a-errno.o)
                0x0000000008005a5c                __errno
 .text.__libc_init_array
                0x0000000008005a68       0x48 c:/st/stm32cubeide_1.10.1/stm32cubeide/plugins/com.st.stm32cube.ide.mcu.externaltools.gnu-tools-for-stm32.10.3-2021.10.win32_1.0.0.202111181127/tools/bin/../lib/gcc/arm-none-eabi/10.3.1/../../../../arm-none-eabi/lib/thumb/v7-m/nofp\libc_nano.a(lib_a-init.o)
                0x0000000008005a68                __libc_init_array
 .text.memcpy   0x0000000008005ab0       0x1c c:/st/stm32cubeide_1.10.1/stm32cubeide/plugins/com.st.stm32cube.ide.mcu.externaltools.gnu-tools-for-stm32.10.3-2021.10.win32_1.0.0.202111181127/tools/bin/../lib/gcc/arm-none-eabi/10.3.1/../../../../arm-none-eabi/lib/thumb/v7-m/nofp\libc_nano.a(lib_a-memcpy-stub.o)
                0x0000000008005ab0                memcpy
 .text.memset   0x0000000008005acc       0x10 c:/st/stm32cubeide_1.10.1/stm32cubeide/plugins/com.st.stm32cube.ide.mcu.externaltools.gnu-tools-for-stm32.10.3-2021.10.win32_1.0.0.202111181127/tools/bin/../lib/gcc/arm-none-eabi/10.3.1/../../../../arm-none-eabi/lib/thumb/v7-m/nofp\libc_nano.a(lib_a-memset.o)
                0x0000000008005acc                memset
 .text.sprintf  0x0000000008005adc       0x40 c:/st/stm32cubeide_1.10.1/stm32cubeide/plugins/com.st.stm32cube.ide.mcu.externaltools.gnu-tools-for-stm32.10.3-2021.10.win32_1.0.0.202111181127/tools/bin/../lib/gcc/arm-none-eabi/10.3.1/../../../../arm-none-eabi/lib/thumb/v7-m/nofp\libc_nano.a(lib_a-sprintf.o)
                0x0000000008005adc                siprintf
                0x0000000008005adc                sprintf
 .text.__ssputs_r
                0x0000000008005b1c       0xb6 c:/st/stm32cubeide_1.10.1/stm32cubeide/plugins/com.st.stm32cube.ide.mcu.externaltools.gnu-tools-for-stm32.10.3-2021.10.win32_1.0.0.202111181127/tools/bin/../lib/gcc/arm-none-eabi/10.3.1/../../../../arm-none-eabi/lib/thumb/v7-m/nofp\libc_nano.a(lib_a-nano-svfprintf.o)
                0x0000000008005b1c                __ssputs_r
 *fill*         0x0000000008005bd2        0x2 
 .text._svfprintf_r
                0x0000000008005bd4      0x200 c:/st/stm32cubeide_1.10.1/stm32cubeide/plugins/com.st.stm32cube.ide.mcu.externaltools.gnu-tools-for-stm32.10.3-2021.10.win32_1.0.0.202111181127/tools/bin/../lib/gcc/arm-none-eabi/10.3.1/../../../../arm-none-eabi/lib/thumb/v7-m/nofp\libc_nano.a(lib_a-nano-svfprintf.o)
                0x0000000008005bd4                _svfiprintf_r
                0x0000000008005bd4                _svfprintf_r
 .text._printf_common
                0x0000000008005dd4       0xde c:/st/stm32cubeide_1.10.1/stm32cubeide/plugins/com.st.stm32cube.ide.mcu.externaltools.gnu-tools-for-stm32.10.3-2021.10.win32_1.0.0.202111181127/tools/bin/../lib/gcc/arm-none-eabi/10.3.1/../../../../arm-none-eabi/lib/thumb/v7-m/nofp\libc_nano.a(lib_a-nano-vfprintf_i.o)
                0x0000000008005dd4                _printf_common
 *fill*         0x0000000008005eb2        0x2 
 .text._printf_i
                0x0000000008005eb4      0x24c c:/st/stm32cubeide_1.10.1/stm32cubeide/plugins/com.st.stm32cube.ide.mcu.externaltools.gnu-tools-for-stm32.10.3-2021.10.win32_1.0.0.202111181127/tools/bin/../lib/gcc/arm-none-eabi/10.3.1/../../../../arm-none-eabi/lib/thumb/v7-m/nofp\libc_nano.a(lib_a-nano-vfprintf_i.o)
                0x0000000008005eb4                _printf_i
 .text.memchr   0x0000000008006100       0x1c c:/st/stm32cubeide_1.10.1/stm32cubeide/plugins/com.st.stm32cube.ide.mcu.externaltools.gnu-tools-for-stm32.10.3-2021.10.win32_1.0.0.202111181127/tools/bin/../lib/gcc/arm-none-eabi/10.3.1/../../../../arm-none-eabi/lib/thumb/v7-m/nofp\libc_nano.a(lib_a-memchr-stub.o)
                0x0000000008006100                memchr
 .text.memmove  0x000000000800611c       0x34 c:/st/stm32cubeide_1.10.1/stm32cubeide/plugins/com.st.stm32cube.ide.mcu.externaltools.gnu-tools-for-stm32.10.3-2021.10.win32_1.0.0.202111181127/tools/bin/../lib/gcc/arm-none-eabi/10.3.1/../../../../arm-none-eabi/lib/thumb/v7-m/nofp\libc_nano.a(lib_a-memmove.o)
                0x000000000800611c                memmove
 .text._free_r  0x0000000008006150       0x90 c:/st/stm32cubeide_1.10.1/stm32cubeide/plugins/com.st.stm32cube.ide.mcu.externaltools.gnu-tools-for-stm32.10.3-2021.10.win32_1.0.0.202111181127/tools/bin/../lib/gcc/arm-none-eabi/10.3.1/../../../../arm-none-eabi/lib/thumb/v7-m/nofp\libc_nano.a(lib_a-nano-freer.o)
                0x0000000008006150                _free_r
 .text.sbrk_aligned
                0x00000000080061e0       0x40 c:/st/stm32cubeide_1.10.1/stm32cubeide/plugins/com.st.stm32cube.ide.mcu.externaltools.gnu-tools-for-stm32.10.3-2021.10.win32_1.0.0.202111181127/tools/bin/../lib/gcc/arm-none-eabi/10.3.1/../../../../arm-none-eabi/lib/thumb/v7-m/nofp\libc_nano.a(lib_a-nano-mallocr.o)
 .text._malloc_r
                0x0000000008006220       0xe8 c:/st/stm32cubeide_1.10.1/stm32cubeide/plugins/com.st.stm32cube.ide.mcu.externaltools.gnu-tools-for-stm32.10.3-2021.10.win32_1.0.0.202111181127/tools/bin/../lib/gcc/arm-none-eabi/10.3.1/../../../../arm-none-eabi/lib/thumb/v7-m/nofp\libc_nano.a(lib_a-nano-mallocr.o)
                0x0000000008006220                _malloc_r
 .text._realloc_r
                0x0000000008006308       0x5e c:/st/stm32cubeide_1.10.1/stm32cubeide/plugins/com.st.stm32cube.ide.mcu.externaltools.gnu-tools-for-stm32.10.3-2021.10.win32_1.0.0.202111181127/tools/bin/../lib/gcc/arm-none-eabi/10.3.1/../../../../arm-none-eabi/lib/thumb/v7-m/nofp\libc_nano.a(lib_a-nano-reallocr.o)
                0x0000000008006308                _realloc_r
 *fill*         0x0000000008006366        0x2 
 .text._sbrk_r  0x0000000008006368       0x20 c:/st/stm32cubeide_1.10.1/stm32cubeide/plugins/com.st.stm32cube.ide.mcu.externaltools.gnu-tools-for-stm32.10.3-2021.10.win32_1.0.0.202111181127/tools/bin/../lib/gcc/arm-none-eabi/10.3.1/../../../../arm-none-eabi/lib/thumb/v7-m/nofp\libc_nano.a(lib_a-sbrkr.o)
                0x0000000008006368                _sbrk_r
 .text.__malloc_lock
                0x0000000008006388        0xc c:/st/stm32cubeide_1.10.1/stm32cubeide/plugins/com.st.stm32cube.ide.mcu.externaltools.gnu-tools-for-stm32.10.3-2021.10.win32_1.0.0.202111181127/tools/bin/../lib/gcc/arm-none-eabi/10.3.1/../../../../arm-none-eabi/lib/thumb/v7-m/nofp\libc_nano.a(lib_a-mlock.o)
                0x0000000008006388                __malloc_lock
 .text.__malloc_unlock
                0x0000000008006394        0xc c:/st/stm32cubeide_1.10.1/stm32cubeide/plugins/com.st.stm32cube.ide.mcu.externaltools.gnu-tools-for-stm32.10.3-2021.10.win32_1.0.0.202111181127/tools/bin/../lib/gcc/arm-none-eabi/10.3.1/../../../../arm-none-eabi/lib/thumb/v7-m/nofp\libc_nano.a(lib_a-mlock.o)
                0x0000000008006394                __malloc_unlock
 .text._malloc_usable_size_r
                0x00000000080063a0       0x10 c:/st/stm32cubeide_1.10.1/stm32cubeide/plugins/com.st.stm32cube.ide.mcu.externaltools.gnu-tools-for-stm32.10.3-2021.10.win32_1.0.0.202111181127/tools/bin/../lib/gcc/arm-none-eabi/10.3.1/../../../../arm-none-eabi/lib/thumb/v7-m/nofp\libc_nano.a(lib_a-nano-msizer.o)
                0x00000000080063a0                _malloc_usable_size_r
 .text.__retarget_lock_acquire_recursive
                0x00000000080063b0        0x2 c:/st/stm32cubeide_1.10.1/stm32cubeide/plugins/com.st.stm32cube.ide.mcu.externaltools.gnu-tools-for-stm32.10.3-2021.10.win32_1.0.0.202111181127/tools/bin/../lib/gcc/arm-none-eabi/10.3.1/../../../../arm-none-eabi/lib/thumb/v7-m/nofp\libc_nano.a(lib_a-lock.o)
                0x00000000080063b0                __retarget_lock_acquire_recursive
 .text.__retarget_lock_release_recursive
                0x00000000080063b2        0x2 c:/st/stm32cubeide_1.10.1/stm32cubeide/plugins/com.st.stm32cube.ide.mcu.externaltools.gnu-tools-for-stm32.10.3-2021.10.win32_1.0.0.202111181127/tools/bin/../lib/gcc/arm-none-eabi/10.3.1/../../../../arm-none-eabi/lib/thumb/v7-m/nofp\libc_nano.a(lib_a-lock.o)
                0x00000000080063b2                __retarget_lock_release_recursive
 .text.cos      0x00000000080063b4       0x8c c:/st/stm32cubeide_1.10.1/stm32cubeide/plugins/com.st.stm32cube.ide.mcu.externaltools.gnu-tools-for-stm32.10.3-2021.10.win32_1.0.0.202111181127/tools/bin/../lib/gcc/arm-none-eabi/10.3.1/../../../../arm-none-eabi/lib/thumb/v7-m/nofp\libm.a(lib_a-s_cos.o)
                0x00000000080063b4                cos
 .text.sin      0x0000000008006440       0x8c c:/st/stm32cubeide_1.10.1/stm32cubeide/plugins/com.st.stm32cube.ide.mcu.externaltools.gnu-tools-for-stm32.10.3-2021.10.win32_1.0.0.202111181127/tools/bin/../lib/gcc/arm-none-eabi/10.3.1/../../../../arm-none-eabi/lib/thumb/v7-m/nofp\libm.a(lib_a-s_sin.o)
                0x0000000008006440                sin
 *fill*         0x00000000080064cc        0x4 
 .text.__ieee754_rem_pio2
                0x00000000080064d0      0x3f0 c:/st/stm32cubeide_1.10.1/stm32cubeide/plugins/com.st.stm32cube.ide.mcu.externaltools.gnu-tools-for-stm32.10.3-2021.10.win32_1.0.0.202111181127/tools/bin/../lib/gcc/arm-none-eabi/10.3.1/../../../../arm-none-eabi/lib/thumb/v7-m/nofp\libm.a(lib_a-e_rem_pio2.o)
                0x00000000080064d0                __ieee754_rem_pio2
 .text.__kernel_cos
                0x00000000080068c0      0x17c c:/st/stm32cubeide_1.10.1/stm32cubeide/plugins/com.st.stm32cube.ide.mcu.externaltools.gnu-tools-for-stm32.10.3-2021.10.win32_1.0.0.202111181127/tools/bin/../lib/gcc/arm-none-eabi/10.3.1/../../../../arm-none-eabi/lib/thumb/v7-m/nofp\libm.a(lib_a-k_cos.o)
                0x00000000080068c0                __kernel_cos
 .text.__kernel_rem_pio2
                0x0000000008006a3c      0x684 c:/st/stm32cubeide_1.10.1/stm32cubeide/plugins/com.st.stm32cube.ide.mcu.externaltools.gnu-tools-for-stm32.10.3-2021.10.win32_1.0.0.202111181127/tools/bin/../lib/gcc/arm-none-eabi/10.3.1/../../../../arm-none-eabi/lib/thumb/v7-m/nofp\libm.a(lib_a-k_rem_pio2.o)
                0x0000000008006a3c                __kernel_rem_pio2
 .text.__kernel_sin
                0x00000000080070c0      0x16c c:/st/stm32cubeide_1.10.1/stm32cubeide/plugins/com.st.stm32cube.ide.mcu.externaltools.gnu-tools-for-stm32.10.3-2021.10.win32_1.0.0.202111181127/tools/bin/../lib/gcc/arm-none-eabi/10.3.1/../../../../arm-none-eabi/lib/thumb/v7-m/nofp\libm.a(lib_a-k_sin.o)
                0x00000000080070c0                __kernel_sin
 .text.fabs     0x000000000800722c        0x6 c:/st/stm32cubeide_1.10.1/stm32cubeide/plugins/com.st.stm32cube.ide.mcu.externaltools.gnu-tools-for-stm32.10.3-2021.10.win32_1.0.0.202111181127/tools/bin/../lib/gcc/arm-none-eabi/10.3.1/../../../../arm-none-eabi/lib/thumb/v7-m/nofp\libm.a(lib_a-s_fabs.o)
                0x000000000800722c                fabs
 *fill*         0x0000000008007232        0x6 
 .text.floor    0x0000000008007238      0x100 c:/st/stm32cubeide_1.10.1/stm32cubeide/plugins/com.st.stm32cube.ide.mcu.externaltools.gnu-tools-for-stm32.10.3-2021.10.win32_1.0.0.202111181127/tools/bin/../lib/gcc/arm-none-eabi/10.3.1/../../../../arm-none-eabi/lib/thumb/v7-m/nofp\libm.a(lib_a-s_floor.o)
                0x0000000008007238                floor
 .text.scalbn   0x0000000008007338       0xfc c:/st/stm32cubeide_1.10.1/stm32cubeide/plugins/com.st.stm32cube.ide.mcu.externaltools.gnu-tools-for-stm32.10.3-2021.10.win32_1.0.0.202111181127/tools/bin/../lib/gcc/arm-none-eabi/10.3.1/../../../../arm-none-eabi/lib/thumb/v7-m/nofp\libm.a(lib_a-s_scalbn.o)
                0x0000000008007338                scalbn
 *(.glue_7)
 .glue_7        0x0000000008007434        0x0 linker stubs
 *(.glue_7t)
 .glue_7t       0x0000000008007434        0x0 linker stubs
 *(.eh_frame)
 .eh_frame      0x0000000008007434        0x0 c:/st/stm32cubeide_1.10.1/stm32cubeide/plugins/com.st.stm32cube.ide.mcu.externaltools.gnu-tools-for-stm32.10.3-2021.10.win32_1.0.0.202111181127/tools/bin/../lib/gcc/arm-none-eabi/10.3.1/thumb/v7-m/nofp/crtbegin.o
 *(.init)
 .init          0x0000000008007434        0x4 c:/st/stm32cubeide_1.10.1/stm32cubeide/plugins/com.st.stm32cube.ide.mcu.externaltools.gnu-tools-for-stm32.10.3-2021.10.win32_1.0.0.202111181127/tools/bin/../lib/gcc/arm-none-eabi/10.3.1/thumb/v7-m/nofp/crti.o
                0x0000000008007434                _init
 .init          0x0000000008007438        0x8 c:/st/stm32cubeide_1.10.1/stm32cubeide/plugins/com.st.stm32cube.ide.mcu.externaltools.gnu-tools-for-stm32.10.3-2021.10.win32_1.0.0.202111181127/tools/bin/../lib/gcc/arm-none-eabi/10.3.1/thumb/v7-m/nofp/crtn.o
 *(.fini)
 .fini          0x0000000008007440        0x4 c:/st/stm32cubeide_1.10.1/stm32cubeide/plugins/com.st.stm32cube.ide.mcu.externaltools.gnu-tools-for-stm32.10.3-2021.10.win32_1.0.0.202111181127/tools/bin/../lib/gcc/arm-none-eabi/10.3.1/thumb/v7-m/nofp/crti.o
                0x0000000008007440                _fini
 .fini          0x0000000008007444        0x8 c:/st/stm32cubeide_1.10.1/stm32cubeide/plugins/com.st.stm32cube.ide.mcu.externaltools.gnu-tools-for-stm32.10.3-2021.10.win32_1.0.0.202111181127/tools/bin/../lib/gcc/arm-none-eabi/10.3.1/thumb/v7-m/nofp/crtn.o
                0x000000000800744c                . = ALIGN (0x4)
                0x000000000800744c                _etext = .

.vfp11_veneer   0x000000000800744c        0x0
 .vfp11_veneer  0x000000000800744c        0x0 linker stubs

.v4_bx          0x000000000800744c        0x0
 .v4_bx         0x000000000800744c        0x0 linker stubs

.iplt           0x000000000800744c        0x0
 .iplt          0x000000000800744c        0x0 c:/st/stm32cubeide_1.10.1/stm32cubeide/plugins/com.st.stm32cube.ide.mcu.externaltools.gnu-tools-for-stm32.10.3-2021.10.win32_1.0.0.202111181127/tools/bin/../lib/gcc/arm-none-eabi/10.3.1/thumb/v7-m/nofp/crtbegin.o

.rodata         0x0000000008007450     0x1008
                0x0000000008007450                . = ALIGN (0x4)
 *(.rodata)
 .rodata        0x0000000008007450      0x193 ./Core/Src/main.o
 *fill*         0x00000000080075e3        0x1 
 .rodata        0x00000000080075e4        0x6 ./Drivers/NRF24L01/Src/nrf24l01p.o
 *fill*         0x00000000080075ea        0x2 
 .rodata        0x00000000080075ec       0x10 ./Drivers/STM32F1xx_HAL_Driver/Src/stm32f1xx_hal_rcc.o
 *(.rodata*)
 *fill*         0x00000000080075fc        0x4 
 .rodata.Saturn
                0x0000000008007600       0x38 ./Core/Src/astro_targets.o
                0x0000000008007600                Saturn
 .rodata.Jupiter
                0x0000000008007638       0x38 ./Core/Src/astro_targets.o
                0x0000000008007638                Jupiter
 .rodata.Mars   0x0000000008007670       0x38 ./Core/Src/astro_targets.o
                0x0000000008007670                Mars
 .rodata.Venus  0x00000000080076a8       0x38 ./Core/Src/astro_targets.o
                0x00000000080076a8                Venus
 .rodata.Sirius
                0x00000000080076e0       0x38 ./Core/Src/astro_targets.o
                0x00000000080076e0                Sirius
 .rodata.Rigel  0x0000000008007718       0x38 ./Core/Src/astro_targets.o
                0x0000000008007718                Rigel
 .rodata.Font7x10
                0x0000000008007750      0x3bd ./Core/Src/main.o
 *fill*         0x0000000008007b0d        0x3 
 .rodata.Font5x7
                0x0000000008007b10      0x1e2 ./Core/Src/main.o
 *fill*         0x0000000008007cf2        0x2 
 .rodata.eqmount_logo
                0x0000000008007cf4      0x400 ./Core/Src/main.o
 .rodata.arrow  0x00000000080080f4        0x5 ./Core/Src/main.o
 *fill*         0x00000000080080f9        0x3 
 .rodata.south_hemisphere
                0x00000000080080fc       0x48 ./Core/Src/main.o
 .rodata.north_hemisphere
                0x0000000008008144       0x48 ./Core/Src/main.o
 .rodata.mode_go_to
                0x000000000800818c       0x20 ./Core/Src/main.o
 .rodata.mode_tracking
                0x00000000080081ac       0x20 ./Core/Src/main.o
 .rodata.mode_manual
                0x00000000080081cc       0x20 ./Core/Src/main.o
 .rodata.mode_off
                0x00000000080081ec       0x20 ./Core/Src/main.o
 .rodata.nRF24_ADDR.9
                0x000000000800820c        0x3 ./Core/Src/main.o
 .rodata.X_OFFSET.8
                0x000000000800820f        0x1 ./Core/Src/main.o
 .rodata.Y_OFFSET.7
                0x0000000008008210        0x1 ./Core/Src/main.o
 .rodata.X_OFFSET.6
                0x0000000008008211        0x1 ./Core/Src/main.o
 .rodata.Y_OFFSET.5
                0x0000000008008212        0x1 ./Core/Src/main.o
 .rodata.CENTER_X.4
                0x0000000008008213        0x1 ./Core/Src/main.o
 .rodata.CENTER_Y.3
                0x0000000008008214        0x1 ./Core/Src/main.o
 .rodata.RADIUS.2
                0x0000000008008215        0x1 ./Core/Src/main.o
 .rodata.INNER_RADIUS.1
                0x0000000008008216        0x1 ./Core/Src/main.o
 .rodata.OUTER_RADIUS.0
                0x0000000008008217        0x1 ./Core/Src/main.o
 .rodata.AHBPrescTable
                0x0000000008008218       0x10 ./Core/Src/system_stm32f1xx.o
                0x0000000008008218                AHBPrescTable
 .rodata.APBPrescTable
                0x0000000008008228        0x8 ./Core/Src/system_stm32f1xx.o
                0x0000000008008228                APBPrescTable
 .rodata.LUT_FB
                0x0000000008008230        0x8 ./Drivers/Display/Src/sh1106.o
 .rodata.LUT_LB
                0x0000000008008238        0x8 ./Drivers/Display/Src/sh1106.o
 .rodata.nRF24_ADDR_REGS
                0x0000000008008240        0x7 ./Drivers/NRF24L01/Src/nrf24l01p.o
 .rodata._svfprintf_r.str1.1
                0x0000000008008247       0x11 c:/st/stm32cubeide_1.10.1/stm32cubeide/plugins/com.st.stm32cube.ide.mcu.externaltools.gnu-tools-for-stm32.10.3-2021.10.win32_1.0.0.202111181127/tools/bin/../lib/gcc/arm-none-eabi/10.3.1/../../../../arm-none-eabi/lib/thumb/v7-m/nofp\libc_nano.a(lib_a-nano-svfprintf.o)
 .rodata._printf_i.str1.1
                0x0000000008008258       0x22 c:/st/stm32cubeide_1.10.1/stm32cubeide/plugins/com.st.stm32cube.ide.mcu.externaltools.gnu-tools-for-stm32.10.3-2021.10.win32_1.0.0.202111181127/tools/bin/../lib/gcc/arm-none-eabi/10.3.1/../../../../arm-none-eabi/lib/thumb/v7-m/nofp\libc_nano.a(lib_a-nano-vfprintf_i.o)
 *fill*         0x000000000800827a        0x2 
 .rodata.npio2_hw
                0x000000000800827c       0x80 c:/st/stm32cubeide_1.10.1/stm32cubeide/plugins/com.st.stm32cube.ide.mcu.externaltools.gnu-tools-for-stm32.10.3-2021.10.win32_1.0.0.202111181127/tools/bin/../lib/gcc/arm-none-eabi/10.3.1/../../../../arm-none-eabi/lib/thumb/v7-m/nofp\libm.a(lib_a-e_rem_pio2.o)
 .rodata.two_over_pi
                0x00000000080082fc      0x108 c:/st/stm32cubeide_1.10.1/stm32cubeide/plugins/com.st.stm32cube.ide.mcu.externaltools.gnu-tools-for-stm32.10.3-2021.10.win32_1.0.0.202111181127/tools/bin/../lib/gcc/arm-none-eabi/10.3.1/../../../../arm-none-eabi/lib/thumb/v7-m/nofp\libm.a(lib_a-e_rem_pio2.o)
 *fill*         0x0000000008008404        0x4 
 .rodata.PIo2   0x0000000008008408       0x40 c:/st/stm32cubeide_1.10.1/stm32cubeide/plugins/com.st.stm32cube.ide.mcu.externaltools.gnu-tools-for-stm32.10.3-2021.10.win32_1.0.0.202111181127/tools/bin/../lib/gcc/arm-none-eabi/10.3.1/../../../../arm-none-eabi/lib/thumb/v7-m/nofp\libm.a(lib_a-k_rem_pio2.o)
 .rodata.init_jk
                0x0000000008008448       0x10 c:/st/stm32cubeide_1.10.1/stm32cubeide/plugins/com.st.stm32cube.ide.mcu.externaltools.gnu-tools-for-stm32.10.3-2021.10.win32_1.0.0.202111181127/tools/bin/../lib/gcc/arm-none-eabi/10.3.1/../../../../arm-none-eabi/lib/thumb/v7-m/nofp\libm.a(lib_a-k_rem_pio2.o)
                0x0000000008008458                . = ALIGN (0x4)

.rel.dyn        0x0000000008008458        0x0
 .rel.iplt      0x0000000008008458        0x0 c:/st/stm32cubeide_1.10.1/stm32cubeide/plugins/com.st.stm32cube.ide.mcu.externaltools.gnu-tools-for-stm32.10.3-2021.10.win32_1.0.0.202111181127/tools/bin/../lib/gcc/arm-none-eabi/10.3.1/thumb/v7-m/nofp/crtbegin.o

.ARM.extab      0x0000000008008458        0x0
                0x0000000008008458                . = ALIGN (0x4)
 *(.ARM.extab* .gnu.linkonce.armextab.*)
                0x0000000008008458                . = ALIGN (0x4)

.ARM            0x0000000008008458        0x0
                0x0000000008008458                . = ALIGN (0x4)
                0x0000000008008458                __exidx_start = .
 *(.ARM.exidx*)
                0x0000000008008458                __exidx_end = .
                0x0000000008008458                . = ALIGN (0x4)

.preinit_array  0x0000000008008458        0x0
                0x0000000008008458                . = ALIGN (0x4)
                0x0000000008008458                PROVIDE (__preinit_array_start = .)
 *(.preinit_array*)
                0x0000000008008458                PROVIDE (__preinit_array_end = .)
                0x0000000008008458                . = ALIGN (0x4)

.init_array     0x0000000008008458        0x4
                0x0000000008008458                . = ALIGN (0x4)
                0x0000000008008458                PROVIDE (__init_array_start = .)
 *(SORT_BY_NAME(.init_array.*))
 *(.init_array*)
 .init_array    0x0000000008008458        0x4 c:/st/stm32cubeide_1.10.1/stm32cubeide/plugins/com.st.stm32cube.ide.mcu.externaltools.gnu-tools-for-stm32.10.3-2021.10.win32_1.0.0.202111181127/tools/bin/../lib/gcc/arm-none-eabi/10.3.1/thumb/v7-m/nofp/crtbegin.o
                0x000000000800845c                PROVIDE (__init_array_end = .)
                0x000000000800845c                . = ALIGN (0x4)

.fini_array     0x000000000800845c        0x4
                0x000000000800845c                . = ALIGN (0x4)
                [!provide]                        PROVIDE (__fini_array_start = .)
 *(SORT_BY_NAME(.fini_array.*))
 *(.fini_array*)
 .fini_array    0x000000000800845c        0x4 c:/st/stm32cubeide_1.10.1/stm32cubeide/plugins/com.st.stm32cube.ide.mcu.externaltools.gnu-tools-for-stm32.10.3-2021.10.win32_1.0.0.202111181127/tools/bin/../lib/gcc/arm-none-eabi/10.3.1/thumb/v7-m/nofp/crtbegin.o
                [!provide]                        PROVIDE (__fini_array_end = .)
                0x0000000008008460                . = ALIGN (0x4)
                0x0000000008008460                _sidata = LOADADDR (.data)

.data           0x0000000020000000      0x154 load address 0x0000000008008460
                0x0000000020000000                . = ALIGN (0x4)
                0x0000000020000000                _sdata = .
 *(.data)
 *(.data*)
 .data.main_menu_strings
                0x0000000020000000       0x20 ./Core/Src/main.o
                0x0000000020000000                main_menu_strings
 .data.setting_strings
                0x0000000020000020       0x18 ./Core/Src/main.o
                0x0000000020000020                setting_strings
 .data.mode_menu_strings
                0x0000000020000038       0x10 ./Core/Src/main.o
                0x0000000020000038                mode_menu_strings
 .data.menu_data
                0x0000000020000048        0x3 ./Core/Src/main.o
                0x0000000020000048                menu_data
 *fill*         0x000000002000004b        0x1 
 .data.mode_bitmaps
                0x000000002000004c       0x10 ./Core/Src/main.o
 .data.SystemCoreClock
                0x000000002000005c        0x4 ./Core/Src/system_stm32f1xx.o
                0x000000002000005c                SystemCoreClock
 .data.scr_width
                0x0000000020000060        0x2 ./Drivers/Display/Src/sh1106.o
                0x0000000020000060                scr_width
 .data.scr_height
                0x0000000020000062        0x2 ./Drivers/Display/Src/sh1106.o
                0x0000000020000062                scr_height
 .data.screen_buffer.1
                0x0000000020000064       0x81 ./Drivers/Display/Src/sh1106.o
 *fill*         0x00000000200000e5        0x3 
 .data.uwTickPrio
                0x00000000200000e8        0x4 ./Drivers/STM32F1xx_HAL_Driver/Src/stm32f1xx_hal.o
                0x00000000200000e8                uwTickPrio
 .data.uwTickFreq
                0x00000000200000ec        0x1 ./Drivers/STM32F1xx_HAL_Driver/Src/stm32f1xx_hal.o
                0x00000000200000ec                uwTickFreq
 *fill*         0x00000000200000ed        0x3 
 .data._impure_ptr
                0x00000000200000f0        0x4 c:/st/stm32cubeide_1.10.1/stm32cubeide/plugins/com.st.stm32cube.ide.mcu.externaltools.gnu-tools-for-stm32.10.3-2021.10.win32_1.0.0.202111181127/tools/bin/../lib/gcc/arm-none-eabi/10.3.1/../../../../arm-none-eabi/lib/thumb/v7-m/nofp\libc_nano.a(lib_a-impure.o)
                0x00000000200000f0                _impure_ptr
 .data.impure_data
                0x00000000200000f4       0x60 c:/st/stm32cubeide_1.10.1/stm32cubeide/plugins/com.st.stm32cube.ide.mcu.externaltools.gnu-tools-for-stm32.10.3-2021.10.win32_1.0.0.202111181127/tools/bin/../lib/gcc/arm-none-eabi/10.3.1/../../../../arm-none-eabi/lib/thumb/v7-m/nofp\libc_nano.a(lib_a-impure.o)
 *(.RamFunc)
 *(.RamFunc*)
                0x0000000020000154                . = ALIGN (0x4)
                0x0000000020000154                _edata = .

.igot.plt       0x0000000020000154        0x0 load address 0x00000000080085b4
 .igot.plt      0x0000000020000154        0x0 c:/st/stm32cubeide_1.10.1/stm32cubeide/plugins/com.st.stm32cube.ide.mcu.externaltools.gnu-tools-for-stm32.10.3-2021.10.win32_1.0.0.202111181127/tools/bin/../lib/gcc/arm-none-eabi/10.3.1/thumb/v7-m/nofp/crtbegin.o
                0x0000000020000154                . = ALIGN (0x4)

.bss            0x0000000020000158      0x834 load address 0x00000000080085b4
                0x0000000020000158                _sbss = .
                0x0000000020000158                __bss_start__ = _sbss
 *(.bss)
 .bss           0x0000000020000158       0x1c c:/st/stm32cubeide_1.10.1/stm32cubeide/plugins/com.st.stm32cube.ide.mcu.externaltools.gnu-tools-for-stm32.10.3-2021.10.win32_1.0.0.202111181127/tools/bin/../lib/gcc/arm-none-eabi/10.3.1/thumb/v7-m/nofp/crtbegin.o
 *(.bss*)
 .bss.hadc1     0x0000000020000174       0x30 ./Core/Src/adc.o
                0x0000000020000174                hadc1
 *fill*         0x00000000200001a4        0x4 
 .bss.astro_target
                0x00000000200001a8      0x268 ./Core/Src/astro_targets.o
 .bss.hi2c2     0x0000000020000410       0x54 ./Core/Src/i2c.o
                0x0000000020000410                hi2c2
 .bss.packets_lost
                0x0000000020000464        0x4 ./Core/Src/main.o
                0x0000000020000464                packets_lost
 .bss.settings_values
                0x0000000020000468       0x28 ./Core/Src/main.o
                0x0000000020000468                settings_values
 .bss.screen    0x0000000020000490        0x2 ./Core/Src/main.o
                0x0000000020000490                screen
 *fill*         0x0000000020000492        0x2 
 .bss.rotary_data
                0x0000000020000494        0x2 ./Core/Src/rotary_events.o
 *fill*         0x0000000020000496        0x2 
 .bss.hspi2     0x0000000020000498       0x58 ./Core/Src/spi.o
                0x0000000020000498                hspi2
 .bss.__sbrk_heap_end
                0x00000000200004f0        0x4 ./Core/Src/sysmem.o
 .bss.SH1106_PixelMode
                0x00000000200004f4        0x1 ./Drivers/Display/Src/sh1106.o
                0x00000000200004f4                SH1106_PixelMode
 .bss.scr_orientation
                0x00000000200004f5        0x1 ./Drivers/Display/Src/sh1106.o
 *fill*         0x00000000200004f6        0x2 
 .bss.vRAM      0x00000000200004f8      0x400 ./Drivers/Display/Src/sh1106.o
 .bss.null_buff.2
                0x00000000200008f8       0x80 ./Drivers/Display/Src/sh1106.o
 .bss.uwTick    0x0000000020000978        0x4 ./Drivers/STM32F1xx_HAL_Driver/Src/stm32f1xx_hal.o
                0x0000000020000978                uwTick
 .bss.__malloc_free_list
                0x000000002000097c        0x4 c:/st/stm32cubeide_1.10.1/stm32cubeide/plugins/com.st.stm32cube.ide.mcu.externaltools.gnu-tools-for-stm32.10.3-2021.10.win32_1.0.0.202111181127/tools/bin/../lib/gcc/arm-none-eabi/10.3.1/../../../../arm-none-eabi/lib/thumb/v7-m/nofp\libc_nano.a(lib_a-nano-mallocr.o)
                0x000000002000097c                __malloc_free_list
 .bss.__malloc_sbrk_start
                0x0000000020000980        0x4 c:/st/stm32cubeide_1.10.1/stm32cubeide/plugins/com.st.stm32cube.ide.mcu.externaltools.gnu-tools-for-stm32.10.3-2021.10.win32_1.0.0.202111181127/tools/bin/../lib/gcc/arm-none-eabi/10.3.1/../../../../arm-none-eabi/lib/thumb/v7-m/nofp\libc_nano.a(lib_a-nano-mallocr.o)
                0x0000000020000980                __malloc_sbrk_start
 .bss.errno     0x0000000020000984        0x4 c:/st/stm32cubeide_1.10.1/stm32cubeide/plugins/com.st.stm32cube.ide.mcu.externaltools.gnu-tools-for-stm32.10.3-2021.10.win32_1.0.0.202111181127/tools/bin/../lib/gcc/arm-none-eabi/10.3.1/../../../../arm-none-eabi/lib/thumb/v7-m/nofp\libc_nano.a(lib_a-reent.o)
                0x0000000020000984                errno
 .bss.__lock___malloc_recursive_mutex
                0x0000000020000988        0x1 c:/st/stm32cubeide_1.10.1/stm32cubeide/plugins/com.st.stm32cube.ide.mcu.externaltools.gnu-tools-for-stm32.10.3-2021.10.win32_1.0.0.202111181127/tools/bin/../lib/gcc/arm-none-eabi/10.3.1/../../../../arm-none-eabi/lib/thumb/v7-m/nofp\libc_nano.a(lib_a-lock.o)
                0x0000000020000988                __lock___malloc_recursive_mutex
 *(COMMON)
                0x000000002000098c                . = ALIGN (0x4)
 *fill*         0x0000000020000989        0x3 
                0x000000002000098c                _ebss = .
                0x000000002000098c                __bss_end__ = _ebss

._user_heap_stack
                0x000000002000098c      0x604 load address 0x00000000080085b4
                0x0000000020000990                . = ALIGN (0x8)
 *fill*         0x000000002000098c        0x4 
                [!provide]                        PROVIDE (end = .)
                0x0000000020000990                PROVIDE (_end = .)
                0x0000000020000b90                . = (. + _Min_Heap_Size)
 *fill*         0x0000000020000990      0x200 
                0x0000000020000f90                . = (. + _Min_Stack_Size)
 *fill*         0x0000000020000b90      0x400 
                0x0000000020000f90                . = ALIGN (0x8)

/DISCARD/
 libc.a(*)
 libm.a(*)
 libgcc.a(*)

.ARM.attributes
                0x0000000000000000       0x29
 *(.ARM.attributes)
 .ARM.attributes
                0x0000000000000000       0x1d c:/st/stm32cubeide_1.10.1/stm32cubeide/plugins/com.st.stm32cube.ide.mcu.externaltools.gnu-tools-for-stm32.10.3-2021.10.win32_1.0.0.202111181127/tools/bin/../lib/gcc/arm-none-eabi/10.3.1/thumb/v7-m/nofp/crti.o
 .ARM.attributes
                0x000000000000001d       0x2d c:/st/stm32cubeide_1.10.1/stm32cubeide/plugins/com.st.stm32cube.ide.mcu.externaltools.gnu-tools-for-stm32.10.3-2021.10.win32_1.0.0.202111181127/tools/bin/../lib/gcc/arm-none-eabi/10.3.1/thumb/v7-m/nofp/crtbegin.o
 .ARM.attributes
                0x000000000000004a       0x2d ./Core/Src/adc.o
 .ARM.attributes
                0x0000000000000077       0x2d ./Core/Src/astro_targets.o
 .ARM.attributes
                0x00000000000000a4       0x2d ./Core/Src/gpio.o
 .ARM.attributes
                0x00000000000000d1       0x2d ./Core/Src/i2c.o
 .ARM.attributes
                0x00000000000000fe       0x2d ./Core/Src/main.o
 .ARM.attributes
                0x000000000000012b       0x2d ./Core/Src/rotary_events.o
 .ARM.attributes
                0x0000000000000158       0x2d ./Core/Src/spi.o
 .ARM.attributes
                0x0000000000000185       0x2d ./Core/Src/stm32f1xx_hal_msp.o
 .ARM.attributes
                0x00000000000001b2       0x2d ./Core/Src/stm32f1xx_it.o
 .ARM.attributes
                0x00000000000001df       0x2d ./Core/Src/sysmem.o
 .ARM.attributes
                0x000000000000020c       0x2d ./Core/Src/system_stm32f1xx.o
 .ARM.attributes
                0x0000000000000239       0x21 ./Core/Startup/startup_stm32f103c8tx.o
 .ARM.attributes
                0x000000000000025a       0x2d ./Drivers/Display/Src/sh1106.o
 .ARM.attributes
                0x0000000000000287       0x2d ./Drivers/NRF24L01/Src/nrf24l01p.o
 .ARM.attributes
                0x00000000000002b4       0x2d ./Drivers/STM32F1xx_HAL_Driver/Src/stm32f1xx_hal.o
 .ARM.attributes
                0x00000000000002e1       0x2d ./Drivers/STM32F1xx_HAL_Driver/Src/stm32f1xx_hal_adc.o
 .ARM.attributes
                0x000000000000030e       0x2d ./Drivers/STM32F1xx_HAL_Driver/Src/stm32f1xx_hal_cortex.o
 .ARM.attributes
                0x000000000000033b       0x2d ./Drivers/STM32F1xx_HAL_Driver/Src/stm32f1xx_hal_gpio.o
 .ARM.attributes
                0x0000000000000368       0x2d ./Drivers/STM32F1xx_HAL_Driver/Src/stm32f1xx_hal_i2c.o
 .ARM.attributes
                0x0000000000000395       0x2d ./Drivers/STM32F1xx_HAL_Driver/Src/stm32f1xx_hal_rcc.o
 .ARM.attributes
                0x00000000000003c2       0x2d ./Drivers/STM32F1xx_HAL_Driver/Src/stm32f1xx_hal_rcc_ex.o
 .ARM.attributes
                0x00000000000003ef       0x2d ./Drivers/STM32F1xx_HAL_Driver/Src/stm32f1xx_hal_spi.o
 .ARM.attributes
                0x000000000000041c       0x2d c:/st/stm32cubeide_1.10.1/stm32cubeide/plugins/com.st.stm32cube.ide.mcu.externaltools.gnu-tools-for-stm32.10.3-2021.10.win32_1.0.0.202111181127/tools/bin/../lib/gcc/arm-none-eabi/10.3.1/../../../../arm-none-eabi/lib/thumb/v7-m/nofp\libc_nano.a(lib_a-errno.o)
 .ARM.attributes
                0x0000000000000449       0x2d c:/st/stm32cubeide_1.10.1/stm32cubeide/plugins/com.st.stm32cube.ide.mcu.externaltools.gnu-tools-for-stm32.10.3-2021.10.win32_1.0.0.202111181127/tools/bin/../lib/gcc/arm-none-eabi/10.3.1/../../../../arm-none-eabi/lib/thumb/v7-m/nofp\libc_nano.a(lib_a-impure.o)
 .ARM.attributes
                0x0000000000000476       0x2d c:/st/stm32cubeide_1.10.1/stm32cubeide/plugins/com.st.stm32cube.ide.mcu.externaltools.gnu-tools-for-stm32.10.3-2021.10.win32_1.0.0.202111181127/tools/bin/../lib/gcc/arm-none-eabi/10.3.1/../../../../arm-none-eabi/lib/thumb/v7-m/nofp\libc_nano.a(lib_a-init.o)
 .ARM.attributes
                0x00000000000004a3       0x2d c:/st/stm32cubeide_1.10.1/stm32cubeide/plugins/com.st.stm32cube.ide.mcu.externaltools.gnu-tools-for-stm32.10.3-2021.10.win32_1.0.0.202111181127/tools/bin/../lib/gcc/arm-none-eabi/10.3.1/../../../../arm-none-eabi/lib/thumb/v7-m/nofp\libc_nano.a(lib_a-memcpy-stub.o)
 .ARM.attributes
                0x00000000000004d0       0x2d c:/st/stm32cubeide_1.10.1/stm32cubeide/plugins/com.st.stm32cube.ide.mcu.externaltools.gnu-tools-for-stm32.10.3-2021.10.win32_1.0.0.202111181127/tools/bin/../lib/gcc/arm-none-eabi/10.3.1/../../../../arm-none-eabi/lib/thumb/v7-m/nofp\libc_nano.a(lib_a-memset.o)
 .ARM.attributes
                0x00000000000004fd       0x2d c:/st/stm32cubeide_1.10.1/stm32cubeide/plugins/com.st.stm32cube.ide.mcu.externaltools.gnu-tools-for-stm32.10.3-2021.10.win32_1.0.0.202111181127/tools/bin/../lib/gcc/arm-none-eabi/10.3.1/../../../../arm-none-eabi/lib/thumb/v7-m/nofp\libc_nano.a(lib_a-sprintf.o)
 .ARM.attributes
                0x000000000000052a       0x2d c:/st/stm32cubeide_1.10.1/stm32cubeide/plugins/com.st.stm32cube.ide.mcu.externaltools.gnu-tools-for-stm32.10.3-2021.10.win32_1.0.0.202111181127/tools/bin/../lib/gcc/arm-none-eabi/10.3.1/../../../../arm-none-eabi/lib/thumb/v7-m/nofp\libc_nano.a(lib_a-nano-svfprintf.o)
 .ARM.attributes
                0x0000000000000557       0x2d c:/st/stm32cubeide_1.10.1/stm32cubeide/plugins/com.st.stm32cube.ide.mcu.externaltools.gnu-tools-for-stm32.10.3-2021.10.win32_1.0.0.202111181127/tools/bin/../lib/gcc/arm-none-eabi/10.3.1/../../../../arm-none-eabi/lib/thumb/v7-m/nofp\libc_nano.a(lib_a-nano-vfprintf_i.o)
 .ARM.attributes
                0x0000000000000584       0x2d c:/st/stm32cubeide_1.10.1/stm32cubeide/plugins/com.st.stm32cube.ide.mcu.externaltools.gnu-tools-for-stm32.10.3-2021.10.win32_1.0.0.202111181127/tools/bin/../lib/gcc/arm-none-eabi/10.3.1/../../../../arm-none-eabi/lib/thumb/v7-m/nofp\libc_nano.a(lib_a-memchr-stub.o)
 .ARM.attributes
                0x00000000000005b1       0x2d c:/st/stm32cubeide_1.10.1/stm32cubeide/plugins/com.st.stm32cube.ide.mcu.externaltools.gnu-tools-for-stm32.10.3-2021.10.win32_1.0.0.202111181127/tools/bin/../lib/gcc/arm-none-eabi/10.3.1/../../../../arm-none-eabi/lib/thumb/v7-m/nofp\libc_nano.a(lib_a-memmove.o)
 .ARM.attributes
                0x00000000000005de       0x2d c:/st/stm32cubeide_1.10.1/stm32cubeide/plugins/com.st.stm32cube.ide.mcu.externaltools.gnu-tools-for-stm32.10.3-2021.10.win32_1.0.0.202111181127/tools/bin/../lib/gcc/arm-none-eabi/10.3.1/../../../../arm-none-eabi/lib/thumb/v7-m/nofp\libc_nano.a(lib_a-nano-freer.o)
 .ARM.attributes
                0x000000000000060b       0x2d c:/st/stm32cubeide_1.10.1/stm32cubeide/plugins/com.st.stm32cube.ide.mcu.externaltools.gnu-tools-for-stm32.10.3-2021.10.win32_1.0.0.202111181127/tools/bin/../lib/gcc/arm-none-eabi/10.3.1/../../../../arm-none-eabi/lib/thumb/v7-m/nofp\libc_nano.a(lib_a-nano-mallocr.o)
 .ARM.attributes
                0x0000000000000638       0x2d c:/st/stm32cubeide_1.10.1/stm32cubeide/plugins/com.st.stm32cube.ide.mcu.externaltools.gnu-tools-for-stm32.10.3-2021.10.win32_1.0.0.202111181127/tools/bin/../lib/gcc/arm-none-eabi/10.3.1/../../../../arm-none-eabi/lib/thumb/v7-m/nofp\libc_nano.a(lib_a-nano-reallocr.o)
 .ARM.attributes
                0x0000000000000665       0x2d c:/st/stm32cubeide_1.10.1/stm32cubeide/plugins/com.st.stm32cube.ide.mcu.externaltools.gnu-tools-for-stm32.10.3-2021.10.win32_1.0.0.202111181127/tools/bin/../lib/gcc/arm-none-eabi/10.3.1/../../../../arm-none-eabi/lib/thumb/v7-m/nofp\libc_nano.a(lib_a-sbrkr.o)
 .ARM.attributes
                0x0000000000000692       0x2d c:/st/stm32cubeide_1.10.1/stm32cubeide/plugins/com.st.stm32cube.ide.mcu.externaltools.gnu-tools-for-stm32.10.3-2021.10.win32_1.0.0.202111181127/tools/bin/../lib/gcc/arm-none-eabi/10.3.1/../../../../arm-none-eabi/lib/thumb/v7-m/nofp\libc_nano.a(lib_a-mlock.o)
 .ARM.attributes
                0x00000000000006bf       0x2d c:/st/stm32cubeide_1.10.1/stm32cubeide/plugins/com.st.stm32cube.ide.mcu.externaltools.gnu-tools-for-stm32.10.3-2021.10.win32_1.0.0.202111181127/tools/bin/../lib/gcc/arm-none-eabi/10.3.1/../../../../arm-none-eabi/lib/thumb/v7-m/nofp\libc_nano.a(lib_a-nano-msizer.o)
 .ARM.attributes
                0x00000000000006ec       0x2d c:/st/stm32cubeide_1.10.1/stm32cubeide/plugins/com.st.stm32cube.ide.mcu.externaltools.gnu-tools-for-stm32.10.3-2021.10.win32_1.0.0.202111181127/tools/bin/../lib/gcc/arm-none-eabi/10.3.1/../../../../arm-none-eabi/lib/thumb/v7-m/nofp\libc_nano.a(lib_a-reent.o)
 .ARM.attributes
                0x0000000000000719       0x2d c:/st/stm32cubeide_1.10.1/stm32cubeide/plugins/com.st.stm32cube.ide.mcu.externaltools.gnu-tools-for-stm32.10.3-2021.10.win32_1.0.0.202111181127/tools/bin/../lib/gcc/arm-none-eabi/10.3.1/../../../../arm-none-eabi/lib/thumb/v7-m/nofp\libc_nano.a(lib_a-lock.o)
 .ARM.attributes
                0x0000000000000746       0x2d c:/st/stm32cubeide_1.10.1/stm32cubeide/plugins/com.st.stm32cube.ide.mcu.externaltools.gnu-tools-for-stm32.10.3-2021.10.win32_1.0.0.202111181127/tools/bin/../lib/gcc/arm-none-eabi/10.3.1/../../../../arm-none-eabi/lib/thumb/v7-m/nofp\libm.a(lib_a-s_cos.o)
 .ARM.attributes
                0x0000000000000773       0x2d c:/st/stm32cubeide_1.10.1/stm32cubeide/plugins/com.st.stm32cube.ide.mcu.externaltools.gnu-tools-for-stm32.10.3-2021.10.win32_1.0.0.202111181127/tools/bin/../lib/gcc/arm-none-eabi/10.3.1/../../../../arm-none-eabi/lib/thumb/v7-m/nofp\libm.a(lib_a-s_sin.o)
 .ARM.attributes
                0x00000000000007a0       0x2d c:/st/stm32cubeide_1.10.1/stm32cubeide/plugins/com.st.stm32cube.ide.mcu.externaltools.gnu-tools-for-stm32.10.3-2021.10.win32_1.0.0.202111181127/tools/bin/../lib/gcc/arm-none-eabi/10.3.1/../../../../arm-none-eabi/lib/thumb/v7-m/nofp\libm.a(lib_a-e_rem_pio2.o)
 .ARM.attributes
                0x00000000000007cd       0x2d c:/st/stm32cubeide_1.10.1/stm32cubeide/plugins/com.st.stm32cube.ide.mcu.externaltools.gnu-tools-for-stm32.10.3-2021.10.win32_1.0.0.202111181127/tools/bin/../lib/gcc/arm-none-eabi/10.3.1/../../../../arm-none-eabi/lib/thumb/v7-m/nofp\libm.a(lib_a-k_cos.o)
 .ARM.attributes
                0x00000000000007fa       0x2d c:/st/stm32cubeide_1.10.1/stm32cubeide/plugins/com.st.stm32cube.ide.mcu.externaltools.gnu-tools-for-stm32.10.3-2021.10.win32_1.0.0.202111181127/tools/bin/../lib/gcc/arm-none-eabi/10.3.1/../../../../arm-none-eabi/lib/thumb/v7-m/nofp\libm.a(lib_a-k_rem_pio2.o)
 .ARM.attributes
                0x0000000000000827       0x2d c:/st/stm32cubeide_1.10.1/stm32cubeide/plugins/com.st.stm32cube.ide.mcu.externaltools.gnu-tools-for-stm32.10.3-2021.10.win32_1.0.0.202111181127/tools/bin/../lib/gcc/arm-none-eabi/10.3.1/../../../../arm-none-eabi/lib/thumb/v7-m/nofp\libm.a(lib_a-k_sin.o)
 .ARM.attributes
                0x0000000000000854       0x2d c:/st/stm32cubeide_1.10.1/stm32cubeide/plugins/com.st.stm32cube.ide.mcu.externaltools.gnu-tools-for-stm32.10.3-2021.10.win32_1.0.0.202111181127/tools/bin/../lib/gcc/arm-none-eabi/10.3.1/../../../../arm-none-eabi/lib/thumb/v7-m/nofp\libm.a(lib_a-s_fabs.o)
 .ARM.attributes
                0x0000000000000881       0x2d c:/st/stm32cubeide_1.10.1/stm32cubeide/plugins/com.st.stm32cube.ide.mcu.externaltools.gnu-tools-for-stm32.10.3-2021.10.win32_1.0.0.202111181127/tools/bin/../lib/gcc/arm-none-eabi/10.3.1/../../../../arm-none-eabi/lib/thumb/v7-m/nofp\libm.a(lib_a-s_floor.o)
 .ARM.attributes
                0x00000000000008ae       0x2d c:/st/stm32cubeide_1.10.1/stm32cubeide/plugins/com.st.stm32cube.ide.mcu.externaltools.gnu-tools-for-stm32.10.3-2021.10.win32_1.0.0.202111181127/tools/bin/../lib/gcc/arm-none-eabi/10.3.1/../../../../arm-none-eabi/lib/thumb/v7-m/nofp\libm.a(lib_a-s_scalbn.o)
 .ARM.attributes
                0x00000000000008db       0x1d c:/st/stm32cubeide_1.10.1/stm32cubeide/plugins/com.st.stm32cube.ide.mcu.externaltools.gnu-tools-for-stm32.10.3-2021.10.win32_1.0.0.202111181127/tools/bin/../lib/gcc/arm-none-eabi/10.3.1/thumb/v7-m/nofp\libgcc.a(_arm_addsubdf3.o)
 .ARM.attributes
                0x00000000000008f8       0x1d c:/st/stm32cubeide_1.10.1/stm32cubeide/plugins/com.st.stm32cube.ide.mcu.externaltools.gnu-tools-for-stm32.10.3-2021.10.win32_1.0.0.202111181127/tools/bin/../lib/gcc/arm-none-eabi/10.3.1/thumb/v7-m/nofp\libgcc.a(_arm_muldivdf3.o)
 .ARM.attributes
                0x0000000000000915       0x1d c:/st/stm32cubeide_1.10.1/stm32cubeide/plugins/com.st.stm32cube.ide.mcu.externaltools.gnu-tools-for-stm32.10.3-2021.10.win32_1.0.0.202111181127/tools/bin/../lib/gcc/arm-none-eabi/10.3.1/thumb/v7-m/nofp\libgcc.a(_arm_cmpdf2.o)
 .ARM.attributes
                0x0000000000000932       0x1d c:/st/stm32cubeide_1.10.1/stm32cubeide/plugins/com.st.stm32cube.ide.mcu.externaltools.gnu-tools-for-stm32.10.3-2021.10.win32_1.0.0.202111181127/tools/bin/../lib/gcc/arm-none-eabi/10.3.1/thumb/v7-m/nofp\libgcc.a(_arm_fixdfsi.o)
 .ARM.attributes
                0x000000000000094f       0x1d c:/st/stm32cubeide_1.10.1/stm32cubeide/plugins/com.st.stm32cube.ide.mcu.externaltools.gnu-tools-for-stm32.10.3-2021.10.win32_1.0.0.202111181127/tools/bin/../lib/gcc/arm-none-eabi/10.3.1/thumb/v7-m/nofp/crtn.o
OUTPUT(EQ_CONTROLLER.elf elf32-littlearm)
LOAD linker stubs
LOAD c:/st/stm32cubeide_1.10.1/stm32cubeide/plugins/com.st.stm32cube.ide.mcu.externaltools.gnu-tools-for-stm32.10.3-2021.10.win32_1.0.0.202111181127/tools/bin/../lib/gcc/arm-none-eabi/10.3.1/../../../../arm-none-eabi/lib/thumb/v7-m/nofp\libc.a
LOAD c:/st/stm32cubeide_1.10.1/stm32cubeide/plugins/com.st.stm32cube.ide.mcu.externaltools.gnu-tools-for-stm32.10.3-2021.10.win32_1.0.0.202111181127/tools/bin/../lib/gcc/arm-none-eabi/10.3.1/../../../../arm-none-eabi/lib/thumb/v7-m/nofp\libm.a
LOAD c:/st/stm32cubeide_1.10.1/stm32cubeide/plugins/com.st.stm32cube.ide.mcu.externaltools.gnu-tools-for-stm32.10.3-2021.10.win32_1.0.0.202111181127/tools/bin/../lib/gcc/arm-none-eabi/10.3.1/thumb/v7-m/nofp\libgcc.a

.debug_info     0x0000000000000000     0xdb20
 .debug_info    0x0000000000000000      0x81f ./Core/Src/adc.o
 .debug_info    0x000000000000081f      0x328 ./Core/Src/astro_targets.o
 .debug_info    0x0000000000000b47      0x48e ./Core/Src/gpio.o
 .debug_info    0x0000000000000fd5      0x85b ./Core/Src/i2c.o
 .debug_info    0x0000000000001830     0x16fb ./Core/Src/main.o
 .debug_info    0x0000000000002f2b      0x29f ./Core/Src/rotary_events.o
 .debug_info    0x00000000000031ca      0x82a ./Core/Src/spi.o
 .debug_info    0x00000000000039f4      0x210 ./Core/Src/stm32f1xx_hal_msp.o
 .debug_info    0x0000000000003c04      0x180 ./Core/Src/stm32f1xx_it.o
 .debug_info    0x0000000000003d84      0x171 ./Core/Src/sysmem.o
 .debug_info    0x0000000000003ef5      0x23d ./Core/Src/system_stm32f1xx.o
 .debug_info    0x0000000000004132       0x22 ./Core/Startup/startup_stm32f103c8tx.o
 .debug_info    0x0000000000004154     0x190e ./Drivers/Display/Src/sh1106.o
 .debug_info    0x0000000000005a62     0x11b0 ./Drivers/NRF24L01/Src/nrf24l01p.o
 .debug_info    0x0000000000006c12      0x734 ./Drivers/STM32F1xx_HAL_Driver/Src/stm32f1xx_hal.o
 .debug_info    0x0000000000007346      0xcd9 ./Drivers/STM32F1xx_HAL_Driver/Src/stm32f1xx_hal_adc.o
 .debug_info    0x000000000000801f      0xb20 ./Drivers/STM32F1xx_HAL_Driver/Src/stm32f1xx_hal_cortex.o
 .debug_info    0x0000000000008b3f      0x615 ./Drivers/STM32F1xx_HAL_Driver/Src/stm32f1xx_hal_gpio.o
 .debug_info    0x0000000000009154     0x2734 ./Drivers/STM32F1xx_HAL_Driver/Src/stm32f1xx_hal_i2c.o
 .debug_info    0x000000000000b888      0x860 ./Drivers/STM32F1xx_HAL_Driver/Src/stm32f1xx_hal_rcc.o
 .debug_info    0x000000000000c0e8      0x3e0 ./Drivers/STM32F1xx_HAL_Driver/Src/stm32f1xx_hal_rcc_ex.o
 .debug_info    0x000000000000c4c8     0x1658 ./Drivers/STM32F1xx_HAL_Driver/Src/stm32f1xx_hal_spi.o

.debug_abbrev   0x0000000000000000     0x2877
 .debug_abbrev  0x0000000000000000      0x1ce ./Core/Src/adc.o
 .debug_abbrev  0x00000000000001ce      0x12b ./Core/Src/astro_targets.o
 .debug_abbrev  0x00000000000002f9      0x152 ./Core/Src/gpio.o
 .debug_abbrev  0x000000000000044b      0x1ce ./Core/Src/i2c.o
 .debug_abbrev  0x0000000000000619      0x371 ./Core/Src/main.o
 .debug_abbrev  0x000000000000098a      0x19d ./Core/Src/rotary_events.o
 .debug_abbrev  0x0000000000000b27      0x1ce ./Core/Src/spi.o
 .debug_abbrev  0x0000000000000cf5       0xd4 ./Core/Src/stm32f1xx_hal_msp.o
 .debug_abbrev  0x0000000000000dc9       0xb2 ./Core/Src/stm32f1xx_it.o
 .debug_abbrev  0x0000000000000e7b       0xbb ./Core/Src/sysmem.o
 .debug_abbrev  0x0000000000000f36      0x13b ./Core/Src/system_stm32f1xx.o
 .debug_abbrev  0x0000000000001071       0x12 ./Core/Startup/startup_stm32f103c8tx.o
 .debug_abbrev  0x0000000000001083      0x2f8 ./Drivers/Display/Src/sh1106.o
 .debug_abbrev  0x000000000000137b      0x329 ./Drivers/NRF24L01/Src/nrf24l01p.o
 .debug_abbrev  0x00000000000016a4      0x1fb ./Drivers/STM32F1xx_HAL_Driver/Src/stm32f1xx_hal.o
 .debug_abbrev  0x000000000000189f      0x210 ./Drivers/STM32F1xx_HAL_Driver/Src/stm32f1xx_hal_adc.o
 .debug_abbrev  0x0000000000001aaf      0x2ed ./Drivers/STM32F1xx_HAL_Driver/Src/stm32f1xx_hal_cortex.o
 .debug_abbrev  0x0000000000001d9c      0x1bb ./Drivers/STM32F1xx_HAL_Driver/Src/stm32f1xx_hal_gpio.o
 .debug_abbrev  0x0000000000001f57      0x288 ./Drivers/STM32F1xx_HAL_Driver/Src/stm32f1xx_hal_i2c.o
 .debug_abbrev  0x00000000000021df      0x2a8 ./Drivers/STM32F1xx_HAL_Driver/Src/stm32f1xx_hal_rcc.o
 .debug_abbrev  0x0000000000002487      0x182 ./Drivers/STM32F1xx_HAL_Driver/Src/stm32f1xx_hal_rcc_ex.o
 .debug_abbrev  0x0000000000002609      0x26e ./Drivers/STM32F1xx_HAL_Driver/Src/stm32f1xx_hal_spi.o

.debug_aranges  0x0000000000000000      0xe10
 .debug_aranges
                0x0000000000000000       0x30 ./Core/Src/adc.o
 .debug_aranges
                0x0000000000000030       0x30 ./Core/Src/astro_targets.o
 .debug_aranges
                0x0000000000000060       0x20 ./Core/Src/gpio.o
 .debug_aranges
                0x0000000000000080       0x30 ./Core/Src/i2c.o
 .debug_aranges
                0x00000000000000b0       0xd0 ./Core/Src/main.o
 .debug_aranges
                0x0000000000000180       0x48 ./Core/Src/rotary_events.o
 .debug_aranges
                0x00000000000001c8       0x30 ./Core/Src/spi.o
 .debug_aranges
                0x00000000000001f8       0x20 ./Core/Src/stm32f1xx_hal_msp.o
 .debug_aranges
                0x0000000000000218       0x70 ./Core/Src/stm32f1xx_it.o
 .debug_aranges
                0x0000000000000288       0x20 ./Core/Src/sysmem.o
 .debug_aranges
                0x00000000000002a8       0x28 ./Core/Src/system_stm32f1xx.o
 .debug_aranges
                0x00000000000002d0       0x28 ./Core/Startup/startup_stm32f103c8tx.o
 .debug_aranges
                0x00000000000002f8      0x150 ./Drivers/Display/Src/sh1106.o
 .debug_aranges
                0x0000000000000448      0x170 ./Drivers/NRF24L01/Src/nrf24l01p.o
 .debug_aranges
                0x00000000000005b8       0xe0 ./Drivers/STM32F1xx_HAL_Driver/Src/stm32f1xx_hal.o
 .debug_aranges
                0x0000000000000698       0xf0 ./Drivers/STM32F1xx_HAL_Driver/Src/stm32f1xx_hal_adc.o
 .debug_aranges
                0x0000000000000788      0x100 ./Drivers/STM32F1xx_HAL_Driver/Src/stm32f1xx_hal_cortex.o
 .debug_aranges
                0x0000000000000888       0x58 ./Drivers/STM32F1xx_HAL_Driver/Src/stm32f1xx_hal_gpio.o
 .debug_aranges
                0x00000000000008e0      0x2a0 ./Drivers/STM32F1xx_HAL_Driver/Src/stm32f1xx_hal_i2c.o
 .debug_aranges
                0x0000000000000b80       0x90 ./Drivers/STM32F1xx_HAL_Driver/Src/stm32f1xx_hal_rcc.o
 .debug_aranges
                0x0000000000000c10       0x30 ./Drivers/STM32F1xx_HAL_Driver/Src/stm32f1xx_hal_rcc_ex.o
 .debug_aranges
                0x0000000000000c40      0x1d0 ./Drivers/STM32F1xx_HAL_Driver/Src/stm32f1xx_hal_spi.o

.debug_ranges   0x0000000000000000      0xce0
 .debug_ranges  0x0000000000000000       0x20 ./Core/Src/adc.o
 .debug_ranges  0x0000000000000020       0x20 ./Core/Src/astro_targets.o
 .debug_ranges  0x0000000000000040       0x10 ./Core/Src/gpio.o
 .debug_ranges  0x0000000000000050       0x20 ./Core/Src/i2c.o
 .debug_ranges  0x0000000000000070       0xc0 ./Core/Src/main.o
 .debug_ranges  0x0000000000000130       0x38 ./Core/Src/rotary_events.o
 .debug_ranges  0x0000000000000168       0x20 ./Core/Src/spi.o
 .debug_ranges  0x0000000000000188       0x10 ./Core/Src/stm32f1xx_hal_msp.o
 .debug_ranges  0x0000000000000198       0x60 ./Core/Src/stm32f1xx_it.o
 .debug_ranges  0x00000000000001f8       0x10 ./Core/Src/sysmem.o
 .debug_ranges  0x0000000000000208       0x18 ./Core/Src/system_stm32f1xx.o
 .debug_ranges  0x0000000000000220       0x20 ./Core/Startup/startup_stm32f103c8tx.o
 .debug_ranges  0x0000000000000240      0x140 ./Drivers/Display/Src/sh1106.o
 .debug_ranges  0x0000000000000380      0x160 ./Drivers/NRF24L01/Src/nrf24l01p.o
 .debug_ranges  0x00000000000004e0       0xd0 ./Drivers/STM32F1xx_HAL_Driver/Src/stm32f1xx_hal.o
 .debug_ranges  0x00000000000005b0       0xe0 ./Drivers/STM32F1xx_HAL_Driver/Src/stm32f1xx_hal_adc.o
 .debug_ranges  0x0000000000000690       0xf0 ./Drivers/STM32F1xx_HAL_Driver/Src/stm32f1xx_hal_cortex.o
 .debug_ranges  0x0000000000000780       0x48 ./Drivers/STM32F1xx_HAL_Driver/Src/stm32f1xx_hal_gpio.o
 .debug_ranges  0x00000000000007c8      0x2b8 ./Drivers/STM32F1xx_HAL_Driver/Src/stm32f1xx_hal_i2c.o
 .debug_ranges  0x0000000000000a80       0x80 ./Drivers/STM32F1xx_HAL_Driver/Src/stm32f1xx_hal_rcc.o
 .debug_ranges  0x0000000000000b00       0x20 ./Drivers/STM32F1xx_HAL_Driver/Src/stm32f1xx_hal_rcc_ex.o
 .debug_ranges  0x0000000000000b20      0x1c0 ./Drivers/STM32F1xx_HAL_Driver/Src/stm32f1xx_hal_spi.o

.debug_macro    0x0000000000000000    0x19205
 .debug_macro   0x0000000000000000      0x1ce ./Core/Src/adc.o
 .debug_macro   0x00000000000001ce      0xa72 ./Core/Src/adc.o
 .debug_macro   0x0000000000000c40      0x221 ./Core/Src/adc.o
 .debug_macro   0x0000000000000e61       0x2e ./Core/Src/adc.o
 .debug_macro   0x0000000000000e8f       0x22 ./Core/Src/adc.o
 .debug_macro   0x0000000000000eb1       0x22 ./Core/Src/adc.o
 .debug_macro   0x0000000000000ed3       0x8e ./Core/Src/adc.o
 .debug_macro   0x0000000000000f61       0x51 ./Core/Src/adc.o
 .debug_macro   0x0000000000000fb2      0x103 ./Core/Src/adc.o
 .debug_macro   0x00000000000010b5       0x6a ./Core/Src/adc.o
 .debug_macro   0x000000000000111f      0x1df ./Core/Src/adc.o
 .debug_macro   0x00000000000012fe       0x1c ./Core/Src/adc.o
 .debug_macro   0x000000000000131a       0x22 ./Core/Src/adc.o
 .debug_macro   0x000000000000133c       0xbd ./Core/Src/adc.o
 .debug_macro   0x00000000000013f9      0xd23 ./Core/Src/adc.o
 .debug_macro   0x000000000000211c     0xe09e ./Core/Src/adc.o
 .debug_macro   0x00000000000101ba       0x6d ./Core/Src/adc.o
 .debug_macro   0x0000000000010227     0x3468 ./Core/Src/adc.o
 .debug_macro   0x000000000001368f      0x174 ./Core/Src/adc.o
 .debug_macro   0x0000000000013803       0x5c ./Core/Src/adc.o
 .debug_macro   0x000000000001385f      0x5be ./Core/Src/adc.o
 .debug_macro   0x0000000000013e1d      0x289 ./Core/Src/adc.o
 .debug_macro   0x00000000000140a6      0x1cb ./Core/Src/adc.o
 .debug_macro   0x0000000000014271      0x114 ./Core/Src/adc.o
 .debug_macro   0x0000000000014385      0x1b2 ./Core/Src/adc.o
 .debug_macro   0x0000000000014537       0x27 ./Core/Src/adc.o
 .debug_macro   0x000000000001455e      0x136 ./Core/Src/adc.o
 .debug_macro   0x0000000000014694      0x1bc ./Core/Src/adc.o
 .debug_macro   0x0000000000014850       0x34 ./Core/Src/adc.o
 .debug_macro   0x0000000000014884       0x3c ./Core/Src/adc.o
 .debug_macro   0x00000000000148c0       0x57 ./Core/Src/adc.o
 .debug_macro   0x0000000000014917      0x46a ./Core/Src/adc.o
 .debug_macro   0x0000000000014d81      0x1b5 ./Core/Src/adc.o
 .debug_macro   0x0000000000014f36       0x88 ./Core/Src/adc.o
 .debug_macro   0x0000000000014fbe      0x241 ./Core/Src/adc.o
 .debug_macro   0x00000000000151ff      0x287 ./Core/Src/adc.o
 .debug_macro   0x0000000000015486      0x141 ./Core/Src/adc.o
 .debug_macro   0x00000000000155c7      0x217 ./Core/Src/adc.o
 .debug_macro   0x00000000000157de       0x83 ./Core/Src/adc.o
 .debug_macro   0x0000000000015861       0x22 ./Core/Src/adc.o
 .debug_macro   0x0000000000015883       0x4c ./Core/Src/adc.o
 .debug_macro   0x00000000000158cf      0x1ce ./Core/Src/astro_targets.o
 .debug_macro   0x0000000000015a9d      0x1ce ./Core/Src/gpio.o
 .debug_macro   0x0000000000015c6b      0x1ce ./Core/Src/i2c.o
 .debug_macro   0x0000000000015e39      0x3bd ./Core/Src/main.o
 .debug_macro   0x00000000000161f6       0x52 ./Core/Src/main.o
 .debug_macro   0x0000000000016248       0x18 ./Core/Src/main.o
 .debug_macro   0x0000000000016260       0x3c ./Core/Src/main.o
 .debug_macro   0x000000000001629c       0x34 ./Core/Src/main.o
 .debug_macro   0x00000000000162d0       0x16 ./Core/Src/main.o
 .debug_macro   0x00000000000162e6       0x35 ./Core/Src/main.o
 .debug_macro   0x000000000001631b      0x341 ./Core/Src/main.o
 .debug_macro   0x000000000001665c       0x10 ./Core/Src/main.o
 .debug_macro   0x000000000001666c       0x16 ./Core/Src/main.o
 .debug_macro   0x0000000000016682       0x43 ./Core/Src/main.o
 .debug_macro   0x00000000000166c5       0x34 ./Core/Src/main.o
 .debug_macro   0x00000000000166f9       0x10 ./Core/Src/main.o
 .debug_macro   0x0000000000016709       0x58 ./Core/Src/main.o
 .debug_macro   0x0000000000016761       0x71 ./Core/Src/main.o
 .debug_macro   0x00000000000167d2       0x1c ./Core/Src/main.o
 .debug_macro   0x00000000000167ee      0x12a ./Core/Src/main.o
 .debug_macro   0x0000000000016918       0x10 ./Core/Src/main.o
 .debug_macro   0x0000000000016928       0x1c ./Core/Src/main.o
 .debug_macro   0x0000000000016944       0x52 ./Core/Src/main.o
 .debug_macro   0x0000000000016996       0x22 ./Core/Src/main.o
 .debug_macro   0x00000000000169b8       0x10 ./Core/Src/main.o
 .debug_macro   0x00000000000169c8       0x52 ./Core/Src/main.o
 .debug_macro   0x0000000000016a1a       0xd5 ./Core/Src/main.o
 .debug_macro   0x0000000000016aef       0x1c ./Core/Src/main.o
 .debug_macro   0x0000000000016b0b       0x3d ./Core/Src/main.o
 .debug_macro   0x0000000000016b48       0x16 ./Core/Src/main.o
 .debug_macro   0x0000000000016b5e      0x145 ./Core/Src/main.o
 .debug_macro   0x0000000000016ca3      0x19b ./Core/Src/main.o
 .debug_macro   0x0000000000016e3e       0x16 ./Core/Src/main.o
 .debug_macro   0x0000000000016e54       0x2e ./Core/Src/main.o
 .debug_macro   0x0000000000016e82       0xee ./Core/Src/main.o
 .debug_macro   0x0000000000016f70      0x17e ./Core/Src/main.o
 .debug_macro   0x00000000000170ee       0x16 ./Core/Src/main.o
 .debug_macro   0x0000000000017104      0x1d3 ./Core/Src/rotary_events.o
 .debug_macro   0x00000000000172d7       0x10 ./Core/Src/rotary_events.o
 .debug_macro   0x00000000000172e7      0x1ce ./Core/Src/spi.o
 .debug_macro   0x00000000000174b5      0x1c4 ./Core/Src/stm32f1xx_hal_msp.o
 .debug_macro   0x0000000000017679      0x1e1 ./Core/Src/stm32f1xx_it.o
 .debug_macro   0x000000000001785a       0xff ./Core/Src/sysmem.o
 .debug_macro   0x0000000000017959      0x23b ./Core/Src/sysmem.o
 .debug_macro   0x0000000000017b94      0x1ac ./Core/Src/system_stm32f1xx.o
 .debug_macro   0x0000000000017d40      0x2bd ./Drivers/Display/Src/sh1106.o
 .debug_macro   0x0000000000017ffd       0x10 ./Drivers/Display/Src/sh1106.o
 .debug_macro   0x000000000001800d       0x20 ./Drivers/Display/Src/sh1106.o
 .debug_macro   0x000000000001802d      0x1f3 ./Drivers/NRF24L01/Src/nrf24l01p.o
 .debug_macro   0x0000000000018220      0x178 ./Drivers/NRF24L01/Src/nrf24l01p.o
 .debug_macro   0x0000000000018398      0x1d0 ./Drivers/STM32F1xx_HAL_Driver/Src/stm32f1xx_hal.o
 .debug_macro   0x0000000000018568      0x1c9 ./Drivers/STM32F1xx_HAL_Driver/Src/stm32f1xx_hal_adc.o
 .debug_macro   0x0000000000018731      0x1ac ./Drivers/STM32F1xx_HAL_Driver/Src/stm32f1xx_hal_cortex.o
 .debug_macro   0x00000000000188dd      0x217 ./Drivers/STM32F1xx_HAL_Driver/Src/stm32f1xx_hal_gpio.o
 .debug_macro   0x0000000000018af4      0x1f3 ./Drivers/STM32F1xx_HAL_Driver/Src/stm32f1xx_hal_i2c.o
 .debug_macro   0x0000000000018ce7      0x1be ./Drivers/STM32F1xx_HAL_Driver/Src/stm32f1xx_hal_rcc.o
 .debug_macro   0x0000000000018ea5      0x1ac ./Drivers/STM32F1xx_HAL_Driver/Src/stm32f1xx_hal_rcc_ex.o
 .debug_macro   0x0000000000019051      0x1b4 ./Drivers/STM32F1xx_HAL_Driver/Src/stm32f1xx_hal_spi.o

.debug_line     0x0000000000000000    0x112aa
 .debug_line    0x0000000000000000      0x704 ./Core/Src/adc.o
 .debug_line    0x0000000000000704      0x6f1 ./Core/Src/astro_targets.o
 .debug_line    0x0000000000000df5      0x6d7 ./Core/Src/gpio.o
 .debug_line    0x00000000000014cc      0x6fa ./Core/Src/i2c.o
 .debug_line    0x0000000000001bc6     0x111c ./Core/Src/main.o
 .debug_line    0x0000000000002ce2      0x753 ./Core/Src/rotary_events.o
 .debug_line    0x0000000000003435      0x70c ./Core/Src/spi.o
 .debug_line    0x0000000000003b41      0x695 ./Core/Src/stm32f1xx_hal_msp.o
 .debug_line    0x00000000000041d6      0x7a0 ./Core/Src/stm32f1xx_it.o
 .debug_line    0x0000000000004976      0x4ea ./Core/Src/sysmem.o