../Drivers/Display/Src/sh1106.c:30:13:SH1106_cmd	32	static
../Drivers/Display/Src/sh1106.c:41:13:SH1106_data	24	static
../Drivers/Display/Src/sh1106.c:49:6:SH1106_Init	8	static
../Drivers/Display/Src/sh1106.c:111:6:SH1106_setContrast	16	static
../Drivers/Display/Src/sh1106.c:121:6:SH1106_setAllPixelsOn	16	static
../Drivers/Display/Src/sh1106.c:129:6:SH1106_setInvert	16	static
../Drivers/Display/Src/sh1106.c:137:6:SH1106_setDisplayState	16	static
../Drivers/Display/Src/sh1106.c:146:6:SH1106_setXDir	16	static
../Drivers/Display/Src/sh1106.c:155:6:SH1106_setYDir	16	static
../Drivers/Display/Src/sh1106.c:164:6:SH1106_orientation	16	static
../Drivers/Display/Src/sh1106.c:202:6:SH1106_clear	16	static
../Drivers/Display/Src/sh1106.c:211:6:SH1106_flush	16	static
../Drivers/Display/Src/sh1106.c:230:6:SH1106_fill	24	static
../Drivers/Display/Src/sh1106.c:241:6:SH1106_cleanInit	8	static
../Drivers/Display/Src/sh1106.c:256:6:SH1106_scrollHSetup	24	static
../Drivers/Display/Src/sh1106.c:277:6:SH1106_scrollDSetup	24	static
../Drivers/Display/Src/sh1106.c:294:6:SH1106_scrollStart	8	static
../Drivers/Display/Src/sh1106.c:301:6:SH1106_scrollStop	8	static
../Drivers/Display/Src/sh1106.c:314:6:SH1106_pixel	24	static
../Drivers/Display/Src/sh1106.c:374:13:SH1106_drawHLineInt	24	static
../Drivers/Display/Src/sh1106.c:408:13:SH1106_drawVLineInt	24	static
../Drivers/Display/Src/sh1106.c:503:6:SH1106_drawHLine	24	static
../Drivers/Display/Src/sh1106.c:527:6:SH1106_drawVLine	24	static
../Drivers/Display/Src/sh1106.c:551:6:SH1106_drawRect	24	static
../Drivers/Display/Src/sh1106.c:562:6:SH1106_fillRect	32	static
../Drivers/Display/Src/sh1106.c:613:6:SH1106_drawLine	40	static
../Drivers/Display/Src/sh1106.c:668:6:SH1106_drawCircle	32	static
../Drivers/Display/Src/sh1106.c:730:6:SH1106_drawEllipse	72	static
../Drivers/Display/Src/sh1106.c:792:6:SH1106_drawRoundRectFill	32	static
../Drivers/Display/Src/sh1106.c:806:9:SH1106_printChar	24	static
../Drivers/Display/Src/sh1106.c:921:10:SH1106_printStr	32	static
../Drivers/Display/Src/sh1106.c:945:10:SH1106_printStrLF	32	static
../Drivers/Display/Src/sh1106.c:972:9:SH1106_printInt	48	static
../Drivers/Display/Src/sh1106.c:1008:9:SH1106_printIntU	40	static
../Drivers/Display/Src/sh1106.c:1036:9:SH1106_printIntF	48	static
../Drivers/Display/Src/sh1106.c:1092:9:SH1106_printIntLZ	40	static
../Drivers/Display/Src/sh1106.c:1135:9:SH1106_printHex	40	static
../Drivers/Display/Src/sh1106.c:1167:6:SH1106_drawBitmap	32	static
../Drivers/Display/Src/sh1106.c:1200:6:SH1106_drawBitmapFullscreen	16	static
