../Core/Src/main.c:229:5:main	40	static
../Core/Src/main.c:349:6:SystemClock_Config	88	static
../Core/Src/main.c:388:6:nRF24_TX_ESB_setup	8	static
../Core/Src/main.c:438:6:send_data	24	static
../Core/Src/main.c:472:13:handle_list_menu_changes	32	static
../Core/Src/main.c:492:1:handle_settings_menu_changes	32	static
../Core/Src/main.c:505:13:handle_menu_list_arrow	32	static
../Core/Src/main.c:513:13:main_menu_select_handler	16	static
../Core/Src/main.c:546:13:target_menu_select_handler	80	static
../Core/Src/main.c:558:13:mode_menu_select_handler	16	static
../Core/Src/main.c:567:6:handle_nav_menu_select	16	static
../Core/Src/main.c:594:6:handle_monitor_select	8	static
../Core/Src/main.c:601:6:handle_settings_select	8	static
../Core/Src/main.c:625:6:load_list_menu_changes	24	static
../Core/Src/main.c:655:13:show_declination	24	static
../Core/Src/main.c:667:13:show_right_ascension	24	static
../Core/Src/main.c:682:6:show_monitor	32	static
../Core/Src/main.c:703:6:show_main_menu	16	static
../Core/Src/main.c:728:6:show_target_menu	80	static
../Core/Src/main.c:753:6:show_mode_menu	16	static
../Core/Src/main.c:778:6:show_settings_adjust	88	static
../Core/Src/main.c:833:6:load_settings_changes	32	static
../Core/Src/main.c:913:6:Error_Handler	4	static,ignoring_inline_asm
