../Drivers/NRF24L01/Src/nrf24l01p.c:37:20:nRF24_CSN_L	8	static
../Drivers/NRF24L01/Src/nrf24l01p.c:41:20:nRF24_CSN_H	8	static
../Drivers/NRF24L01/Src/nrf24l01p.c:45:23:nRF24_LL_RW	32	static
../Drivers/NRF24L01/Src/nrf24l01p.c:57:16:nRF24_ReadReg	24	static
../Drivers/NRF24L01/Src/nrf24l01p.c:72:13:nRF24_WriteReg	16	static
../Drivers/NRF24L01/Src/nrf24l01p.c:95:13:nRF24_ReadMBReg	24	static
../Drivers/NRF24L01/Src/nrf24l01p.c:109:13:nRF24_WriteMBReg	16	static
../Drivers/NRF24L01/Src/nrf24l01p.c:120:6:nRF24_Init	8	static
../Drivers/NRF24L01/Src/nrf24l01p.c:154:6:nRF24_Check	24	static
../Drivers/NRF24L01/Src/nrf24l01p.c:175:6:nRF24_SetPowerMode	24	static
../Drivers/NRF24L01/Src/nrf24l01p.c:194:6:nRF24_SetOperationalMode	24	static
../Drivers/NRF24L01/Src/nrf24l01p.c:207:6:nRF24_SetDynamicPayloadLength	24	static
../Drivers/NRF24L01/Src/nrf24l01p.c:222:6:nRF24_SetPayloadWithAck	24	static
../Drivers/NRF24L01/Src/nrf24l01p.c:237:6:nRF24_SetCRCScheme	24	static
../Drivers/NRF24L01/Src/nrf24l01p.c:252:6:nRF24_SetRFChannel	16	static
../Drivers/NRF24L01/Src/nrf24l01p.c:261:6:nRF24_SetAutoRetr	16	static
../Drivers/NRF24L01/Src/nrf24l01p.c:270:6:nRF24_SetAddrWidth	16	static
../Drivers/NRF24L01/Src/nrf24l01p.c:284:6:nRF24_SetAddr	24	static
../Drivers/NRF24L01/Src/nrf24l01p.c:319:6:nRF24_SetTXPower	24	static
../Drivers/NRF24L01/Src/nrf24l01p.c:332:6:nRF24_SetDataRate	24	static
../Drivers/NRF24L01/Src/nrf24l01p.c:347:6:nRF24_SetRXPipe	24	static
../Drivers/NRF24L01/Src/nrf24l01p.c:370:6:nRF24_ClosePipe	24	static
../Drivers/NRF24L01/Src/nrf24l01p.c:382:6:nRF24_EnableAA	24	static
../Drivers/NRF24L01/Src/nrf24l01p.c:394:6:nRF24_DisableAA	24	static
../Drivers/NRF24L01/Src/nrf24l01p.c:410:9:nRF24_GetStatus	8	static
../Drivers/NRF24L01/Src/nrf24l01p.c:416:9:nRF24_GetIRQFlags	8	static
../Drivers/NRF24L01/Src/nrf24l01p.c:422:9:nRF24_GetStatus_RXFIFO	8	static
../Drivers/NRF24L01/Src/nrf24l01p.c:429:9:nRF24_GetStatus_TXFIFO	8	static
../Drivers/NRF24L01/Src/nrf24l01p.c:435:9:nRF24_GetRXSource	8	static
../Drivers/NRF24L01/Src/nrf24l01p.c:443:9:nRF24_GetRetransmitCounters	8	static
../Drivers/NRF24L01/Src/nrf24l01p.c:448:6:nRF24_ResetPLOS	16	static
../Drivers/NRF24L01/Src/nrf24l01p.c:457:6:nRF24_FlushTX	8	static
../Drivers/NRF24L01/Src/nrf24l01p.c:462:6:nRF24_FlushRX	8	static
../Drivers/NRF24L01/Src/nrf24l01p.c:467:6:nRF24_ClearIRQFlags	16	static
../Drivers/NRF24L01/Src/nrf24l01p.c:480:6:nRF24_WritePayload	16	static
../Drivers/NRF24L01/Src/nrf24l01p.c:484:16:nRF24_GetRxDplPayloadWidth	16	static
../Drivers/NRF24L01/Src/nrf24l01p.c:496:23:nRF24_ReadPayloadGeneric	32	static
../Drivers/NRF24L01/Src/nrf24l01p.c:536:16:nRF24_ReadPayload	16	static
../Drivers/NRF24L01/Src/nrf24l01p.c:540:16:nRF24_TransmitPacket	24	static
../Drivers/NRF24L01/Src/nrf24l01p.c:583:16:nRF24_ReadPayloadDpl	16	static
../Drivers/NRF24L01/Src/nrf24l01p.c:587:9:nRF24_GetFeatures	8	static
../Drivers/NRF24L01/Src/nrf24l01p.c:591:6:nRF24_ActivateFeatures	8	static
../Drivers/NRF24L01/Src/nrf24l01p.c:598:6:nRF24_WriteAckPayload	16	static
