Archive member included to satisfy reference by file (symbol)

c:/nxp/mcuxpressoide_11.5.1_7266/ide/tools/bin/../lib/gcc/arm-none-eabi/10.3.1/thumb/v7-m/nofp\libgcc.a(_arm_muldf3.o)
                              CMakeFiles/EQ_CONTROLLER.elf.dir/Core/Src/main.c.obj (__aeabi_dmul)
c:/nxp/mcuxpressoide_11.5.1_7266/ide/tools/bin/../lib/gcc/arm-none-eabi/10.3.1/thumb/v7-m/nofp\libgcc.a(_arm_addsubdf3.o)
                              CMakeFiles/EQ_CONTROLLER.elf.dir/Core/Src/main.c.obj (__aeabi_dadd)
c:/nxp/mcuxpressoide_11.5.1_7266/ide/tools/bin/../lib/gcc/arm-none-eabi/10.3.1/thumb/v7-m/nofp\libgcc.a(_arm_muldivdf3.o)
                              CMakeFiles/EQ_CONTROLLER.elf.dir/Core/Src/main.c.obj (__aeabi_ddiv)
c:/nxp/mcuxpressoide_11.5.1_7266/ide/tools/bin/../lib/gcc/arm-none-eabi/10.3.1/thumb/v7-m/nofp\libgcc.a(_arm_cmpdf2.o)
                              CMakeFiles/EQ_CONTROLLER.elf.dir/Core/Src/main.c.obj (__aeabi_dcmpgt)
c:/nxp/mcuxpressoide_11.5.1_7266/ide/tools/bin/../lib/gcc/arm-none-eabi/10.3.1/thumb/v7-m/nofp\libgcc.a(_arm_fixdfsi.o)
                              CMakeFiles/EQ_CONTROLLER.elf.dir/Core/Src/main.c.obj (__aeabi_d2iz)
c:/nxp/mcuxpressoide_11.5.1_7266/ide/tools/bin/../lib/gcc/arm-none-eabi/10.3.1/thumb/v7-m/nofp\libgcc.a(_arm_addsubsf3.o)
                              CMakeFiles/EQ_CONTROLLER.elf.dir/Drivers/Display/Src/sh1106.c.obj (__aeabi_fadd)
c:/nxp/mcuxpressoide_11.5.1_7266/ide/tools/bin/../lib/gcc/arm-none-eabi/10.3.1/thumb/v7-m/nofp\libgcc.a(_arm_muldivsf3.o)
                              CMakeFiles/EQ_CONTROLLER.elf.dir/Drivers/Display/Src/sh1106.c.obj (__aeabi_fdiv)
c:/nxp/mcuxpressoide_11.5.1_7266/ide/tools/bin/../lib/gcc/arm-none-eabi/10.3.1/thumb/v7-m/nofp\libgcc.a(_arm_fixunssfsi.o)
                              CMakeFiles/EQ_CONTROLLER.elf.dir/Drivers/Display/Src/sh1106.c.obj (__aeabi_f2uiz)
c:/nxp/mcuxpressoide_11.5.1_7266/ide/tools/bin/../lib/gcc/arm-none-eabi/10.3.1/../../../../arm-none-eabi/lib/thumb/v7-m/nofp\libg.a(lib_a-errno.o)
                              CMakeFiles/EQ_CONTROLLER.elf.dir/Core/Src/syscalls.c.obj (__errno)
c:/nxp/mcuxpressoide_11.5.1_7266/ide/tools/bin/../lib/gcc/arm-none-eabi/10.3.1/../../../../arm-none-eabi/lib/thumb/v7-m/nofp\libg.a(lib_a-exit.o)
                              c:/nxp/mcuxpressoide_11.5.1_7266/ide/tools/bin/../lib/gcc/arm-none-eabi/10.3.1/../../../../arm-none-eabi/lib/thumb/v7-m/nofp/crt0.o (exit)
c:/nxp/mcuxpressoide_11.5.1_7266/ide/tools/bin/../lib/gcc/arm-none-eabi/10.3.1/../../../../arm-none-eabi/lib/thumb/v7-m/nofp\libg.a(lib_a-impure.o)
                              c:/nxp/mcuxpressoide_11.5.1_7266/ide/tools/bin/../lib/gcc/arm-none-eabi/10.3.1/../../../../arm-none-eabi/lib/thumb/v7-m/nofp\libg.a(lib_a-exit.o) (_global_impure_ptr)
c:/nxp/mcuxpressoide_11.5.1_7266/ide/tools/bin/../lib/gcc/arm-none-eabi/10.3.1/../../../../arm-none-eabi/lib/thumb/v7-m/nofp\libg.a(lib_a-init.o)
                              c:/nxp/mcuxpressoide_11.5.1_7266/ide/tools/bin/../lib/gcc/arm-none-eabi/10.3.1/../../../../arm-none-eabi/lib/thumb/v7-m/nofp/crt0.o (__libc_init_array)
c:/nxp/mcuxpressoide_11.5.1_7266/ide/tools/bin/../lib/gcc/arm-none-eabi/10.3.1/../../../../arm-none-eabi/lib/thumb/v7-m/nofp\libg.a(lib_a-memcpy.o)
                              CMakeFiles/EQ_CONTROLLER.elf.dir/Drivers/Display/Src/sh1106.c.obj (memcpy)
c:/nxp/mcuxpressoide_11.5.1_7266/ide/tools/bin/../lib/gcc/arm-none-eabi/10.3.1/../../../../arm-none-eabi/lib/thumb/v7-m/nofp\libg.a(lib_a-memset.o)
                              c:/nxp/mcuxpressoide_11.5.1_7266/ide/tools/bin/../lib/gcc/arm-none-eabi/10.3.1/../../../../arm-none-eabi/lib/thumb/v7-m/nofp/crt0.o (memset)
c:/nxp/mcuxpressoide_11.5.1_7266/ide/tools/bin/../lib/gcc/arm-none-eabi/10.3.1/../../../../arm-none-eabi/lib/thumb/v7-m/nofp\libg.a(lib_a-sprintf.o)
                              CMakeFiles/EQ_CONTROLLER.elf.dir/Core/Src/main.c.obj (sprintf)
c:/nxp/mcuxpressoide_11.5.1_7266/ide/tools/bin/../lib/gcc/arm-none-eabi/10.3.1/../../../../arm-none-eabi/lib/thumb/v7-m/nofp\libg.a(lib_a-svfprintf.o)
                              c:/nxp/mcuxpressoide_11.5.1_7266/ide/tools/bin/../lib/gcc/arm-none-eabi/10.3.1/../../../../arm-none-eabi/lib/thumb/v7-m/nofp\libg.a(lib_a-sprintf.o) (_svfprintf_r)
c:/nxp/mcuxpressoide_11.5.1_7266/ide/tools/bin/../lib/gcc/arm-none-eabi/10.3.1/../../../../arm-none-eabi/lib/thumb/v7-m/nofp\libg.a(lib_a-__call_atexit.o)
                              c:/nxp/mcuxpressoide_11.5.1_7266/ide/tools/bin/../lib/gcc/arm-none-eabi/10.3.1/../../../../arm-none-eabi/lib/thumb/v7-m/nofp\libg.a(lib_a-exit.o) (__call_exitprocs)
c:/nxp/mcuxpressoide_11.5.1_7266/ide/tools/bin/../lib/gcc/arm-none-eabi/10.3.1/../../../../arm-none-eabi/lib/thumb/v7-m/nofp\libg.a(lib_a-atexit.o)
                              c:/nxp/mcuxpressoide_11.5.1_7266/ide/tools/bin/../lib/gcc/arm-none-eabi/10.3.1/../../../../arm-none-eabi/lib/thumb/v7-m/nofp\libg.a(lib_a-__call_atexit.o) (atexit)
[...]
Memory Configuration

Name             Origin             Length             Attributes
RAM              0x20000000         0x00005000         xrw
FLASH            0x08000000         0x00010000         xr
*default*        0x00000000         0xffffffff

Linker script and memory map

LOAD c:/nxp/mcuxpressoide_11.5.1_7266/ide/tools/bin/../lib/gcc/arm-none-eabi/10.3.1/thumb/v7-m/nofp/crti.o
LOAD c:/nxp/mcuxpressoide_11.5.1_7266/ide/tools/bin/../lib/gcc/arm-none-eabi/10.3.1/thumb/v7-m/nofp/crtbegin.o
LOAD c:/nxp/mcuxpressoide_11.5.1_7266/ide/tools/bin/../lib/gcc/arm-none-eabi/10.3.1/../../../../arm-none-eabi/lib/thumb/v7-m/nofp/crt0.o
LOAD CMakeFiles/EQ_CONTROLLER.elf.dir/Core/Src/adc.c.obj
LOAD CMakeFiles/EQ_CONTROLLER.elf.dir/Core/Src/astro_targets.c.obj
LOAD CMakeFiles/EQ_CONTROLLER.elf.dir/Core/Src/gpio.c.obj
LOAD CMakeFiles/EQ_CONTROLLER.elf.dir/Core/Src/i2c.c.obj
LOAD CMakeFiles/EQ_CONTROLLER.elf.dir/Core/Src/main.c.obj
LOAD CMakeFiles/EQ_CONTROLLER.elf.dir/Core/Src/rotary_events.c.obj
LOAD CMakeFiles/EQ_CONTROLLER.elf.dir/Core/Src/spi.c.obj
LOAD CMakeFiles/EQ_CONTROLLER.elf.dir/Core/Src/stm32f1xx_hal_msp.c.obj
LOAD CMakeFiles/EQ_CONTROLLER.elf.dir/Core/Src/stm32f1xx_it.c.obj
LOAD CMakeFiles/EQ_CONTROLLER.elf.dir/Core/Src/syscalls.c.obj
LOAD CMakeFiles/EQ_CONTROLLER.elf.dir/Core/Src/sysmem.c.obj
LOAD CMakeFiles/EQ_CONTROLLER.elf.dir/Core/Src/system_stm32f1xx.c.obj
LOAD CMakeFiles/EQ_CONTROLLER.elf.dir/Core/Startup/startup_stm32f103c8tx.s.obj
LOAD CMakeFiles/EQ_CONTROLLER.elf.dir/Drivers/Display/Src/sh1106.c.obj
LOAD CMakeFiles/EQ_CONTROLLER.elf.dir/Drivers/NRF24L01/Src/nrf24l01p.c.obj
LOAD CMakeFiles/EQ_CONTROLLER.elf.dir/Drivers/STM32F1xx_HAL_Driver/Src/stm32f1xx_hal.c.obj
LOAD CMakeFiles/EQ_CONTROLLER.elf.dir/Drivers/STM32F1xx_HAL_Driver/Src/stm32f1xx_hal_adc.c.obj
LOAD CMakeFiles/EQ_CONTROLLER.elf.dir/Drivers/STM32F1xx_HAL_Driver/Src/stm32f1xx_hal_adc_ex.c.obj
LOAD CMakeFiles/EQ_CONTROLLER.elf.dir/Drivers/STM32F1xx_HAL_Driver/Src/stm32f1xx_hal_cortex.c.obj
LOAD CMakeFiles/EQ_CONTROLLER.elf.dir/Drivers/STM32F1xx_HAL_Driver/Src/stm32f1xx_hal_dma.c.obj
LOAD CMakeFiles/EQ_CONTROLLER.elf.dir/Drivers/STM32F1xx_HAL_Driver/Src/stm32f1xx_hal_exti.c.obj
LOAD CMakeFiles/EQ_CONTROLLER.elf.dir/Drivers/STM32F1xx_HAL_Driver/Src/stm32f1xx_hal_flash.c.obj
LOAD CMakeFiles/EQ_CONTROLLER.elf.dir/Drivers/STM32F1xx_HAL_Driver/Src/stm32f1xx_hal_flash_ex.c.obj
LOAD CMakeFiles/EQ_CONTROLLER.elf.dir/Drivers/STM32F1xx_HAL_Driver/Src/stm32f1xx_hal_gpio.c.obj
LOAD CMakeFiles/EQ_CONTROLLER.elf.dir/Drivers/STM32F1xx_HAL_Driver/Src/stm32f1xx_hal_gpio_ex.c.obj
LOAD CMakeFiles/EQ_CONTROLLER.elf.dir/Drivers/STM32F1xx_HAL_Driver/Src/stm32f1xx_hal_i2c.c.obj
LOAD CMakeFiles/EQ_CONTROLLER.elf.dir/Drivers/STM32F1xx_HAL_Driver/Src/stm32f1xx_hal_pwr.c.obj
LOAD CMakeFiles/EQ_CONTROLLER.elf.dir/Drivers/STM32F1xx_HAL_Driver/Src/stm32f1xx_hal_rcc.c.obj
LOAD CMakeFiles/EQ_CONTROLLER.elf.dir/Drivers/STM32F1xx_HAL_Driver/Src/stm32f1xx_hal_rcc_ex.c.obj
LOAD CMakeFiles/EQ_CONTROLLER.elf.dir/Drivers/STM32F1xx_HAL_Driver/Src/stm32f1xx_hal_spi.c.obj
LOAD CMakeFiles/EQ_CONTROLLER.elf.dir/Drivers/STM32F1xx_HAL_Driver/Src/stm32f1xx_hal_tim.c.obj
LOAD CMakeFiles/EQ_CONTROLLER.elf.dir/Drivers/STM32F1xx_HAL_Driver/Src/stm32f1xx_hal_tim_ex.c.obj
START GROUP
LOAD c:/nxp/mcuxpressoide_11.5.1_7266/ide/tools/bin/../lib/gcc/arm-none-eabi/10.3.1/thumb/v7-m/nofp\libgcc.a
LOAD c:/nxp/mcuxpressoide_11.5.1_7266/ide/tools/bin/../lib/gcc/arm-none-eabi/10.3.1/../../../../arm-none-eabi/lib/thumb/v7-m/nofp\libg.a
LOAD c:/nxp/mcuxpressoide_11.5.1_7266/ide/tools/bin/../lib/gcc/arm-none-eabi/10.3.1/../../../../arm-none-eabi/lib/thumb/v7-m/nofp\libc.a
END GROUP
LOAD c:/nxp/mcuxpressoide_11.5.1_7266/ide/tools/bin/../lib/gcc/arm-none-eabi/10.3.1/thumb/v7-m/nofp/crtend.o
LOAD c:/nxp/mcuxpressoide_11.5.1_7266/ide/tools/bin/../lib/gcc/arm-none-eabi/10.3.1/thumb/v7-m/nofp/crtn.o
                0x20005000                _estack = (ORIGIN (RAM) + LENGTH (RAM))
                0x00000200                _Min_Heap_Size = 0x200
                0x00000400                _Min_Stack_Size = 0x400

.isr_vector     0x08000000      0x10c
                0x08000000                . = ALIGN (0x4)
 *(.isr_vector)
 .isr_vector    0x08000000      0x10c CMakeFiles/EQ_CONTROLLER.elf.dir/Core/Startup/startup_stm32f103c8tx.s.obj
                0x08000000                g_pfnVectors
                0x0800010c                . = ALIGN (0x4)

.text           0x08000110     0xb8cc
                0x08000110                . = ALIGN (0x4)
 *(.text)
 .text          0x08000110       0x40 c:/nxp/mcuxpressoide_11.5.1_7266/ide/tools/bin/../lib/gcc/arm-none-eabi/10.3.1/thumb/v7-m/nofp/crtbegin.o
 .text          0x08000150      0x378 c:/nxp/mcuxpressoide_11.5.1_7266/ide/tools/bin/../lib/gcc/arm-none-eabi/10.3.1/thumb/v7-m/nofp\libgcc.a(_arm_addsubdf3.o)
                0x08000150                __aeabi_drsub
                0x08000158                __aeabi_dsub
                0x08000158                __subdf3
                0x0800015c                __aeabi_dadd
                0x0800015c                __adddf3
                0x080003d4                __floatunsidf
                0x080003d4                __aeabi_ui2d
                0x080003f4                __floatsidf
                0x080003f4                __aeabi_i2d
                0x08000418                __aeabi_f2d
                0x08000418                __extendsfdf2
                0x0800045c                __floatundidf
                0x0800045c                __aeabi_ul2d
                0x0800046c                __floatdidf
                0x0800046c                __aeabi_l2d
 .text          0x080004c8      0x424 c:/nxp/mcuxpressoide_11.5.1_7266/ide/tools/bin/../lib/gcc/arm-none-eabi/10.3.1/thumb/v7-m/nofp\libgcc.a(_arm_muldivdf3.o)
                0x080004c8                __aeabi_dmul
                0x080004c8                __muldf3
                0x0800071c                __divdf3
                0x0800071c                __aeabi_ddiv
 .text          0x080008ec      0x110 c:/nxp/mcuxpressoide_11.5.1_7266/ide/tools/bin/../lib/gcc/arm-none-eabi/10.3.1/thumb/v7-m/nofp\libgcc.a(_arm_cmpdf2.o)
                0x080008ec                __gtdf2
                0x080008ec                __gedf2
                0x080008f4                __ltdf2
                0x080008f4                __ledf2
                0x080008fc                __nedf2
                0x080008fc                __eqdf2
                0x080008fc                __cmpdf2
                0x08000978                __aeabi_cdrcmple
                0x08000988                __aeabi_cdcmpeq
                0x08000988                __aeabi_cdcmple
                0x08000998                __aeabi_dcmpeq
                0x080009ac                __aeabi_dcmplt
                0x080009c0                __aeabi_dcmple
                0x080009d4                __aeabi_dcmpge
                0x080009e8                __aeabi_dcmpgt
 .text          0x080009fc       0x50 c:/nxp/mcuxpressoide_11.5.1_7266/ide/tools/bin/../lib/gcc/arm-none-eabi/10.3.1/thumb/v7-m/nofp\libgcc.a(_arm_fixdfsi.o)
                0x080009fc                __aeabi_d2iz
                0x080009fc                __fixdfsi
 .text          0x08000a4c       0xec c:/nxp/mcuxpressoide_11.5.1_7266/ide/tools/bin/../lib/gcc/arm-none-eabi/10.3.1/../../../../arm-none-eabi/lib/thumb/v7-m/nofp\libg.a(lib_a-memcpy.o)
                0x08000a4c                memcpy
 .text          0x08000b38       0x2c c:/nxp/mcuxpressoide_11.5.1_7266/ide/tools/bin/../lib/gcc/arm-none-eabi/10.3.1/thumb/v7-m/nofp\libgcc.a(_arm_unorddf2.o)
                0x08000b38                __unorddf2
                0x08000b38                __aeabi_dcmpun
 .text          0x08000b64       0x30 c:/nxp/mcuxpressoide_11.5.1_7266/ide/tools/bin/../lib/gcc/arm-none-eabi/10.3.1/thumb/v7-m/nofp\libgcc.a(_aeabi_uldivmod.o)
                0x08000b64                __aeabi_uldivmod
 .text          0x08000b94      0x2d4 c:/nxp/mcuxpressoide_11.5.1_7266/ide/tools/bin/../lib/gcc/arm-none-eabi/10.3.1/thumb/v7-m/nofp\libgcc.a(_udivmoddi4.o)
                0x08000b94                __udivmoddi4
 .text          0x08000e68        0x4 c:/nxp/mcuxpressoide_11.5.1_7266/ide/tools/bin/../lib/gcc/arm-none-eabi/10.3.1/thumb/v7-m/nofp\libgcc.a(_dvmd_tls.o)
                0x08000e68                __aeabi_idiv0
                0x08000e68                __aeabi_ldiv0
 *(.text*)
 .text.MX_ADC1_Init
                0x08000e6c       0x58 CMakeFiles/EQ_CONTROLLER.elf.dir/Core/Src/adc.c.obj
                0x08000e6c                MX_ADC1_Init
 .text.HAL_ADC_MspInit
                0x08000ec4       0x60 CMakeFiles/EQ_CONTROLLER.elf.dir/Core/Src/adc.c.obj
                0x08000ec4                HAL_ADC_MspInit
 .text.astro_targets_init
                0x08000f24       0xcc CMakeFiles/EQ_CONTROLLER.elf.dir/Core/Src/astro_targets.c.obj
                0x08000f24                astro_targets_init
 .text.astro_target_get
                0x08000ff0       0x60 CMakeFiles/EQ_CONTROLLER.elf.dir/Core/Src/astro_targets.c.obj
                0x08000ff0                astro_target_get
 .text.MX_GPIO_Init
                0x08001050      0x110 CMakeFiles/EQ_CONTROLLER.elf.dir/Core/Src/gpio.c.obj
                0x08001050                MX_GPIO_Init
 .text.MX_I2C2_Init
                0x08001160       0x3c CMakeFiles/EQ_CONTROLLER.elf.dir/Core/Src/i2c.c.obj
                0x08001160                MX_I2C2_Init
 .text.HAL_I2C_MspInit
                0x0800119c       0x64 CMakeFiles/EQ_CONTROLLER.elf.dir/Core/Src/i2c.c.obj
                0x0800119c                HAL_I2C_MspInit
 .text.main_menu_select_handler
                0x08001200       0x64 CMakeFiles/EQ_CONTROLLER.elf.dir/Core/Src/main.c.obj
 .text.mode_menu_select_handler
                0x08001264       0x10 CMakeFiles/EQ_CONTROLLER.elf.dir/Core/Src/main.c.obj
 .text.target_menu_select_handler
                0x08001274       0x34 CMakeFiles/EQ_CONTROLLER.elf.dir/Core/Src/main.c.obj
 .text.handle_list_menu_changes
                0x080012a8       0x4a CMakeFiles/EQ_CONTROLLER.elf.dir/Core/Src/main.c.obj
 .text.handle_settings_menu_changes
                0x080012f2       0x3a CMakeFiles/EQ_CONTROLLER.elf.dir/Core/Src/main.c.obj
 .text.handle_menu_list_arrow
                0x0800132c       0x34 CMakeFiles/EQ_CONTROLLER.elf.dir/Core/Src/main.c.obj
 .text.show_declination
                0x08001360       0xa4 CMakeFiles/EQ_CONTROLLER.elf.dir/Core/Src/main.c.obj
 .text.show_right_ascension
                0x08001404       0x38 CMakeFiles/EQ_CONTROLLER.elf.dir/Core/Src/main.c.obj
 .text.nRF24_TX_ESB_setup
                0x0800143c       0x58 CMakeFiles/EQ_CONTROLLER.elf.dir/Core/Src/main.c.obj
                0x0800143c                nRF24_TX_ESB_setup
 .text.send_data
                0x08001494       0x34 CMakeFiles/EQ_CONTROLLER.elf.dir/Core/Src/main.c.obj
                0x08001494                send_data
 .text.handle_nav_menu_select
                0x080014c8       0x54 CMakeFiles/EQ_CONTROLLER.elf.dir/Core/Src/main.c.obj
                0x080014c8                handle_nav_menu_select
 .text.handle_monitor_select
                0x0800151c       0x18 CMakeFiles/EQ_CONTROLLER.elf.dir/Core/Src/main.c.obj
                0x0800151c                handle_monitor_select
 .text.handle_settings_select
                0x08001534       0x18 CMakeFiles/EQ_CONTROLLER.elf.dir/Core/Src/main.c.obj
                0x08001534                handle_settings_select
 .text.load_list_menu_changes
                0x0800154c       0x50 CMakeFiles/EQ_CONTROLLER.elf.dir/Core/Src/main.c.obj
                0x0800154c                load_list_menu_changes
 .text.show_monitor
                0x0800159c       0x78 CMakeFiles/EQ_CONTROLLER.elf.dir/Core/Src/main.c.obj
                0x0800159c                show_monitor
 .text.show_main_menu
                0x08001614       0x6c CMakeFiles/EQ_CONTROLLER.elf.dir/Core/Src/main.c.obj
                0x08001614                show_main_menu
 .text.show_target_menu
                0x08001680       0x70 CMakeFiles/EQ_CONTROLLER.elf.dir/Core/Src/main.c.obj
                0x08001680                show_target_menu
 .text.show_mode_menu
                0x080016f0       0x6c CMakeFiles/EQ_CONTROLLER.elf.dir/Core/Src/main.c.obj
                0x080016f0                show_mode_menu
 *fill*         0x0800175c        0x4 
 .text.show_settings_adjust
                0x08001760      0x1e8 CMakeFiles/EQ_CONTROLLER.elf.dir/Core/Src/main.c.obj
                0x08001760                show_settings_adjust
 .text.load_settings_changes
                0x08001948      0x1bc CMakeFiles/EQ_CONTROLLER.elf.dir/Core/Src/main.c.obj
                0x08001948                load_settings_changes
 .text.Error_Handler
                0x08001b04        0x4 CMakeFiles/EQ_CONTROLLER.elf.dir/Core/Src/main.c.obj
                0x08001b04                Error_Handler
 .text.SystemClock_Config
                0x08001b08       0x84 CMakeFiles/EQ_CONTROLLER.elf.dir/Core/Src/main.c.obj
                0x08001b08                SystemClock_Config
 .text.main     0x08001b8c      0x154 CMakeFiles/EQ_CONTROLLER.elf.dir/Core/Src/main.c.obj
                0x08001b8c                main
 .text.rotary_set_dir
                0x08001ce0       0x28 CMakeFiles/EQ_CONTROLLER.elf.dir/Core/Src/rotary_events.c.obj
                0x08001ce0                rotary_set_dir
 .text.rotary_set_press
                0x08001d08        0xc CMakeFiles/EQ_CONTROLLER.elf.dir/Core/Src/rotary_events.c.obj
                0x08001d08                rotary_set_press
 .text.rotary_pop_dir
                0x08001d14       0x24 CMakeFiles/EQ_CONTROLLER.elf.dir/Core/Src/rotary_events.c.obj
                0x08001d14                rotary_pop_dir
 .text.rotary_pop_press
                0x08001d38       0x24 CMakeFiles/EQ_CONTROLLER.elf.dir/Core/Src/rotary_events.c.obj
                0x08001d38                rotary_pop_press
 .text.rotary_peek_dir
                0x08001d5c        0xc CMakeFiles/EQ_CONTROLLER.elf.dir/Core/Src/rotary_events.c.obj
                0x08001d5c                rotary_peek_dir
 .text.rotary_peek_press
                0x08001d68        0xc CMakeFiles/EQ_CONTROLLER.elf.dir/Core/Src/rotary_events.c.obj
                0x08001d68                rotary_peek_press
 .text.MX_SPI2_Init
                0x08001d74       0x44 CMakeFiles/EQ_CONTROLLER.elf.dir/Core/Src/spi.c.obj
                0x08001d74                MX_SPI2_Init
 .text.HAL_SPI_MspInit
                0x08001db8       0x78 CMakeFiles/EQ_CONTROLLER.elf.dir/Core/Src/spi.c.obj
                0x08001db8                HAL_SPI_MspInit
 .text.HAL_MspInit
                0x08001e30       0x44 CMakeFiles/EQ_CONTROLLER.elf.dir/Core/Src/stm32f1xx_hal_msp.c.obj
                0x08001e30                HAL_MspInit
 .text.NMI_Handler
                0x08001e74        0x2 CMakeFiles/EQ_CONTROLLER.elf.dir/Core/Src/stm32f1xx_it.c.obj
                0x08001e74                NMI_Handler
 .text.HardFault_Handler
                0x08001e76        0x2 CMakeFiles/EQ_CONTROLLER.elf.dir/Core/Src/stm32f1xx_it.c.obj
                0x08001e76                HardFault_Handler
 .text.MemManage_Handler
                0x08001e78        0x2 CMakeFiles/EQ_CONTROLLER.elf.dir/Core/Src/stm32f1xx_it.c.obj
                0x08001e78                MemManage_Handler
 .text.BusFault_Handler
                0x08001e7a        0x2 CMakeFiles/EQ_CONTROLLER.elf.dir/Core/Src/stm32f1xx_it.c.obj
                0x08001e7a                BusFault_Handler
 .text.UsageFault_Handler
                0x08001e7c        0x2 CMakeFiles/EQ_CONTROLLER.elf.dir/Core/Src/stm32f1xx_it.c.obj
                0x08001e7c                UsageFault_Handler
 .text.SVC_Handler
                0x08001e7e        0x2 CMakeFiles/EQ_CONTROLLER.elf.dir/Core/Src/stm32f1xx_it.c.obj
                0x08001e7e                SVC_Handler
 .text.DebugMon_Handler
                0x08001e80        0x2 CMakeFiles/EQ_CONTROLLER.elf.dir/Core/Src/stm32f1xx_it.c.obj
                0x08001e80                DebugMon_Handler
 .text.PendSV_Handler
                0x08001e82        0x2 CMakeFiles/EQ_CONTROLLER.elf.dir/Core/Src/stm32f1xx_it.c.obj
                0x08001e82                PendSV_Handler
 .text.SysTick_Handler
                0x08001e84        0x8 CMakeFiles/EQ_CONTROLLER.elf.dir/Core/Src/stm32f1xx_it.c.obj
                0x08001e84                SysTick_Handler
 .text.EXTI9_5_IRQHandler
                0x08001e8c       0x10 CMakeFiles/EQ_CONTROLLER.elf.dir/Core/Src/stm32f1xx_it.c.obj
                0x08001e8c                EXTI9_5_IRQHandler
 .text.EXTI15_10_IRQHandler
                0x08001e9c       0x10 CMakeFiles/EQ_CONTROLLER.elf.dir/Core/Src/stm32f1xx_it.c.obj
                0x08001e9c                EXTI15_10_IRQHandler
 .text._getpid  0x08001eac        0x4 CMakeFiles/EQ_CONTROLLER.elf.dir/Core/Src/syscalls.c.obj
                0x08001eac                _getpid
 .text._kill    0x08001eb0       0x10 CMakeFiles/EQ_CONTROLLER.elf.dir/Core/Src/syscalls.c.obj
                0x08001eb0                _kill
 .text._exit    0x08001ec0        0xc CMakeFiles/EQ_CONTROLLER.elf.dir/Core/Src/syscalls.c.obj
                0x08001ec0                _exit
 .text._read    0x08001ecc       0x20 CMakeFiles/EQ_CONTROLLER.elf.dir/Core/Src/syscalls.c.obj
                0x08001ecc                _read
 .text._write   0x08001eec       0x1c CMakeFiles/EQ_CONTROLLER.elf.dir/Core/Src/syscalls.c.obj
                0x08001eec                _write
 .text._close   0x08001f08        0x6 CMakeFiles/EQ_CONTROLLER.elf.dir/Core/Src/syscalls.c.obj
                0x08001f08                _close
 .text._fstat   0x08001f0e        0xa CMakeFiles/EQ_CONTROLLER.elf.dir/Core/Src/syscalls.c.obj
                0x08001f0e                _fstat
 .text._isatty  0x08001f18        0x4 CMakeFiles/EQ_CONTROLLER.elf.dir/Core/Src/syscalls.c.obj
                0x08001f18                _isatty
 .text._lseek   0x08001f1c        0x4 CMakeFiles/EQ_CONTROLLER.elf.dir/Core/Src/syscalls.c.obj
                0x08001f1c                _lseek
 .text._sbrk    0x08001f20       0x48 CMakeFiles/EQ_CONTROLLER.elf.dir/Core/Src/sysmem.c.obj
                0x08001f20                _sbrk
 .text.SystemInit
                0x08001f68        0x2 CMakeFiles/EQ_CONTROLLER.elf.dir/Core/Src/system_stm32f1xx.c.obj
                0x08001f68                SystemInit
 *fill*         0x08001f6a        0x2 
 .text.Reset_Handler
                0x08001f6c       0x48 CMakeFiles/EQ_CONTROLLER.elf.dir/Core/Startup/startup_stm32f103c8tx.s.obj
                0x08001f6c                Reset_Handler
 .text.Default_Handler
                0x08001fb4        0x2 CMakeFiles/EQ_CONTROLLER.elf.dir/Core/Startup/startup_stm32f103c8tx.s.obj
                0x08001fb4                RTC_Alarm_IRQHandler
                0x08001fb4                EXTI2_IRQHandler
                0x08001fb4                TIM1_CC_IRQHandler
                0x08001fb4                PVD_IRQHandler
                0x08001fb4                EXTI3_IRQHandler
                0x08001fb4                EXTI0_IRQHandler
                0x08001fb4                I2C2_EV_IRQHandler
                0x08001fb4                ADC1_2_IRQHandler
                0x08001fb4                SPI1_IRQHandler
                0x08001fb4                TAMPER_IRQHandler
                0x08001fb4                DMA1_Channel4_IRQHandler
                0x08001fb4                USART3_IRQHandler
                0x08001fb4                RTC_IRQHandler
                0x08001fb4                DMA1_Channel7_IRQHandler
                0x08001fb4                CAN1_RX1_IRQHandler
                0x08001fb4                TIM4_IRQHandler
                0x08001fb4                I2C1_EV_IRQHandler
                0x08001fb4                DMA1_Channel6_IRQHandler
                0x08001fb4                TIM3_IRQHandler
                0x08001fb4                RCC_IRQHandler
                0x08001fb4                TIM1_TRG_COM_IRQHandler
                0x08001fb4                DMA1_Channel1_IRQHandler
                0x08001fb4                Default_Handler
                0x08001fb4                SPI2_IRQHandler
                0x08001fb4                DMA1_Channel5_IRQHandler
                0x08001fb4                EXTI4_IRQHandler
                0x08001fb4                USB_LP_CAN1_RX0_IRQHandler
                0x08001fb4                USB_HP_CAN1_TX_IRQHandler
                0x08001fb4                DMA1_Channel3_IRQHandler
                0x08001fb4                TIM1_UP_IRQHandler
                0x08001fb4                WWDG_IRQHandler
                0x08001fb4                TIM2_IRQHandler
                0x08001fb4                TIM1_BRK_IRQHandler
                0x08001fb4                EXTI1_IRQHandler
                0x08001fb4                USART2_IRQHandler
                0x08001fb4                I2C2_ER_IRQHandler
                0x08001fb4                DMA1_Channel2_IRQHandler
                0x08001fb4                CAN1_SCE_IRQHandler
                0x08001fb4                FLASH_IRQHandler
                0x08001fb4                USART1_IRQHandler
                0x08001fb4                I2C1_ER_IRQHandler
                0x08001fb4                USBWakeUp_IRQHandler
 *fill*         0x08001fb6        0x2 
 .text.SH1106_drawHLineInt
                0x08001fb8       0x88 CMakeFiles/EQ_CONTROLLER.elf.dir/Drivers/Display/Src/sh1106.c.obj
 .text.SH1106_drawVLineInt
                0x08002040       0xf8 CMakeFiles/EQ_CONTROLLER.elf.dir/Drivers/Display/Src/sh1106.c.obj
 .text.SH1106_cmd
                0x08002138       0x28 CMakeFiles/EQ_CONTROLLER.elf.dir/Drivers/Display/Src/sh1106.c.obj
 .text.SH1106_data
                0x08002160       0x20 CMakeFiles/EQ_CONTROLLER.elf.dir/Drivers/Display/Src/sh1106.c.obj
 .text.SH1106_Init
                0x08002180       0xb8 CMakeFiles/EQ_CONTROLLER.elf.dir/Drivers/Display/Src/sh1106.c.obj
                0x08002180                SH1106_Init
 .text.SH1106_setAllPixelsOn
                0x08002238       0x10 CMakeFiles/EQ_CONTROLLER.elf.dir/Drivers/Display/Src/sh1106.c.obj
                0x08002238                SH1106_setAllPixelsOn
 .text.SH1106_clear
                0x08002248       0x28 CMakeFiles/EQ_CONTROLLER.elf.dir/Drivers/Display/Src/sh1106.c.obj
                0x08002248                SH1106_clear
 .text.SH1106_flush
                0x08002270       0x48 CMakeFiles/EQ_CONTROLLER.elf.dir/Drivers/Display/Src/sh1106.c.obj
                0x08002270                SH1106_flush
 .text.SH1106_cleanInit
                0x080022b8       0x1e CMakeFiles/EQ_CONTROLLER.elf.dir/Drivers/Display/Src/sh1106.c.obj
                0x080022b8                SH1106_cleanInit
 *fill*         0x080022d6        0x2 
 .text.SH1106_pixel
                0x080022d8       0x64 CMakeFiles/EQ_CONTROLLER.elf.dir/Drivers/Display/Src/sh1106.c.obj
                0x080022d8                SH1106_pixel
 .text.SH1106_drawHLine
                0x0800233c       0x48 CMakeFiles/EQ_CONTROLLER.elf.dir/Drivers/Display/Src/sh1106.c.obj
                0x0800233c                SH1106_drawHLine
 .text.SH1106_drawVLine
                0x08002384       0x44 CMakeFiles/EQ_CONTROLLER.elf.dir/Drivers/Display/Src/sh1106.c.obj
                0x08002384                SH1106_drawVLine
 .text.SH1106_drawLine
                0x080023c8       0xf8 CMakeFiles/EQ_CONTROLLER.elf.dir/Drivers/Display/Src/sh1106.c.obj
                0x080023c8                SH1106_drawLine
 .text.SH1106_drawCircle
                0x080024c0      0x20c CMakeFiles/EQ_CONTROLLER.elf.dir/Drivers/Display/Src/sh1106.c.obj
                0x080024c0                SH1106_drawCircle
 .text.SH1106_printChar
                0x080026cc      0x19c CMakeFiles/EQ_CONTROLLER.elf.dir/Drivers/Display/Src/sh1106.c.obj
                0x080026cc                SH1106_printChar
 .text.SH1106_printStr
                0x08002868       0x48 CMakeFiles/EQ_CONTROLLER.elf.dir/Drivers/Display/Src/sh1106.c.obj
                0x08002868                SH1106_printStr
 .text.SH1106_printInt
                0x080028b0       0x80 CMakeFiles/EQ_CONTROLLER.elf.dir/Drivers/Display/Src/sh1106.c.obj
                0x080028b0                SH1106_printInt
 .text.SH1106_drawBitmap
                0x08002930       0x74 CMakeFiles/EQ_CONTROLLER.elf.dir/Drivers/Display/Src/sh1106.c.obj
                0x08002930                SH1106_drawBitmap
 .text.SH1106_drawBitmapFullscreen
                0x080029a4       0x14 CMakeFiles/EQ_CONTROLLER.elf.dir/Drivers/Display/Src/sh1106.c.obj
                0x080029a4                SH1106_drawBitmapFullscreen
 .text.nRF24_ReadReg
                0x080029b8       0x6c CMakeFiles/EQ_CONTROLLER.elf.dir/Drivers/NRF24L01/Src/nrf24l01p.c.obj
 .text.nRF24_ReadMBReg
                0x08002a24       0x7c CMakeFiles/EQ_CONTROLLER.elf.dir/Drivers/NRF24L01/Src/nrf24l01p.c.obj
 .text.nRF24_WriteMBReg
                0x08002aa0       0x70 CMakeFiles/EQ_CONTROLLER.elf.dir/Drivers/NRF24L01/Src/nrf24l01p.c.obj
 .text.nRF24_WriteReg
                0x08002b10       0xa8 CMakeFiles/EQ_CONTROLLER.elf.dir/Drivers/NRF24L01/Src/nrf24l01p.c.obj
 .text.nRF24_Check
                0x08002bb8       0x48 CMakeFiles/EQ_CONTROLLER.elf.dir/Drivers/NRF24L01/Src/nrf24l01p.c.obj
                0x08002bb8                nRF24_Check
 .text.nRF24_SetPowerMode
                0x08002c00       0x22 CMakeFiles/EQ_CONTROLLER.elf.dir/Drivers/NRF24L01/Src/nrf24l01p.c.obj
                0x08002c00                nRF24_SetPowerMode
 .text.nRF24_SetOperationalMode
                0x08002c22       0x1c CMakeFiles/EQ_CONTROLLER.elf.dir/Drivers/NRF24L01/Src/nrf24l01p.c.obj
                0x08002c22                nRF24_SetOperationalMode
 .text.nRF24_SetCRCScheme
                0x08002c3e       0x1c CMakeFiles/EQ_CONTROLLER.elf.dir/Drivers/NRF24L01/Src/nrf24l01p.c.obj
                0x08002c3e                nRF24_SetCRCScheme
 .text.nRF24_SetRFChannel
                0x08002c5a        0xc CMakeFiles/EQ_CONTROLLER.elf.dir/Drivers/NRF24L01/Src/nrf24l01p.c.obj
                0x08002c5a                nRF24_SetRFChannel
 .text.nRF24_SetAutoRetr
                0x08002c66       0x14 CMakeFiles/EQ_CONTROLLER.elf.dir/Drivers/NRF24L01/Src/nrf24l01p.c.obj
                0x08002c66                nRF24_SetAutoRetr
 .text.nRF24_SetAddrWidth
                0x08002c7a        0xc CMakeFiles/EQ_CONTROLLER.elf.dir/Drivers/NRF24L01/Src/nrf24l01p.c.obj
                0x08002c7a                nRF24_SetAddrWidth
 *fill*         0x08002c86        0x2 
 .text.nRF24_SetAddr
                0x08002c88       0xa0 CMakeFiles/EQ_CONTROLLER.elf.dir/Drivers/NRF24L01/Src/nrf24l01p.c.obj
                0x08002c88                nRF24_SetAddr
 .text.nRF24_SetTXPower
                0x08002d28       0x18 CMakeFiles/EQ_CONTROLLER.elf.dir/Drivers/NRF24L01/Src/nrf24l01p.c.obj
                0x08002d28                nRF24_SetTXPower
 .text.nRF24_SetDataRate
                0x08002d40       0x18 CMakeFiles/EQ_CONTROLLER.elf.dir/Drivers/NRF24L01/Src/nrf24l01p.c.obj
                0x08002d40                nRF24_SetDataRate
 .text.nRF24_EnableAA
                0x08002d58       0x1c CMakeFiles/EQ_CONTROLLER.elf.dir/Drivers/NRF24L01/Src/nrf24l01p.c.obj
                0x08002d58                nRF24_EnableAA
 .text.nRF24_GetStatus
                0x08002d74        0xa CMakeFiles/EQ_CONTROLLER.elf.dir/Drivers/NRF24L01/Src/nrf24l01p.c.obj
                0x08002d74                nRF24_GetStatus
 .text.nRF24_GetRetransmitCounters
                0x08002d7e        0xa CMakeFiles/EQ_CONTROLLER.elf.dir/Drivers/NRF24L01/Src/nrf24l01p.c.obj
                0x08002d7e                nRF24_GetRetransmitCounters
 .text.nRF24_ResetPLOS
                0x08002d88       0x12 CMakeFiles/EQ_CONTROLLER.elf.dir/Drivers/NRF24L01/Src/nrf24l01p.c.obj
                0x08002d88                nRF24_ResetPLOS
 .text.nRF24_FlushTX
                0x08002d9a        0xc CMakeFiles/EQ_CONTROLLER.elf.dir/Drivers/NRF24L01/Src/nrf24l01p.c.obj
                0x08002d9a                nRF24_FlushTX
 .text.nRF24_ClearIRQFlags
                0x08002da6       0x16 CMakeFiles/EQ_CONTROLLER.elf.dir/Drivers/NRF24L01/Src/nrf24l01p.c.obj
                0x08002da6                nRF24_ClearIRQFlags
 .text.nRF24_WritePayload
                0x08002dbc        0xe CMakeFiles/EQ_CONTROLLER.elf.dir/Drivers/NRF24L01/Src/nrf24l01p.c.obj
                0x08002dbc                nRF24_WritePayload
 *fill*         0x08002dca        0x2 
 .text.nRF24_TransmitPacket
                0x08002dcc       0x50 CMakeFiles/EQ_CONTROLLER.elf.dir/Drivers/NRF24L01/Src/nrf24l01p.c.obj
                0x08002dcc                nRF24_TransmitPacket
 .text.HAL_InitTick
                0x08002e1c       0x4c CMakeFiles/EQ_CONTROLLER.elf.dir/Drivers/STM32F1xx_HAL_Driver/Src/stm32f1xx_hal.c.obj
                0x08002e1c                HAL_InitTick
 .text.HAL_Init
                0x08002e68       0x24 CMakeFiles/EQ_CONTROLLER.elf.dir/Drivers/STM32F1xx_HAL_Driver/Src/stm32f1xx_hal.c.obj
                0x08002e68                HAL_Init
 .text.HAL_IncTick
                0x08002e8c       0x18 CMakeFiles/EQ_CONTROLLER.elf.dir/Drivers/STM32F1xx_HAL_Driver/Src/stm32f1xx_hal.c.obj
                0x08002e8c                HAL_IncTick
 .text.HAL_GetTick
                0x08002ea4        0xc CMakeFiles/EQ_CONTROLLER.elf.dir/Drivers/STM32F1xx_HAL_Driver/Src/stm32f1xx_hal.c.obj
                0x08002ea4                HAL_GetTick
 .text.HAL_Delay
                0x08002eb0       0x28 CMakeFiles/EQ_CONTROLLER.elf.dir/Drivers/STM32F1xx_HAL_Driver/Src/stm32f1xx_hal.c.obj
                0x08002eb0                HAL_Delay
 .text.HAL_ADC_ConfigChannel
                0x08002ed8      0x144 CMakeFiles/EQ_CONTROLLER.elf.dir/Drivers/STM32F1xx_HAL_Driver/Src/stm32f1xx_hal_adc.c.obj
                0x08002ed8                HAL_ADC_ConfigChannel
 .text.ADC_ConversionStop_Disable
                0x0800301c       0x56 CMakeFiles/EQ_CONTROLLER.elf.dir/Drivers/STM32F1xx_HAL_Driver/Src/stm32f1xx_hal_adc.c.obj
                0x0800301c                ADC_ConversionStop_Disable
 *fill*         0x08003072        0x2 
 .text.HAL_ADC_Init
                0x08003074      0x108 CMakeFiles/EQ_CONTROLLER.elf.dir/Drivers/STM32F1xx_HAL_Driver/Src/stm32f1xx_hal_adc.c.obj
                0x08003074                HAL_ADC_Init
 .text.HAL_NVIC_SetPriorityGrouping
                0x0800317c       0x24 CMakeFiles/EQ_CONTROLLER.elf.dir/Drivers/STM32F1xx_HAL_Driver/Src/stm32f1xx_hal_cortex.c.obj
                0x0800317c                HAL_NVIC_SetPriorityGrouping
 .text.HAL_NVIC_SetPriority
                0x080031a0       0x70 CMakeFiles/EQ_CONTROLLER.elf.dir/Drivers/STM32F1xx_HAL_Driver/Src/stm32f1xx_hal_cortex.c.obj
                0x080031a0                HAL_NVIC_SetPriority
 .text.HAL_NVIC_EnableIRQ
                0x08003210       0x1c CMakeFiles/EQ_CONTROLLER.elf.dir/Drivers/STM32F1xx_HAL_Driver/Src/stm32f1xx_hal_cortex.c.obj
                0x08003210                HAL_NVIC_EnableIRQ
 .text.HAL_SYSTICK_Config
                0x0800322c       0x28 CMakeFiles/EQ_CONTROLLER.elf.dir/Drivers/STM32F1xx_HAL_Driver/Src/stm32f1xx_hal_cortex.c.obj
                0x0800322c                HAL_SYSTICK_Config
 .text.HAL_GPIO_Init
                0x08003254      0x224 CMakeFiles/EQ_CONTROLLER.elf.dir/Drivers/STM32F1xx_HAL_Driver/Src/stm32f1xx_hal_gpio.c.obj
                0x08003254                HAL_GPIO_Init
 .text.HAL_GPIO_ReadPin
                0x08003478        0xe CMakeFiles/EQ_CONTROLLER.elf.dir/Drivers/STM32F1xx_HAL_Driver/Src/stm32f1xx_hal_gpio.c.obj
                0x08003478                HAL_GPIO_ReadPin
 .text.HAL_GPIO_WritePin
                0x08003486        0xc CMakeFiles/EQ_CONTROLLER.elf.dir/Drivers/STM32F1xx_HAL_Driver/Src/stm32f1xx_hal_gpio.c.obj
                0x08003486                HAL_GPIO_WritePin
 .text.HAL_GPIO_EXTI_Callback
                0x08003492        0x2 CMakeFiles/EQ_CONTROLLER.elf.dir/Drivers/STM32F1xx_HAL_Driver/Src/stm32f1xx_hal_gpio.c.obj
                0x08003492                HAL_GPIO_EXTI_Callback
 .text.HAL_GPIO_EXTI_IRQHandler
                0x08003494       0x1c CMakeFiles/EQ_CONTROLLER.elf.dir/Drivers/STM32F1xx_HAL_Driver/Src/stm32f1xx_hal_gpio.c.obj
                0x08003494                HAL_GPIO_EXTI_IRQHandler
 .text.I2C_IsAcknowledgeFailed
                0x080034b0       0x32 CMakeFiles/EQ_CONTROLLER.elf.dir/Drivers/STM32F1xx_HAL_Driver/Src/stm32f1xx_hal_i2c.c.obj
 .text.I2C_WaitOnFlagUntilTimeout
                0x080034e2       0x7c CMakeFiles/EQ_CONTROLLER.elf.dir/Drivers/STM32F1xx_HAL_Driver/Src/stm32f1xx_hal_i2c.c.obj
 .text.I2C_WaitOnMasterAddressFlagUntilTimeout
                0x0800355e       0xaa CMakeFiles/EQ_CONTROLLER.elf.dir/Drivers/STM32F1xx_HAL_Driver/Src/stm32f1xx_hal_i2c.c.obj
 .text.I2C_MasterRequestWrite
                0x08003608       0xb4 CMakeFiles/EQ_CONTROLLER.elf.dir/Drivers/STM32F1xx_HAL_Driver/Src/stm32f1xx_hal_i2c.c.obj
 .text.I2C_WaitOnTXEFlagUntilTimeout
                0x080036bc       0x54 CMakeFiles/EQ_CONTROLLER.elf.dir/Drivers/STM32F1xx_HAL_Driver/Src/stm32f1xx_hal_i2c.c.obj
 .text.I2C_WaitOnBTFFlagUntilTimeout
                0x08003710       0x54 CMakeFiles/EQ_CONTROLLER.elf.dir/Drivers/STM32F1xx_HAL_Driver/Src/stm32f1xx_hal_i2c.c.obj
 .text.HAL_I2C_Init
                0x08003764      0x1bc CMakeFiles/EQ_CONTROLLER.elf.dir/Drivers/STM32F1xx_HAL_Driver/Src/stm32f1xx_hal_i2c.c.obj
                0x08003764                HAL_I2C_Init
 .text.HAL_I2C_Master_Transmit
                0x08003920      0x178 CMakeFiles/EQ_CONTROLLER.elf.dir/Drivers/STM32F1xx_HAL_Driver/Src/stm32f1xx_hal_i2c.c.obj
                0x08003920                HAL_I2C_Master_Transmit
 .text.RCC_Delay
                0x08003a98       0x2c CMakeFiles/EQ_CONTROLLER.elf.dir/Drivers/STM32F1xx_HAL_Driver/Src/stm32f1xx_hal_rcc.c.obj
 .text.HAL_RCC_OscConfig
                0x08003ac4      0x410 CMakeFiles/EQ_CONTROLLER.elf.dir/Drivers/STM32F1xx_HAL_Driver/Src/stm32f1xx_hal_rcc.c.obj
                0x08003ac4                HAL_RCC_OscConfig
 .text.HAL_RCC_GetSysClockFreq
                0x08003ed4       0x70 CMakeFiles/EQ_CONTROLLER.elf.dir/Drivers/STM32F1xx_HAL_Driver/Src/stm32f1xx_hal_rcc.c.obj
                0x08003ed4                HAL_RCC_GetSysClockFreq
 .text.HAL_RCC_ClockConfig
                0x08003f44      0x16c CMakeFiles/EQ_CONTROLLER.elf.dir/Drivers/STM32F1xx_HAL_Driver/Src/stm32f1xx_hal_rcc.c.obj
                0x08003f44                HAL_RCC_ClockConfig
 .text.HAL_RCC_GetHCLKFreq
                0x080040b0        0xc CMakeFiles/EQ_CONTROLLER.elf.dir/Drivers/STM32F1xx_HAL_Driver/Src/stm32f1xx_hal_rcc.c.obj
                0x080040b0                HAL_RCC_GetHCLKFreq
 .text.HAL_RCC_GetPCLK1Freq
                0x080040bc       0x20 CMakeFiles/EQ_CONTROLLER.elf.dir/Drivers/STM32F1xx_HAL_Driver/Src/stm32f1xx_hal_rcc.c.obj
                0x080040bc                HAL_RCC_GetPCLK1Freq
 .text.HAL_RCCEx_PeriphCLKConfig
                0x080040dc      0x118 CMakeFiles/EQ_CONTROLLER.elf.dir/Drivers/STM32F1xx_HAL_Driver/Src/stm32f1xx_hal_rcc_ex.c.obj
                0x080040dc                HAL_RCCEx_PeriphCLKConfig
 .text.SPI_WaitFlagStateUntilTimeout
                0x080041f4       0xd4 CMakeFiles/EQ_CONTROLLER.elf.dir/Drivers/STM32F1xx_HAL_Driver/Src/stm32f1xx_hal_spi.c.obj
 .text.SPI_EndRxTxTransaction
                0x080042c8       0x24 CMakeFiles/EQ_CONTROLLER.elf.dir/Drivers/STM32F1xx_HAL_Driver/Src/stm32f1xx_hal_spi.c.obj
 .text.HAL_SPI_Init
                0x080042ec       0xb6 CMakeFiles/EQ_CONTROLLER.elf.dir/Drivers/STM32F1xx_HAL_Driver/Src/stm32f1xx_hal_spi.c.obj
                0x080042ec                HAL_SPI_Init
 .text.HAL_SPI_TransmitReceive
                0x080043a2      0x238 CMakeFiles/EQ_CONTROLLER.elf.dir/Drivers/STM32F1xx_HAL_Driver/Src/stm32f1xx_hal_spi.c.obj
                0x080043a2                HAL_SPI_TransmitReceive
 *fill*         0x080045da        0x2 
 .text.__errno  0x080045dc        0xc c:/nxp/mcuxpressoide_11.5.1_7266/ide/tools/bin/../lib/gcc/arm-none-eabi/10.3.1/../../../../arm-none-eabi/lib/thumb/v7-m/nofp\libg.a(lib_a-errno.o)
                0x080045dc                __errno
 .text.__libc_init_array
                0x080045e8       0x48 c:/nxp/mcuxpressoide_11.5.1_7266/ide/tools/bin/../lib/gcc/arm-none-eabi/10.3.1/../../../../arm-none-eabi/lib/thumb/v7-m/nofp\libg.a(lib_a-init.o)
                0x080045e8                __libc_init_array
 .text.memset   0x08004630       0xa4 c:/nxp/mcuxpressoide_11.5.1_7266/ide/tools/bin/../lib/gcc/arm-none-eabi/10.3.1/../../../../arm-none-eabi/lib/thumb/v7-m/nofp\libg.a(lib_a-memset.o)
                0x08004630                memset
 .text.sprintf  0x080046d4       0x44 c:/nxp/mcuxpressoide_11.5.1_7266/ide/tools/bin/../lib/gcc/arm-none-eabi/10.3.1/../../../../arm-none-eabi/lib/thumb/v7-m/nofp\libg.a(lib_a-sprintf.o)
                0x080046d4                sprintf
 .text._svfprintf_r
                0x08004718     0x1aa4 c:/nxp/mcuxpressoide_11.5.1_7266/ide/tools/bin/../lib/gcc/arm-none-eabi/10.3.1/../../../../arm-none-eabi/lib/thumb/v7-m/nofp\libg.a(lib_a-svfprintf.o)
                0x08004718                _svfprintf_r
 .text.startup.register_fini
                0x080061bc       0x14 c:/nxp/mcuxpressoide_11.5.1_7266/ide/tools/bin/../lib/gcc/arm-none-eabi/10.3.1/../../../../arm-none-eabi/lib/thumb/v7-m/nofp\libg.a(lib_a-__call_atexit.o)
 .text.atexit   0x080061d0        0xc c:/nxp/mcuxpressoide_11.5.1_7266/ide/tools/bin/../lib/gcc/arm-none-eabi/10.3.1/../../../../arm-none-eabi/lib/thumb/v7-m/nofp\libg.a(lib_a-atexit.o)
                0x080061d0                atexit
 .text.quorem   0x080061dc      0x12c c:/nxp/mcuxpressoide_11.5.1_7266/ide/tools/bin/../lib/gcc/arm-none-eabi/10.3.1/../../../../arm-none-eabi/lib/thumb/v7-m/nofp\libg.a(lib_a-dtoa.o)
 .text._dtoa_r  0x08006308      0xecc c:/nxp/mcuxpressoide_11.5.1_7266/ide/tools/bin/../lib/gcc/arm-none-eabi/10.3.1/../../../../arm-none-eabi/lib/thumb/v7-m/nofp\libg.a(lib_a-dtoa.o)
                0x08006308                _dtoa_r
 .text.__libc_fini_array
                0x080071d4       0x2c c:/nxp/mcuxpressoide_11.5.1_7266/ide/tools/bin/../lib/gcc/arm-none-eabi/10.3.1/../../../../arm-none-eabi/lib/thumb/v7-m/nofp\libg.a(lib_a-fini.o)
                0x080071d4                __libc_fini_array
 .text._malloc_trim_r
                0x08007200       0xa0 c:/nxp/mcuxpressoide_11.5.1_7266/ide/tools/bin/../lib/gcc/arm-none-eabi/10.3.1/../../../../arm-none-eabi/lib/thumb/v7-m/nofp\libg.a(lib_a-freer.o)
                0x08007200                _malloc_trim_r
 .text._free_r  0x080072a0      0x200 c:/nxp/mcuxpressoide_11.5.1_7266/ide/tools/bin/../lib/gcc/arm-none-eabi/10.3.1/../../../../arm-none-eabi/lib/thumb/v7-m/nofp\libg.a(lib_a-freer.o)
                0x080072a0                _free_r
 .text._localeconv_r
                0x080074a0        0x8 c:/nxp/mcuxpressoide_11.5.1_7266/ide/tools/bin/../lib/gcc/arm-none-eabi/10.3.1/../../../../arm-none-eabi/lib/thumb/v7-m/nofp\libg.a(lib_a-localeconv.o)
                0x080074a0                _localeconv_r
 .text.__retarget_lock_init_recursive
                0x080074a8        0x4 c:/nxp/mcuxpressoide_11.5.1_7266/ide/tools/bin/../lib/gcc/arm-none-eabi/10.3.1/../../../../arm-none-eabi/lib/thumb/v7-m/nofp\libg.a(lib_a-lock.o)
                0x080074a8                __retarget_lock_init_recursive
 .text.__retarget_lock_close_recursive
                0x080074ac        0x4 c:/nxp/mcuxpressoide_11.5.1_7266/ide/tools/bin/../lib/gcc/arm-none-eabi/10.3.1/../../../../arm-none-eabi/lib/thumb/v7-m/nofp\libg.a(lib_a-lock.o)
                0x080074ac                __retarget_lock_close_recursive
 .text.__retarget_lock_acquire_recursive
                0x080074b0        0x4 c:/nxp/mcuxpressoide_11.5.1_7266/ide/tools/bin/../lib/gcc/arm-none-eabi/10.3.1/../../../../arm-none-eabi/lib/thumb/v7-m/nofp\libg.a(lib_a-lock.o)
                0x080074b0                __retarget_lock_acquire_recursive
 .text.__retarget_lock_release_recursive
                0x080074b4        0x4 c:/nxp/mcuxpressoide_11.5.1_7266/ide/tools/bin/../lib/gcc/arm-none-eabi/10.3.1/../../../../arm-none-eabi/lib/thumb/v7-m/nofp\libg.a(lib_a-lock.o)
                0x080074b4                __retarget_lock_release_recursive
 .text._malloc_r
                0x080074b8      0x558 c:/nxp/mcuxpressoide_11.5.1_7266/ide/tools/bin/../lib/gcc/arm-none-eabi/10.3.1/../../../../arm-none-eabi/lib/thumb/v7-m/nofp\libg.a(lib_a-mallocr.o)
                0x080074b8                _malloc_r
 .text.memchr   0x08007a10       0x90 c:/nxp/mcuxpressoide_11.5.1_7266/ide/tools/bin/../lib/gcc/arm-none-eabi/10.3.1/../../../../arm-none-eabi/lib/thumb/v7-m/nofp\libg.a(lib_a-memchr-stub.o)
                0x08007a10                memchr
 .text.__malloc_lock
                0x08007aa0        0xc c:/nxp/mcuxpressoide_11.5.1_7266/ide/tools/bin/../lib/gcc/arm-none-eabi/10.3.1/../../../../arm-none-eabi/lib/thumb/v7-m/nofp\libg.a(lib_a-mlock.o)
                0x08007aa0                __malloc_lock
 .text.__malloc_unlock
                0x08007aac        0xc c:/nxp/mcuxpressoide_11.5.1_7266/ide/tools/bin/../lib/gcc/arm-none-eabi/10.3.1/../../../../arm-none-eabi/lib/thumb/v7-m/nofp\libg.a(lib_a-mlock.o)
                0x08007aac                __malloc_unlock
 .text._Balloc  0x08007ab8       0x4c c:/nxp/mcuxpressoide_11.5.1_7266/ide/tools/bin/../lib/gcc/arm-none-eabi/10.3.1/../../../../arm-none-eabi/lib/thumb/v7-m/nofp\libg.a(lib_a-mprec.o)
                0x08007ab8                _Balloc
 .text._Bfree   0x08007b04       0x14 c:/nxp/mcuxpressoide_11.5.1_7266/ide/tools/bin/../lib/gcc/arm-none-eabi/10.3.1/../../../../arm-none-eabi/lib/thumb/v7-m/nofp\libg.a(lib_a-mprec.o)
                0x08007b04                _Bfree
 .text.__multadd
                0x08007b18       0xa4 c:/nxp/mcuxpressoide_11.5.1_7266/ide/tools/bin/../lib/gcc/arm-none-eabi/10.3.1/../../../../arm-none-eabi/lib/thumb/v7-m/nofp\libg.a(lib_a-mprec.o)
                0x08007b18                __multadd
 .text.__hi0bits
                0x08007bbc       0x40 c:/nxp/mcuxpressoide_11.5.1_7266/ide/tools/bin/../lib/gcc/arm-none-eabi/10.3.1/../../../../arm-none-eabi/lib/thumb/v7-m/nofp\libg.a(lib_a-mprec.o)
                0x08007bbc                __hi0bits
 .text.__lo0bits
                0x08007bfc       0x58 c:/nxp/mcuxpressoide_11.5.1_7266/ide/tools/bin/../lib/gcc/arm-none-eabi/10.3.1/../../../../arm-none-eabi/lib/thumb/v7-m/nofp\libg.a(lib_a-mprec.o)
                0x08007bfc                __lo0bits
 .text.__i2b    0x08007c54       0x5c c:/nxp/mcuxpressoide_11.5.1_7266/ide/tools/bin/../lib/gcc/arm-none-eabi/10.3.1/../../../../arm-none-eabi/lib/thumb/v7-m/nofp\libg.a(lib_a-mprec.o)
                0x08007c54                __i2b
 .text.__multiply
                0x08007cb0      0x15c c:/nxp/mcuxpressoide_11.5.1_7266/ide/tools/bin/../lib/gcc/arm-none-eabi/10.3.1/../../../../arm-none-eabi/lib/thumb/v7-m/nofp\libg.a(lib_a-mprec.o)
                0x08007cb0                __multiply
 .text.__pow5mult
                0x08007e0c       0xb8 c:/nxp/mcuxpressoide_11.5.1_7266/ide/tools/bin/../lib/gcc/arm-none-eabi/10.3.1/../../../../arm-none-eabi/lib/thumb/v7-m/nofp\libg.a(lib_a-mprec.o)
                0x08007e0c                __pow5mult
 .text.__lshift
                0x08007ec4       0xec c:/nxp/mcuxpressoide_11.5.1_7266/ide/tools/bin/../lib/gcc/arm-none-eabi/10.3.1/../../../../arm-none-eabi/lib/thumb/v7-m/nofp\libg.a(lib_a-mprec.o)
                0x08007ec4                __lshift
 .text.__mcmp   0x08007fb0       0x40 c:/nxp/mcuxpressoide_11.5.1_7266/ide/tools/bin/../lib/gcc/arm-none-eabi/10.3.1/../../../../arm-none-eabi/lib/thumb/v7-m/nofp\libg.a(lib_a-mprec.o)
                0x08007fb0                __mcmp
 .text.__mdiff  0x08007ff0      0x14c c:/nxp/mcuxpressoide_11.5.1_7266/ide/tools/bin/../lib/gcc/arm-none-eabi/10.3.1/../../../../arm-none-eabi/lib/thumb/v7-m/nofp\libg.a(lib_a-mprec.o)
                0x08007ff0                __mdiff
 .text.__d2b    0x0800813c       0xc4 c:/nxp/mcuxpressoide_11.5.1_7266/ide/tools/bin/../lib/gcc/arm-none-eabi/10.3.1/../../../../arm-none-eabi/lib/thumb/v7-m/nofp\libg.a(lib_a-mprec.o)
                0x0800813c                __d2b
 .text.frexp    0x08008200       0x70 c:/nxp/mcuxpressoide_11.5.1_7266/ide/tools/bin/../lib/gcc/arm-none-eabi/10.3.1/../../../../arm-none-eabi/lib/thumb/v7-m/nofp\libg.a(lib_a-s_frexp.o)
                0x08008200                frexp
 .text._sbrk_r  0x08008270       0x24 c:/nxp/mcuxpressoide_11.5.1_7266/ide/tools/bin/../lib/gcc/arm-none-eabi/10.3.1/../../../../arm-none-eabi/lib/thumb/v7-m/nofp\libg.a(lib_a-sbrkr.o)
                0x08008270                _sbrk_r
 .text.strlen   0x08008294       0x5c c:/nxp/mcuxpressoide_11.5.1_7266/ide/tools/bin/../lib/gcc/arm-none-eabi/10.3.1/../../../../arm-none-eabi/lib/thumb/v7-m/nofp\libg.a(lib_a-strlen-stub.o)
                0x08008294                strlen
 .text.strncpy  0x080082f0       0x68 c:/nxp/mcuxpressoide_11.5.1_7266/ide/tools/bin/../lib/gcc/arm-none-eabi/10.3.1/../../../../arm-none-eabi/lib/thumb/v7-m/nofp\libg.a(lib_a-strncpy.o)
                0x080082f0                strncpy
 .text.__ssprint_r
                0x08008358       0xfc c:/nxp/mcuxpressoide_11.5.1_7266/ide/tools/bin/../lib/gcc/arm-none-eabi/10.3.1/../../../../arm-none-eabi/lib/thumb/v7-m/nofp\libg.a(lib_a-svfiprintf.o)
                0x08008358                __ssprint_r
 .text.__register_exitproc
                0x08008454       0x8c c:/nxp/mcuxpressoide_11.5.1_7266/ide/tools/bin/../lib/gcc/arm-none-eabi/10.3.1/../../../../arm-none-eabi/lib/thumb/v7-m/nofp\libg.a(lib_a-__atexit.o)
                0x08008454                __register_exitproc
 .text.__assert_func
                0x080084e0       0x40 c:/nxp/mcuxpressoide_11.5.1_7266/ide/tools/bin/../lib/gcc/arm-none-eabi/10.3.1/../../../../arm-none-eabi/lib/thumb/v7-m/nofp\libg.a(lib_a-assert.o)
                0x080084e0                __assert_func
 .text._calloc_r
                0x08008520       0x78 c:/nxp/mcuxpressoide_11.5.1_7266/ide/tools/bin/../lib/gcc/arm-none-eabi/10.3.1/../../../../arm-none-eabi/lib/thumb/v7-m/nofp\libg.a(lib_a-callocr.o)
                0x08008520                _calloc_r
 .text.fiprintf
                0x08008598       0x28 c:/nxp/mcuxpressoide_11.5.1_7266/ide/tools/bin/../lib/gcc/arm-none-eabi/10.3.1/../../../../arm-none-eabi/lib/thumb/v7-m/nofp\libg.a(lib_a-fiprintf.o)
                0x08008598                fiprintf
 .text.__locale_mb_cur_max
                0x080085c0        0xc c:/nxp/mcuxpressoide_11.5.1_7266/ide/tools/bin/../lib/gcc/arm-none-eabi/10.3.1/../../../../arm-none-eabi/lib/thumb/v7-m/nofp\libg.a(lib_a-locale.o)
                0x080085c0                __locale_mb_cur_max
 .text.__ascii_mbtowc
                0x080085cc       0x2c c:/nxp/mcuxpressoide_11.5.1_7266/ide/tools/bin/../lib/gcc/arm-none-eabi/10.3.1/../../../../arm-none-eabi/lib/thumb/v7-m/nofp\libg.a(lib_a-mbtowc_r.o)
                0x080085cc                __ascii_mbtowc
 .text.memmove  0x080085f8       0xf8 c:/nxp/mcuxpressoide_11.5.1_7266/ide/tools/bin/../lib/gcc/arm-none-eabi/10.3.1/../../../../arm-none-eabi/lib/thumb/v7-m/nofp\libg.a(lib_a-memmove.o)
                0x080085f8                memmove
 .text._realloc_r
                0x080086f0      0x3dc c:/nxp/mcuxpressoide_11.5.1_7266/ide/tools/bin/../lib/gcc/arm-none-eabi/10.3.1/../../../../arm-none-eabi/lib/thumb/v7-m/nofp\libg.a(lib_a-reallocr.o)
                0x080086f0                _realloc_r
 .text.__sprint_r.part.0
                0x08008acc       0x78 c:/nxp/mcuxpressoide_11.5.1_7266/ide/tools/bin/../lib/gcc/arm-none-eabi/10.3.1/../../../../arm-none-eabi/lib/thumb/v7-m/nofp\libg.a(lib_a-vfiprintf.o)
 .text._vfiprintf_r
                0x08008b44      0xd98 c:/nxp/mcuxpressoide_11.5.1_7266/ide/tools/bin/../lib/gcc/arm-none-eabi/10.3.1/../../../../arm-none-eabi/lib/thumb/v7-m/nofp\libg.a(lib_a-vfiprintf.o)
                0x08008b44                _vfiprintf_r
 .text.__sbprintf
                0x080098dc       0x84 c:/nxp/mcuxpressoide_11.5.1_7266/ide/tools/bin/../lib/gcc/arm-none-eabi/10.3.1/../../../../arm-none-eabi/lib/thumb/v7-m/nofp\libg.a(lib_a-vfiprintf.o)
 .text.__ascii_wctomb
                0x08009960       0x1c c:/nxp/mcuxpressoide_11.5.1_7266/ide/tools/bin/../lib/gcc/arm-none-eabi/10.3.1/../../../../arm-none-eabi/lib/thumb/v7-m/nofp\libg.a(lib_a-wctomb_r.o)
                0x08009960                __ascii_wctomb
 .text.__swsetup_r
                0x0800997c       0xd4 c:/nxp/mcuxpressoide_11.5.1_7266/ide/tools/bin/../lib/gcc/arm-none-eabi/10.3.1/../../../../arm-none-eabi/lib/thumb/v7-m/nofp\libg.a(lib_a-wsetup.o)
                0x0800997c                __swsetup_r
 .text.abort    0x08009a50       0x10 c:/nxp/mcuxpressoide_11.5.1_7266/ide/tools/bin/../lib/gcc/arm-none-eabi/10.3.1/../../../../arm-none-eabi/lib/thumb/v7-m/nofp\libg.a(lib_a-abort.o)
                0x08009a50                abort
 .text.__sflush_r
                0x08009a60      0x124 c:/nxp/mcuxpressoide_11.5.1_7266/ide/tools/bin/../lib/gcc/arm-none-eabi/10.3.1/../../../../arm-none-eabi/lib/thumb/v7-m/nofp\libg.a(lib_a-fflush.o)
                0x08009a60                __sflush_r
 .text._fflush_r
                0x08009b84       0x5c c:/nxp/mcuxpressoide_11.5.1_7266/ide/tools/bin/../lib/gcc/arm-none-eabi/10.3.1/../../../../arm-none-eabi/lib/thumb/v7-m/nofp\libg.a(lib_a-fflush.o)
                0x08009b84                _fflush_r
 .text._cleanup_r
                0x08009be0        0xc c:/nxp/mcuxpressoide_11.5.1_7266/ide/tools/bin/../lib/gcc/arm-none-eabi/10.3.1/../../../../arm-none-eabi/lib/thumb/v7-m/nofp\libg.a(lib_a-findfp.o)
                0x08009be0                _cleanup_r
 .text.__sinit  0x08009bec      0x10c c:/nxp/mcuxpressoide_11.5.1_7266/ide/tools/bin/../lib/gcc/arm-none-eabi/10.3.1/../../../../arm-none-eabi/lib/thumb/v7-m/nofp\libg.a(lib_a-findfp.o)
                0x08009bec                __sinit
 .text.__sfp_lock_acquire
                0x08009cf8        0xc c:/nxp/mcuxpressoide_11.5.1_7266/ide/tools/bin/../lib/gcc/arm-none-eabi/10.3.1/../../../../arm-none-eabi/lib/thumb/v7-m/nofp\libg.a(lib_a-findfp.o)
                0x08009cf8                __sfp_lock_acquire
 .text.__sfp_lock_release
                0x08009d04        0xc c:/nxp/mcuxpressoide_11.5.1_7266/ide/tools/bin/../lib/gcc/arm-none-eabi/10.3.1/../../../../arm-none-eabi/lib/thumb/v7-m/nofp\libg.a(lib_a-findfp.o)
                0x08009d04                __sfp_lock_release
 .text.__fputwc
                0x08009d10       0xa0 c:/nxp/mcuxpressoide_11.5.1_7266/ide/tools/bin/../lib/gcc/arm-none-eabi/10.3.1/../../../../arm-none-eabi/lib/thumb/v7-m/nofp\libg.a(lib_a-fputwc.o)
                0x08009d10                __fputwc
 .text._fputwc_r
                0x08009db0       0x68 c:/nxp/mcuxpressoide_11.5.1_7266/ide/tools/bin/../lib/gcc/arm-none-eabi/10.3.1/../../../../arm-none-eabi/lib/thumb/v7-m/nofp\libg.a(lib_a-fputwc.o)
                0x08009db0                _fputwc_r
 .text.__sfvwrite_r
                0x08009e18      0x2f0 c:/nxp/mcuxpressoide_11.5.1_7266/ide/tools/bin/../lib/gcc/arm-none-eabi/10.3.1/../../../../arm-none-eabi/lib/thumb/v7-m/nofp\libg.a(lib_a-fvwrite.o)
                0x08009e18                __sfvwrite_r
 .text._fwalk_reent
                0x0800a108       0x48 c:/nxp/mcuxpressoide_11.5.1_7266/ide/tools/bin/../lib/gcc/arm-none-eabi/10.3.1/../../../../arm-none-eabi/lib/thumb/v7-m/nofp\libg.a(lib_a-fwalk.o)
                0x0800a108                _fwalk_reent
 .text.__smakebuf_r
                0x0800a150       0xe0 c:/nxp/mcuxpressoide_11.5.1_7266/ide/tools/bin/../lib/gcc/arm-none-eabi/10.3.1/../../../../arm-none-eabi/lib/thumb/v7-m/nofp\libg.a(lib_a-makebuf.o)
                0x0800a150                __smakebuf_r
 .text.raise    0x0800a230       0x5c c:/nxp/mcuxpressoide_11.5.1_7266/ide/tools/bin/../lib/gcc/arm-none-eabi/10.3.1/../../../../arm-none-eabi/lib/thumb/v7-m/nofp\libg.a(lib_a-signal.o)
                0x0800a230                raise
 .text._kill_r  0x0800a28c       0x28 c:/nxp/mcuxpressoide_11.5.1_7266/ide/tools/bin/../lib/gcc/arm-none-eabi/10.3.1/../../../../arm-none-eabi/lib/thumb/v7-m/nofp\libg.a(lib_a-signalr.o)
                0x0800a28c                _kill_r
 .text._getpid_r
                0x0800a2b4        0x4 c:/nxp/mcuxpressoide_11.5.1_7266/ide/tools/bin/../lib/gcc/arm-none-eabi/10.3.1/../../../../arm-none-eabi/lib/thumb/v7-m/nofp\libg.a(lib_a-signalr.o)
                0x0800a2b4                _getpid_r
 .text.__sread  0x0800a2b8       0x24 c:/nxp/mcuxpressoide_11.5.1_7266/ide/tools/bin/../lib/gcc/arm-none-eabi/10.3.1/../../../../arm-none-eabi/lib/thumb/v7-m/nofp\libg.a(lib_a-stdio.o)
                0x0800a2b8                __sread
 .text.__swrite
                0x0800a2dc       0x40 c:/nxp/mcuxpressoide_11.5.1_7266/ide/tools/bin/../lib/gcc/arm-none-eabi/10.3.1/../../../../arm-none-eabi/lib/thumb/v7-m/nofp\libg.a(lib_a-stdio.o)
                0x0800a2dc                __swrite
 .text.__sseek  0x0800a31c       0x20 c:/nxp/mcuxpressoide_11.5.1_7266/ide/tools/bin/../lib/gcc/arm-none-eabi/10.3.1/../../../../arm-none-eabi/lib/thumb/v7-m/nofp\libg.a(lib_a-stdio.o)
                0x0800a31c                __sseek
 .text.__sclose
                0x0800a33c        0x8 c:/nxp/mcuxpressoide_11.5.1_7266/ide/tools/bin/../lib/gcc/arm-none-eabi/10.3.1/../../../../arm-none-eabi/lib/thumb/v7-m/nofp\libg.a(lib_a-stdio.o)
                0x0800a33c                __sclose
 .text.__swbuf_r
                0x0800a344       0xb0 c:/nxp/mcuxpressoide_11.5.1_7266/ide/tools/bin/../lib/gcc/arm-none-eabi/10.3.1/../../../../arm-none-eabi/lib/thumb/v7-m/nofp\libg.a(lib_a-wbuf.o)
                0x0800a344                __swbuf_r
 .text._wcrtomb_r
                0x0800a3f4       0x3c c:/nxp/mcuxpressoide_11.5.1_7266/ide/tools/bin/../lib/gcc/arm-none-eabi/10.3.1/../../../../arm-none-eabi/lib/thumb/v7-m/nofp\libg.a(lib_a-wcrtomb.o)
                0x0800a3f4                _wcrtomb_r
 .text._write_r
                0x0800a430       0x2c c:/nxp/mcuxpressoide_11.5.1_7266/ide/tools/bin/../lib/gcc/arm-none-eabi/10.3.1/../../../../arm-none-eabi/lib/thumb/v7-m/nofp\libg.a(lib_a-writer.o)
                0x0800a430                _write_r
 .text._close_r
                0x0800a45c       0x24 c:/nxp/mcuxpressoide_11.5.1_7266/ide/tools/bin/../lib/gcc/arm-none-eabi/10.3.1/../../../../arm-none-eabi/lib/thumb/v7-m/nofp\libg.a(lib_a-closer.o)
                0x0800a45c                _close_r
 .text._fclose_r
                0x0800a480       0xcc c:/nxp/mcuxpressoide_11.5.1_7266/ide/tools/bin/../lib/gcc/arm-none-eabi/10.3.1/../../../../arm-none-eabi/lib/thumb/v7-m/nofp\libg.a(lib_a-fclose.o)
                0x0800a480                _fclose_r
 .text._fstat_r
                0x0800a54c       0x28 c:/nxp/mcuxpressoide_11.5.1_7266/ide/tools/bin/../lib/gcc/arm-none-eabi/10.3.1/../../../../arm-none-eabi/lib/thumb/v7-m/nofp\libg.a(lib_a-fstatr.o)
                0x0800a54c                _fstat_r
 .text._isatty_r
                0x0800a574       0x24 c:/nxp/mcuxpressoide_11.5.1_7266/ide/tools/bin/../lib/gcc/arm-none-eabi/10.3.1/../../../../arm-none-eabi/lib/thumb/v7-m/nofp\libg.a(lib_a-isattyr.o)
                0x0800a574                _isatty_r
 .text._lseek_r
                0x0800a598       0x2c c:/nxp/mcuxpressoide_11.5.1_7266/ide/tools/bin/../lib/gcc/arm-none-eabi/10.3.1/../../../../arm-none-eabi/lib/thumb/v7-m/nofp\libg.a(lib_a-lseekr.o)
                0x0800a598                _lseek_r
 .text._read_r  0x0800a5c4       0x2c c:/nxp/mcuxpressoide_11.5.1_7266/ide/tools/bin/../lib/gcc/arm-none-eabi/10.3.1/../../../../arm-none-eabi/lib/thumb/v7-m/nofp\libg.a(lib_a-readr.o)
                0x0800a5c4                _read_r
 .text.cos      0x0800a5f0       0xa4 c:/nxp/mcuxpressoide_11.5.1_7266/ide/tools/bin/../lib/gcc/arm-none-eabi/10.3.1/../../../../arm-none-eabi/lib/thumb/v7-m/nofp\libm.a(lib_a-s_cos.o)
                0x0800a5f0                cos
 .text.sin      0x0800a694       0xb0 c:/nxp/mcuxpressoide_11.5.1_7266/ide/tools/bin/../lib/gcc/arm-none-eabi/10.3.1/../../../../arm-none-eabi/lib/thumb/v7-m/nofp\libm.a(lib_a-s_sin.o)
                0x0800a694                sin
 *fill*         0x0800a744        0x4 
 .text.__ieee754_rem_pio2
                0x0800a748      0x454 c:/nxp/mcuxpressoide_11.5.1_7266/ide/tools/bin/../lib/gcc/arm-none-eabi/10.3.1/../../../../arm-none-eabi/lib/thumb/v7-m/nofp\libm.a(lib_a-e_rem_pio2.o)
                0x0800a748                __ieee754_rem_pio2
 *fill*         0x0800ab9c        0x4 
 .text.__kernel_cos
                0x0800aba0      0x250 c:/nxp/mcuxpressoide_11.5.1_7266/ide/tools/bin/../lib/gcc/arm-none-eabi/10.3.1/../../../../arm-none-eabi/lib/thumb/v7-m/nofp\libm.a(lib_a-k_cos.o)
                0x0800aba0                __kernel_cos
 .text.__kernel_rem_pio2
                0x0800adf0      0x850 c:/nxp/mcuxpressoide_11.5.1_7266/ide/tools/bin/../lib/gcc/arm-none-eabi/10.3.1/../../../../arm-none-eabi/lib/thumb/v7-m/nofp\libm.a(lib_a-k_rem_pio2.o)
                0x0800adf0                __kernel_rem_pio2
 .text.__kernel_sin
                0x0800b640      0x184 c:/nxp/mcuxpressoide_11.5.1_7266/ide/tools/bin/../lib/gcc/arm-none-eabi/10.3.1/../../../../arm-none-eabi/lib/thumb/v7-m/nofp\libm.a(lib_a-k_sin.o)
                0x0800b640                __kernel_sin
 .text.fabs     0x0800b7c4        0x8 c:/nxp/mcuxpressoide_11.5.1_7266/ide/tools/bin/../lib/gcc/arm-none-eabi/10.3.1/../../../../arm-none-eabi/lib/thumb/v7-m/nofp\libm.a(lib_a-s_fabs.o)
                0x0800b7c4                fabs
 *fill*         0x0800b7cc        0x4 
 .text.floor    0x0800b7d0       0xf8 c:/nxp/mcuxpressoide_11.5.1_7266/ide/tools/bin/../lib/gcc/arm-none-eabi/10.3.1/../../../../arm-none-eabi/lib/thumb/v7-m/nofp\libm.a(lib_a-s_floor.o)
                0x0800b7d0                floor
 .text.scalbn   0x0800b8c8       0xfc c:/nxp/mcuxpressoide_11.5.1_7266/ide/tools/bin/../lib/gcc/arm-none-eabi/10.3.1/../../../../arm-none-eabi/lib/thumb/v7-m/nofp\libm.a(lib_a-s_scalbn.o)
                0x0800b8c8                scalbn
 *(.glue_7)
 .glue_7        0x0800b9c4        0x0 linker stubs
 *(.glue_7t)
 .glue_7t       0x0800b9c4        0x0 linker stubs
 *(.eh_frame)
 .eh_frame      0x0800b9c4        0x0 c:/nxp/mcuxpressoide_11.5.1_7266/ide/tools/bin/../lib/gcc/arm-none-eabi/10.3.1/thumb/v7-m/nofp/crtbegin.o
 *(.init)
 .init          0x0800b9c4        0x4 c:/nxp/mcuxpressoide_11.5.1_7266/ide/tools/bin/../lib/gcc/arm-none-eabi/10.3.1/thumb/v7-m/nofp/crti.o
                0x0800b9c4                _init
 .init          0x0800b9c8        0x8 c:/nxp/mcuxpressoide_11.5.1_7266/ide/tools/bin/../lib/gcc/arm-none-eabi/10.3.1/thumb/v7-m/nofp/crtn.o
 *(.fini)
 .fini          0x0800b9d0        0x4 c:/nxp/mcuxpressoide_11.5.1_7266/ide/tools/bin/../lib/gcc/arm-none-eabi/10.3.1/thumb/v7-m/nofp/crti.o
                0x0800b9d0                _fini
 .fini          0x0800b9d4        0x8 c:/nxp/mcuxpressoide_11.5.1_7266/ide/tools/bin/../lib/gcc/arm-none-eabi/10.3.1/thumb/v7-m/nofp/crtn.o
                0x0800b9dc                . = ALIGN (0x4)
                0x0800b9dc                _etext = .

.vfp11_veneer   0x0800b9dc        0x0
 .vfp11_veneer  0x0800b9dc        0x0 linker stubs

.v4_bx          0x0800b9dc        0x0
 .v4_bx         0x0800b9dc        0x0 linker stubs

.iplt           0x0800b9dc        0x0
 .iplt          0x0800b9dc        0x0 c:/nxp/mcuxpressoide_11.5.1_7266/ide/tools/bin/../lib/gcc/arm-none-eabi/10.3.1/thumb/v7-m/nofp/crtbegin.o

.rodata         0x0800b9e0     0x1438
                0x0800b9e0                . = ALIGN (0x4)
 *(.rodata)
 *(.rodata*)
 .rodata.Jupiter
                0x0800b9e0       0x38 CMakeFiles/EQ_CONTROLLER.elf.dir/Core/Src/astro_targets.c.obj
                0x0800b9e0                Jupiter
 .rodata.Mars   0x0800ba18       0x38 CMakeFiles/EQ_CONTROLLER.elf.dir/Core/Src/astro_targets.c.obj
                0x0800ba18                Mars
 .rodata.Rigel  0x0800ba50       0x38 CMakeFiles/EQ_CONTROLLER.elf.dir/Core/Src/astro_targets.c.obj
                0x0800ba50                Rigel
 .rodata.Saturn
                0x0800ba88       0x38 CMakeFiles/EQ_CONTROLLER.elf.dir/Core/Src/astro_targets.c.obj
                0x0800ba88                Saturn
 .rodata.Sirius
                0x0800bac0       0x38 CMakeFiles/EQ_CONTROLLER.elf.dir/Core/Src/astro_targets.c.obj
                0x0800bac0                Sirius
 .rodata.Venus  0x0800baf8       0x38 CMakeFiles/EQ_CONTROLLER.elf.dir/Core/Src/astro_targets.c.obj
                0x0800baf8                Venus
 .rodata.show_declination.str1.4
                0x0800bb30       0x1b CMakeFiles/EQ_CONTROLLER.elf.dir/Core/Src/main.c.obj
 *fill*         0x0800bb4b        0x1 
 .rodata.show_right_ascension.str1.4
                0x0800bb4c       0x10 CMakeFiles/EQ_CONTROLLER.elf.dir/Core/Src/main.c.obj
 .rodata.show_monitor.str1.4
                0x0800bb5c        0xe CMakeFiles/EQ_CONTROLLER.elf.dir/Core/Src/main.c.obj
 *fill*         0x0800bb6a        0x2 
 .rodata.show_settings_adjust.str1.4
                0x0800bb6c       0x1c CMakeFiles/EQ_CONTROLLER.elf.dir/Core/Src/main.c.obj
 .rodata.main.str1.4
                0x0800bb88       0x24 CMakeFiles/EQ_CONTROLLER.elf.dir/Core/Src/main.c.obj
 .rodata.str1.4
                0x0800bbac       0xf9 CMakeFiles/EQ_CONTROLLER.elf.dir/Core/Src/main.c.obj
                                 0xfd (size before relaxing)
 *fill*         0x0800bca5        0x3 
 .rodata.Font5x7
                0x0800bca8      0x1e2 CMakeFiles/EQ_CONTROLLER.elf.dir/Core/Src/main.c.obj
 *fill*         0x0800be8a        0x2 
 .rodata.Font7x10
                0x0800be8c      0x3bd CMakeFiles/EQ_CONTROLLER.elf.dir/Core/Src/main.c.obj
 *fill*         0x0800c249        0x3 
 .rodata.arrow  0x0800c24c        0x5 CMakeFiles/EQ_CONTROLLER.elf.dir/Core/Src/main.c.obj
 *fill*         0x0800c251        0x3 
 .rodata.eqmount_logo
                0x0800c254      0x400 CMakeFiles/EQ_CONTROLLER.elf.dir/Core/Src/main.c.obj
 .rodata.mode_bitmaps
                0x0800c654       0x10 CMakeFiles/EQ_CONTROLLER.elf.dir/Core/Src/main.c.obj
 .rodata.mode_go_to
                0x0800c664       0x20 CMakeFiles/EQ_CONTROLLER.elf.dir/Core/Src/main.c.obj
 .rodata.mode_manual
                0x0800c684       0x20 CMakeFiles/EQ_CONTROLLER.elf.dir/Core/Src/main.c.obj
 .rodata.mode_off
                0x0800c6a4       0x20 CMakeFiles/EQ_CONTROLLER.elf.dir/Core/Src/main.c.obj
 .rodata.mode_tracking
                0x0800c6c4       0x20 CMakeFiles/EQ_CONTROLLER.elf.dir/Core/Src/main.c.obj
 .rodata.nRF24_ADDR.0
                0x0800c6e4        0x3 CMakeFiles/EQ_CONTROLLER.elf.dir/Core/Src/main.c.obj
 *fill*         0x0800c6e7        0x1 
 .rodata.north_hemisphere
                0x0800c6e8       0x48 CMakeFiles/EQ_CONTROLLER.elf.dir/Core/Src/main.c.obj
 .rodata.south_hemisphere
                0x0800c730       0x48 CMakeFiles/EQ_CONTROLLER.elf.dir/Core/Src/main.c.obj
 .rodata.AHBPrescTable
                0x0800c778       0x10 CMakeFiles/EQ_CONTROLLER.elf.dir/Core/Src/system_stm32f1xx.c.obj
                0x0800c778                AHBPrescTable
 .rodata.APBPrescTable
                0x0800c788        0x8 CMakeFiles/EQ_CONTROLLER.elf.dir/Core/Src/system_stm32f1xx.c.obj
                0x0800c788                APBPrescTable
 .rodata.LUT_FB
                0x0800c790        0x8 CMakeFiles/EQ_CONTROLLER.elf.dir/Drivers/Display/Src/sh1106.c.obj
 .rodata.LUT_LB
                0x0800c798        0x8 CMakeFiles/EQ_CONTROLLER.elf.dir/Drivers/Display/Src/sh1106.c.obj
 .rodata.null_buff.2
                0x0800c7a0       0x80 CMakeFiles/EQ_CONTROLLER.elf.dir/Drivers/Display/Src/sh1106.c.obj
 .rodata.nRF24_Check.str1.4
                0x0800c820        0x6 CMakeFiles/EQ_CONTROLLER.elf.dir/Drivers/NRF24L01/Src/nrf24l01p.c.obj
 *fill*         0x0800c826        0x2 
 .rodata.nRF24_ADDR_REGS
                0x0800c828        0x7 CMakeFiles/EQ_CONTROLLER.elf.dir/Drivers/NRF24L01/Src/nrf24l01p.c.obj
 *fill*         0x0800c82f        0x1 
 .rodata.HAL_RCC_GetSysClockFreq.str1.4
                0x0800c830       0x11 CMakeFiles/EQ_CONTROLLER.elf.dir/Drivers/STM32F1xx_HAL_Driver/Src/stm32f1xx_hal_rcc.c.obj
 *fill*         0x0800c841        0x3 
 .rodata._global_impure_ptr
                0x0800c844        0x4 c:/nxp/mcuxpressoide_11.5.1_7266/ide/tools/bin/../lib/gcc/arm-none-eabi/10.3.1/../../../../arm-none-eabi/lib/thumb/v7-m/nofp\libg.a(lib_a-impure.o)
                0x0800c844                _global_impure_ptr
 .rodata._svfprintf_r.str1.4
                0x0800c848       0x42 c:/nxp/mcuxpressoide_11.5.1_7266/ide/tools/bin/../lib/gcc/arm-none-eabi/10.3.1/../../../../arm-none-eabi/lib/thumb/v7-m/nofp\libg.a(lib_a-svfprintf.o)
 *fill*         0x0800c88a        0x2 
 .rodata.blanks.1
                0x0800c88c       0x10 c:/nxp/mcuxpressoide_11.5.1_7266/ide/tools/bin/../lib/gcc/arm-none-eabi/10.3.1/../../../../arm-none-eabi/lib/thumb/v7-m/nofp\libg.a(lib_a-svfprintf.o)
 .rodata.zeroes.0
                0x0800c89c       0x10 c:/nxp/mcuxpressoide_11.5.1_7266/ide/tools/bin/../lib/gcc/arm-none-eabi/10.3.1/../../../../arm-none-eabi/lib/thumb/v7-m/nofp\libg.a(lib_a-svfprintf.o)
 .rodata._dtoa_r.str1.4
                0x0800c8ac       0xa2 c:/nxp/mcuxpressoide_11.5.1_7266/ide/tools/bin/../lib/gcc/arm-none-eabi/10.3.1/../../../../arm-none-eabi/lib/thumb/v7-m/nofp\libg.a(lib_a-dtoa.o)
                                 0xa6 (size before relaxing)
 *fill*         0x0800c94e        0x2 
 .rodata.__multadd.str1.4
                0x0800c950       0x7f c:/nxp/mcuxpressoide_11.5.1_7266/ide/tools/bin/../lib/gcc/arm-none-eabi/10.3.1/../../../../arm-none-eabi/lib/thumb/v7-m/nofp\libg.a(lib_a-mprec.o)
                                 0x93 (size before relaxing)
 *fill*         0x0800c9cf        0x1 
 .rodata.__mprec_bigtens
                0x0800c9d0       0x28 c:/nxp/mcuxpressoide_11.5.1_7266/ide/tools/bin/../lib/gcc/arm-none-eabi/10.3.1/../../../../arm-none-eabi/lib/thumb/v7-m/nofp\libg.a(lib_a-mprec.o)
                0x0800c9d0                __mprec_bigtens
 .rodata.__mprec_tens
                0x0800c9f8       0xc8 c:/nxp/mcuxpressoide_11.5.1_7266/ide/tools/bin/../lib/gcc/arm-none-eabi/10.3.1/../../../../arm-none-eabi/lib/thumb/v7-m/nofp\libg.a(lib_a-mprec.o)
                0x0800c9f8                __mprec_tens
 .rodata.p05.0  0x0800cac0        0xc c:/nxp/mcuxpressoide_11.5.1_7266/ide/tools/bin/../lib/gcc/arm-none-eabi/10.3.1/../../../../arm-none-eabi/lib/thumb/v7-m/nofp\libg.a(lib_a-mprec.o)
 .rodata.__assert_func.str1.4
                0x0800cacc       0x3f c:/nxp/mcuxpressoide_11.5.1_7266/ide/tools/bin/../lib/gcc/arm-none-eabi/10.3.1/../../../../arm-none-eabi/lib/thumb/v7-m/nofp\libg.a(lib_a-assert.o)
                                 0x43 (size before relaxing)
 *fill*         0x0800cb0b        0x1 
 .rodata._setlocale_r.str1.4
                0x0800cb0c        0xa c:/nxp/mcuxpressoide_11.5.1_7266/ide/tools/bin/../lib/gcc/arm-none-eabi/10.3.1/../../../../arm-none-eabi/lib/thumb/v7-m/nofp\libg.a(lib_a-locale.o)
                                  0xd (size before relaxing)
 *fill*         0x0800cb16        0x2 
 .rodata.str1.4
                0x0800cb18        0x2 c:/nxp/mcuxpressoide_11.5.1_7266/ide/tools/bin/../lib/gcc/arm-none-eabi/10.3.1/../../../../arm-none-eabi/lib/thumb/v7-m/nofp\libg.a(lib_a-locale.o)
 .rodata._vfiprintf_r.str1.4
                0x0800cb1a       0x2f c:/nxp/mcuxpressoide_11.5.1_7266/ide/tools/bin/../lib/gcc/arm-none-eabi/10.3.1/../../../../arm-none-eabi/lib/thumb/v7-m/nofp\libg.a(lib_a-vfiprintf.o)
 *fill*         0x0800cb1a        0x2 
 .rodata.blanks.1
                0x0800cb1c       0x10 c:/nxp/mcuxpressoide_11.5.1_7266/ide/tools/bin/../lib/gcc/arm-none-eabi/10.3.1/../../../../arm-none-eabi/lib/thumb/v7-m/nofp\libg.a(lib_a-vfiprintf.o)
 .rodata.zeroes.0
                0x0800cb2c       0x10 c:/nxp/mcuxpressoide_11.5.1_7266/ide/tools/bin/../lib/gcc/arm-none-eabi/10.3.1/../../../../arm-none-eabi/lib/thumb/v7-m/nofp\libg.a(lib_a-vfiprintf.o)
 .rodata._ctype_
                0x0800cb3c      0x101 c:/nxp/mcuxpressoide_11.5.1_7266/ide/tools/bin/../lib/gcc/arm-none-eabi/10.3.1/../../../../arm-none-eabi/lib/thumb/v7-m/nofp\libg.a(lib_a-ctype_.o)
                0x0800cb3c                _ctype_
 *fill*         0x0800cc3d        0x3 
 .rodata.npio2_hw
                0x0800cc40       0x80 c:/nxp/mcuxpressoide_11.5.1_7266/ide/tools/bin/../lib/gcc/arm-none-eabi/10.3.1/../../../../arm-none-eabi/lib/thumb/v7-m/nofp\libm.a(lib_a-e_rem_pio2.o)
 .rodata.two_over_pi
                0x0800ccc0      0x108 c:/nxp/mcuxpressoide_11.5.1_7266/ide/tools/bin/../lib/gcc/arm-none-eabi/10.3.1/../../../../arm-none-eabi/lib/thumb/v7-m/nofp\libm.a(lib_a-e_rem_pio2.o)
 .rodata.PIo2   0x0800cdc8       0x40 c:/nxp/mcuxpressoide_11.5.1_7266/ide/tools/bin/../lib/gcc/arm-none-eabi/10.3.1/../../../../arm-none-eabi/lib/thumb/v7-m/nofp\libm.a(lib_a-k_rem_pio2.o)
 .rodata.init_jk
                0x0800ce08       0x10 c:/nxp/mcuxpressoide_11.5.1_7266/ide/tools/bin/../lib/gcc/arm-none-eabi/10.3.1/../../../../arm-none-eabi/lib/thumb/v7-m/nofp\libm.a(lib_a-k_rem_pio2.o)
                0x0800ce18                . = ALIGN (0x4)

.ARM.extab      0x0800ce18        0x0
                0x0800ce18                . = ALIGN (0x4)
 *(.ARM.extab* .gnu.linkonce.armextab.*)
                0x0800ce18                . = ALIGN (0x4)

.ARM            0x0800ce18        0x8
                0x0800ce18                . = ALIGN (0x4)
                0x0800ce18                __exidx_start = .
 *(.ARM.exidx*)
 .ARM.exidx     0x0800ce18        0x8 c:/nxp/mcuxpressoide_11.5.1_7266/ide/tools/bin/../lib/gcc/arm-none-eabi/10.3.1/thumb/v7-m/nofp\libgcc.a(_udivmoddi4.o)
                0x0800ce20                __exidx_end = .
                0x0800ce20                . = ALIGN (0x4)

.rel.dyn        0x0800ce20        0x0
 .rel.iplt      0x0800ce20        0x0 c:/nxp/mcuxpressoide_11.5.1_7266/ide/tools/bin/../lib/gcc/arm-none-eabi/10.3.1/thumb/v7-m/nofp/crtbegin.o

.preinit_array  0x0800ce20        0x0
                0x0800ce20                . = ALIGN (0x4)
                0x0800ce20                PROVIDE (__preinit_array_start = .)
 *(.preinit_array*)
                0x0800ce20                PROVIDE (__preinit_array_end = .)
                0x0800ce20                . = ALIGN (0x4)

.init_array     0x0800ce20        0x8
                0x0800ce20                . = ALIGN (0x4)
                0x0800ce20                PROVIDE (__init_array_start = .)
 *(SORT_BY_NAME(.init_array.*))
 .init_array.00000
                0x0800ce20        0x4 c:/nxp/mcuxpressoide_11.5.1_7266/ide/tools/bin/../lib/gcc/arm-none-eabi/10.3.1/../../../../arm-none-eabi/lib/thumb/v7-m/nofp\libg.a(lib_a-__call_atexit.o)
 *(.init_array*)
 .init_array    0x0800ce24        0x4 c:/nxp/mcuxpressoide_11.5.1_7266/ide/tools/bin/../lib/gcc/arm-none-eabi/10.3.1/thumb/v7-m/nofp/crtbegin.o
                0x0800ce28                PROVIDE (__init_array_end = .)
                0x0800ce28                . = ALIGN (0x4)

.fini_array     0x0800ce28        0x4
                0x0800ce28                . = ALIGN (0x4)
                0x0800ce28                PROVIDE (__fini_array_start = .)
 *(SORT_BY_NAME(.fini_array.*))
 *(.fini_array*)
 .fini_array    0x0800ce28        0x4 c:/nxp/mcuxpressoide_11.5.1_7266/ide/tools/bin/../lib/gcc/arm-none-eabi/10.3.1/thumb/v7-m/nofp/crtbegin.o
                0x0800ce2c                PROVIDE (__fini_array_end = .)
                0x0800ce2c                . = ALIGN (0x4)
                0x0800ce2c                _sidata = LOADADDR (.data)

.data           0x20000000      0xa88 load address 0x0800ce2c
                0x20000000                . = ALIGN (0x4)
                0x20000000                _sdata = .
 *(.data)
 *(.data*)
 .data.main_menu_strings
                0x20000000       0x20 CMakeFiles/EQ_CONTROLLER.elf.dir/Core/Src/main.c.obj
                0x20000000                main_menu_strings
 .data.menu_data
                0x20000020        0x3 CMakeFiles/EQ_CONTROLLER.elf.dir/Core/Src/main.c.obj
                0x20000020                menu_data
 *fill*         0x20000023        0x1 
 .data.mode_menu_strings
                0x20000024       0x10 CMakeFiles/EQ_CONTROLLER.elf.dir/Core/Src/main.c.obj
                0x20000024                mode_menu_strings
 .data.setting_strings
                0x20000034       0x18 CMakeFiles/EQ_CONTROLLER.elf.dir/Core/Src/main.c.obj
                0x20000034                setting_strings
 .data.SystemCoreClock
                0x2000004c        0x4 CMakeFiles/EQ_CONTROLLER.elf.dir/Core/Src/system_stm32f1xx.c.obj
                0x2000004c                SystemCoreClock
 .data.scr_height
                0x20000050        0x2 CMakeFiles/EQ_CONTROLLER.elf.dir/Drivers/Display/Src/sh1106.c.obj
                0x20000050                scr_height
 .data.scr_width
                0x20000052        0x2 CMakeFiles/EQ_CONTROLLER.elf.dir/Drivers/Display/Src/sh1106.c.obj
                0x20000052                scr_width
 .data.screen_buffer.1
                0x20000054       0x81 CMakeFiles/EQ_CONTROLLER.elf.dir/Drivers/Display/Src/sh1106.c.obj
 .data.uwTickFreq
                0x200000d5        0x1 CMakeFiles/EQ_CONTROLLER.elf.dir/Drivers/STM32F1xx_HAL_Driver/Src/stm32f1xx_hal.c.obj
                0x200000d5                uwTickFreq
 *fill*         0x200000d6        0x2 
 .data.uwTickPrio
                0x200000d8        0x4 CMakeFiles/EQ_CONTROLLER.elf.dir/Drivers/STM32F1xx_HAL_Driver/Src/stm32f1xx_hal.c.obj
                0x200000d8                uwTickPrio
 .data._impure_ptr
                0x200000dc        0x4 c:/nxp/mcuxpressoide_11.5.1_7266/ide/tools/bin/../lib/gcc/arm-none-eabi/10.3.1/../../../../arm-none-eabi/lib/thumb/v7-m/nofp\libg.a(lib_a-impure.o)
                0x200000dc                _impure_ptr
 .data.impure_data
                0x200000e0      0x428 c:/nxp/mcuxpressoide_11.5.1_7266/ide/tools/bin/../lib/gcc/arm-none-eabi/10.3.1/../../../../arm-none-eabi/lib/thumb/v7-m/nofp\libg.a(lib_a-impure.o)
 .data.__atexit_recursive_mutex
                0x20000508        0x4 c:/nxp/mcuxpressoide_11.5.1_7266/ide/tools/bin/../lib/gcc/arm-none-eabi/10.3.1/../../../../arm-none-eabi/lib/thumb/v7-m/nofp\libg.a(lib_a-__call_atexit.o)
                0x20000508                __atexit_recursive_mutex
 .data.__malloc_av_
                0x2000050c      0x408 c:/nxp/mcuxpressoide_11.5.1_7266/ide/tools/bin/../lib/gcc/arm-none-eabi/10.3.1/../../../../arm-none-eabi/lib/thumb/v7-m/nofp\libg.a(lib_a-mallocr.o)
                0x2000050c                __malloc_av_
 .data.__malloc_sbrk_base
                0x20000914        0x4 c:/nxp/mcuxpressoide_11.5.1_7266/ide/tools/bin/../lib/gcc/arm-none-eabi/10.3.1/../../../../arm-none-eabi/lib/thumb/v7-m/nofp\libg.a(lib_a-mallocr.o)
                0x20000914                __malloc_sbrk_base
 .data.__malloc_trim_threshold
                0x20000918        0x4 c:/nxp/mcuxpressoide_11.5.1_7266/ide/tools/bin/../lib/gcc/arm-none-eabi/10.3.1/../../../../arm-none-eabi/lib/thumb/v7-m/nofp\libg.a(lib_a-mallocr.o)
                0x20000918                __malloc_trim_threshold
 .data.__global_locale
                0x2000091c      0x16c c:/nxp/mcuxpressoide_11.5.1_7266/ide/tools/bin/../lib/gcc/arm-none-eabi/10.3.1/../../../../arm-none-eabi/lib/thumb/v7-m/nofp\libg.a(lib_a-locale.o)
                0x2000091c                __global_locale
 *(.RamFunc)
 *(.RamFunc*)
                0x20000a88                . = ALIGN (0x4)
                0x20000a88                _edata = .

.igot.plt       0x20000a88        0x0 load address 0x0800d8b4
 .igot.plt      0x20000a88        0x0 c:/nxp/mcuxpressoide_11.5.1_7266/ide/tools/bin/../lib/gcc/arm-none-eabi/10.3.1/thumb/v7-m/nofp/crtbegin.o
                0x20000a88                . = ALIGN (0x4)

.bss            0x20000a88      0x7e8 load address 0x0800d8b4
                0x20000a88                _sbss = .
                0x20000a88                __bss_start__ = _sbss
 *(.bss)
 .bss           0x20000a88       0x1c c:/nxp/mcuxpressoide_11.5.1_7266/ide/tools/bin/../lib/gcc/arm-none-eabi/10.3.1/thumb/v7-m/nofp/crtbegin.o
 *(.bss*)
 .bss.hadc1     0x20000aa4       0x30 CMakeFiles/EQ_CONTROLLER.elf.dir/Core/Src/adc.c.obj
                0x20000aa4                hadc1
 *fill*         0x20000ad4        0x4 
 .bss.astro_target
                0x20000ad8      0x268 CMakeFiles/EQ_CONTROLLER.elf.dir/Core/Src/astro_targets.c.obj
 .bss.hi2c2     0x20000d40       0x54 CMakeFiles/EQ_CONTROLLER.elf.dir/Core/Src/i2c.c.obj
                0x20000d40                hi2c2
 .bss.screen    0x20000d94        0x2 CMakeFiles/EQ_CONTROLLER.elf.dir/Core/Src/main.c.obj
                0x20000d94                screen
 *fill*         0x20000d96        0x2 
 .bss.settings_values
                0x20000d98       0x28 CMakeFiles/EQ_CONTROLLER.elf.dir/Core/Src/main.c.obj
                0x20000d98                settings_values
 .bss.rotary_data
                0x20000dc0        0x2 CMakeFiles/EQ_CONTROLLER.elf.dir/Core/Src/rotary_events.c.obj
 *fill*         0x20000dc2        0x2 
 .bss.hspi2     0x20000dc4       0x58 CMakeFiles/EQ_CONTROLLER.elf.dir/Core/Src/spi.c.obj
                0x20000dc4                hspi2
 .bss.__sbrk_heap_end
                0x20000e1c        0x4 CMakeFiles/EQ_CONTROLLER.elf.dir/Core/Src/sysmem.c.obj
 .bss.SH1106_PixelMode
                0x20000e20        0x1 CMakeFiles/EQ_CONTROLLER.elf.dir/Drivers/Display/Src/sh1106.c.obj
                0x20000e20                SH1106_PixelMode
 .bss.scr_orientation
                0x20000e21        0x1 CMakeFiles/EQ_CONTROLLER.elf.dir/Drivers/Display/Src/sh1106.c.obj
 *fill*         0x20000e22        0x2 
 .bss.vRAM      0x20000e24      0x400 CMakeFiles/EQ_CONTROLLER.elf.dir/Drivers/Display/Src/sh1106.c.obj
 .bss.uwTick    0x20001224        0x4 CMakeFiles/EQ_CONTROLLER.elf.dir/Drivers/STM32F1xx_HAL_Driver/Src/stm32f1xx_hal.c.obj
                0x20001224                uwTick
 .bss.__lock___atexit_recursive_mutex
                0x20001228        0x1 c:/nxp/mcuxpressoide_11.5.1_7266/ide/tools/bin/../lib/gcc/arm-none-eabi/10.3.1/../../../../arm-none-eabi/lib/thumb/v7-m/nofp\libg.a(lib_a-lock.o)
                0x20001228                __lock___atexit_recursive_mutex
 *fill*         0x20001229        0x3 
 .bss.__lock___malloc_recursive_mutex
                0x2000122c        0x1 c:/nxp/mcuxpressoide_11.5.1_7266/ide/tools/bin/../lib/gcc/arm-none-eabi/10.3.1/../../../../arm-none-eabi/lib/thumb/v7-m/nofp\libg.a(lib_a-lock.o)
                0x2000122c                __lock___malloc_recursive_mutex
 *fill*         0x2000122d        0x3 
 .bss.__lock___sfp_recursive_mutex
                0x20001230        0x1 c:/nxp/mcuxpressoide_11.5.1_7266/ide/tools/bin/../lib/gcc/arm-none-eabi/10.3.1/../../../../arm-none-eabi/lib/thumb/v7-m/nofp\libg.a(lib_a-lock.o)
                0x20001230                __lock___sfp_recursive_mutex
 *fill*         0x20001231        0x3 
 .bss.__lock___sinit_recursive_mutex
                0x20001234        0x1 c:/nxp/mcuxpressoide_11.5.1_7266/ide/tools/bin/../lib/gcc/arm-none-eabi/10.3.1/../../../../arm-none-eabi/lib/thumb/v7-m/nofp\libg.a(lib_a-lock.o)
                0x20001234                __lock___sinit_recursive_mutex
 *fill*         0x20001235        0x3 
 .bss.__malloc_current_mallinfo
                0x20001238       0x28 c:/nxp/mcuxpressoide_11.5.1_7266/ide/tools/bin/../lib/gcc/arm-none-eabi/10.3.1/../../../../arm-none-eabi/lib/thumb/v7-m/nofp\libg.a(lib_a-mallocr.o)
                0x20001238                __malloc_current_mallinfo
 .bss.__malloc_max_sbrked_mem
                0x20001260        0x4 c:/nxp/mcuxpressoide_11.5.1_7266/ide/tools/bin/../lib/gcc/arm-none-eabi/10.3.1/../../../../arm-none-eabi/lib/thumb/v7-m/nofp\libg.a(lib_a-mallocr.o)
                0x20001260                __malloc_max_sbrked_mem
 .bss.__malloc_max_total_mem
                0x20001264        0x4 c:/nxp/mcuxpressoide_11.5.1_7266/ide/tools/bin/../lib/gcc/arm-none-eabi/10.3.1/../../../../arm-none-eabi/lib/thumb/v7-m/nofp\libg.a(lib_a-mallocr.o)
                0x20001264                __malloc_max_total_mem
 .bss.__malloc_top_pad
                0x20001268        0x4 c:/nxp/mcuxpressoide_11.5.1_7266/ide/tools/bin/../lib/gcc/arm-none-eabi/10.3.1/../../../../arm-none-eabi/lib/thumb/v7-m/nofp\libg.a(lib_a-mallocr.o)
                0x20001268                __malloc_top_pad
 .bss.errno     0x2000126c        0x4 c:/nxp/mcuxpressoide_11.5.1_7266/ide/tools/bin/../lib/gcc/arm-none-eabi/10.3.1/../../../../arm-none-eabi/lib/thumb/v7-m/nofp\libg.a(lib_a-reent.o)
                0x2000126c                errno
 *(COMMON)
                0x20001270                . = ALIGN (0x4)
                0x20001270                _ebss = .
                0x20001270                __bss_end__ = _ebss

._user_heap_stack
                0x20001270      0x600 load address 0x0800d8b4
                0x20001270                . = ALIGN (0x8)
                [!provide]                PROVIDE (end = .)
                0x20001270                PROVIDE (_end = .)
                0x20001470                . = (. + _Min_Heap_Size)
 *fill*         0x20001270      0x200 
                0x20001870                . = (. + _Min_Stack_Size)
 *fill*         0x20001470      0x400 
                0x20001870                . = ALIGN (0x8)

/DISCARD/
 libc.a(*)
 libm.a(*)
 libgcc.a(*)

.ARM.attributes
                0x00000000       0x29
 *(.ARM.attributes)
 .ARM.attributes
                0x00000000       0x1d c:/nxp/mcuxpressoide_11.5.1_7266/ide/tools/bin/../lib/gcc/arm-none-eabi/10.3.1/thumb/v7-m/nofp/crti.o
 .ARM.attributes
                0x0000001d       0x2d c:/nxp/mcuxpressoide_11.5.1_7266/ide/tools/bin/../lib/gcc/arm-none-eabi/10.3.1/thumb/v7-m/nofp/crtbegin.o
 .ARM.attributes
                0x0000004a       0x2d CMakeFiles/EQ_CONTROLLER.elf.dir/Core/Src/adc.c.obj
 .ARM.attributes
                0x00000077       0x2d CMakeFiles/EQ_CONTROLLER.elf.dir/Core/Src/astro_targets.c.obj
 .ARM.attributes
                0x000000a4       0x2d CMakeFiles/EQ_CONTROLLER.elf.dir/Core/Src/gpio.c.obj
 .ARM.attributes
                0x000000d1       0x2d CMakeFiles/EQ_CONTROLLER.elf.dir/Core/Src/i2c.c.obj
 .ARM.attributes
                0x000000fe       0x2d CMakeFiles/EQ_CONTROLLER.elf.dir/Core/Src/main.c.obj
 .ARM.attributes
                0x0000012b       0x2d CMakeFiles/EQ_CONTROLLER.elf.dir/Core/Src/rotary_events.c.obj
 .ARM.attributes
                0x00000158       0x2d CMakeFiles/EQ_CONTROLLER.elf.dir/Core/Src/spi.c.obj
 .ARM.attributes
                0x00000185       0x2d CMakeFiles/EQ_CONTROLLER.elf.dir/Core/Src/stm32f1xx_hal_msp.c.obj
 .ARM.attributes
                0x000001b2       0x2d CMakeFiles/EQ_CONTROLLER.elf.dir/Core/Src/stm32f1xx_it.c.obj
 .ARM.attributes
                0x000001df       0x2d CMakeFiles/EQ_CONTROLLER.elf.dir/Core/Src/syscalls.c.obj
 .ARM.attributes
                0x0000020c       0x2d CMakeFiles/EQ_CONTROLLER.elf.dir/Core/Src/sysmem.c.obj
 .ARM.attributes
                0x00000239       0x2d CMakeFiles/EQ_CONTROLLER.elf.dir/Core/Src/system_stm32f1xx.c.obj
 .ARM.attributes
                0x00000266       0x21 CMakeFiles/EQ_CONTROLLER.elf.dir/Core/Startup/startup_stm32f103c8tx.s.obj
 .ARM.attributes
                0x00000287       0x2d CMakeFiles/EQ_CONTROLLER.elf.dir/Drivers/Display/Src/sh1106.c.obj
 .ARM.attributes
                0x000002b4       0x2d CMakeFiles/EQ_CONTROLLER.elf.dir/Drivers/NRF24L01/Src/nrf24l01p.c.obj
 .ARM.attributes
                0x000002e1       0x2d CMakeFiles/EQ_CONTROLLER.elf.dir/Drivers/STM32F1xx_HAL_Driver/Src/stm32f1xx_hal.c.obj
 .ARM.attributes
                0x0000030e       0x2d CMakeFiles/EQ_CONTROLLER.elf.dir/Drivers/STM32F1xx_HAL_Driver/Src/stm32f1xx_hal_adc.c.obj
 .ARM.attributes
                0x0000033b       0x2d CMakeFiles/EQ_CONTROLLER.elf.dir/Drivers/STM32F1xx_HAL_Driver/Src/stm32f1xx_hal_cortex.c.obj
 .ARM.attributes
                0x00000368       0x2d CMakeFiles/EQ_CONTROLLER.elf.dir/Drivers/STM32F1xx_HAL_Driver/Src/stm32f1xx_hal_gpio.c.obj
 .ARM.attributes
                0x00000395       0x2d CMakeFiles/EQ_CONTROLLER.elf.dir/Drivers/STM32F1xx_HAL_Driver/Src/stm32f1xx_hal_i2c.c.obj
 .ARM.attributes
                0x000003c2       0x2d CMakeFiles/EQ_CONTROLLER.elf.dir/Drivers/STM32F1xx_HAL_Driver/Src/stm32f1xx_hal_rcc.c.obj
 .ARM.attributes
                0x000003ef       0x2d CMakeFiles/EQ_CONTROLLER.elf.dir/Drivers/STM32F1xx_HAL_Driver/Src/stm32f1xx_hal_rcc_ex.c.obj
 .ARM.attributes
                0x0000041c       0x2d CMakeFiles/EQ_CONTROLLER.elf.dir/Drivers/STM32F1xx_HAL_Driver/Src/stm32f1xx_hal_spi.c.obj
 .ARM.attributes
                0x00000449       0x1d c:/nxp/mcuxpressoide_11.5.1_7266/ide/tools/bin/../lib/gcc/arm-none-eabi/10.3.1/thumb/v7-m/nofp\libgcc.a(_arm_addsubdf3.o)
 .ARM.attributes
                0x00000466       0x1d c:/nxp/mcuxpressoide_11.5.1_7266/ide/tools/bin/../lib/gcc/arm-none-eabi/10.3.1/thumb/v7-m/nofp\libgcc.a(_arm_muldivdf3.o)
 .ARM.attributes
                0x00000483       0x1d c:/nxp/mcuxpressoide_11.5.1_7266/ide/tools/bin/../lib/gcc/arm-none-eabi/10.3.1/thumb/v7-m/nofp\libgcc.a(_arm_cmpdf2.o)
 .ARM.attributes
                0x000004a0       0x1d c:/nxp/mcuxpressoide_11.5.1_7266/ide/tools/bin/../lib/gcc/arm-none-eabi/10.3.1/thumb/v7-m/nofp\libgcc.a(_arm_fixdfsi.o)
 .ARM.attributes
                0x000004bd       0x2d c:/nxp/mcuxpressoide_11.5.1_7266/ide/tools/bin/../lib/gcc/arm-none-eabi/10.3.1/../../../../arm-none-eabi/lib/thumb/v7-m/nofp\libg.a(lib_a-errno.o)
 .ARM.attributes
                0x000004ea       0x2d c:/nxp/mcuxpressoide_11.5.1_7266/ide/tools/bin/../lib/gcc/arm-none-eabi/10.3.1/../../../../arm-none-eabi/lib/thumb/v7-m/nofp\libg.a(lib_a-impure.o)
 .ARM.attributes
                0x00000517       0x2d c:/nxp/mcuxpressoide_11.5.1_7266/ide/tools/bin/../lib/gcc/arm-none-eabi/10.3.1/../../../../arm-none-eabi/lib/thumb/v7-m/nofp\libg.a(lib_a-init.o)
 .ARM.attributes
                0x00000544       0x1b c:/nxp/mcuxpressoide_11.5.1_7266/ide/tools/bin/../lib/gcc/arm-none-eabi/10.3.1/../../../../arm-none-eabi/lib/thumb/v7-m/nofp\libg.a(lib_a-memcpy.o)
 .ARM.attributes
                0x0000055f       0x2d c:/nxp/mcuxpressoide_11.5.1_7266/ide/tools/bin/../lib/gcc/arm-none-eabi/10.3.1/../../../../arm-none-eabi/lib/thumb/v7-m/nofp\libg.a(lib_a-memset.o)
 .ARM.attributes
                0x0000058c       0x2d c:/nxp/mcuxpressoide_11.5.1_7266/ide/tools/bin/../lib/gcc/arm-none-eabi/10.3.1/../../../../arm-none-eabi/lib/thumb/v7-m/nofp\libg.a(lib_a-sprintf.o)
 .ARM.attributes
                0x000005b9       0x2d c:/nxp/mcuxpressoide_11.5.1_7266/ide/tools/bin/../lib/gcc/arm-none-eabi/10.3.1/../../../../arm-none-eabi/lib/thumb/v7-m/nofp\libg.a(lib_a-svfprintf.o)
 .ARM.attributes
                0x000005e6       0x2d c:/nxp/mcuxpressoide_11.5.1_7266/ide/tools/bin/../lib/gcc/arm-none-eabi/10.3.1/../../../../arm-none-eabi/lib/thumb/v7-m/nofp\libg.a(lib_a-__call_atexit.o)
 .ARM.attributes
                0x00000613       0x2d c:/nxp/mcuxpressoide_11.5.1_7266/ide/tools/bin/../lib/gcc/arm-none-eabi/10.3.1/../../../../arm-none-eabi/lib/thumb/v7-m/nofp\libg.a(lib_a-atexit.o)
 .ARM.attributes
                0x00000640       0x2d c:/nxp/mcuxpressoide_11.5.1_7266/ide/tools/bin/../lib/gcc/arm-none-eabi/10.3.1/../../../../arm-none-eabi/lib/thumb/v7-m/nofp\libg.a(lib_a-dtoa.o)
 .ARM.attributes
                0x0000066d       0x2d c:/nxp/mcuxpressoide_11.5.1_7266/ide/tools/bin/../lib/gcc/arm-none-eabi/10.3.1/../../../../arm-none-eabi/lib/thumb/v7-m/nofp\libg.a(lib_a-fini.o)
 .ARM.attributes
                0x0000069a       0x2d c:/nxp/mcuxpressoide_11.5.1_7266/ide/tools/bin/../lib/gcc/arm-none-eabi/10.3.1/../../../../arm-none-eabi/lib/thumb/v7-m/nofp\libg.a(lib_a-freer.o)
 .ARM.attributes
                0x000006c7       0x2d c:/nxp/mcuxpressoide_11.5.1_7266/ide/tools/bin/../lib/gcc/arm-none-eabi/10.3.1/../../../../arm-none-eabi/lib/thumb/v7-m/nofp\libg.a(lib_a-localeconv.o)
 .ARM.attributes
                0x000006f4       0x2d c:/nxp/mcuxpressoide_11.5.1_7266/ide/tools/bin/../lib/gcc/arm-none-eabi/10.3.1/../../../../arm-none-eabi/lib/thumb/v7-m/nofp\libg.a(lib_a-lock.o)
 .ARM.attributes
                0x00000721       0x2d c:/nxp/mcuxpressoide_11.5.1_7266/ide/tools/bin/../lib/gcc/arm-none-eabi/10.3.1/../../../../arm-none-eabi/lib/thumb/v7-m/nofp\libg.a(lib_a-mallocr.o)
 .ARM.attributes
                0x0000074e       0x2d c:/nxp/mcuxpressoide_11.5.1_7266/ide/tools/bin/../lib/gcc/arm-none-eabi/10.3.1/../../../../arm-none-eabi/lib/thumb/v7-m/nofp\libg.a(lib_a-memchr-stub.o)
 .ARM.attributes
                0x0000077b       0x2d c:/nxp/mcuxpressoide_11.5.1_7266/ide/tools/bin/../lib/gcc/arm-none-eabi/10.3.1/../../../../arm-none-eabi/lib/thumb/v7-m/nofp\libg.a(lib_a-mlock.o)
 .ARM.attributes
                0x000007a8       0x2d c:/nxp/mcuxpressoide_11.5.1_7266/ide/tools/bin/../lib/gcc/arm-none-eabi/10.3.1/../../../../arm-none-eabi/lib/thumb/v7-m/nofp\libg.a(lib_a-mprec.o)
 .ARM.attributes
                0x000007d5       0x2d c:/nxp/mcuxpressoide_11.5.1_7266/ide/tools/bin/../lib/gcc/arm-none-eabi/10.3.1/../../../../arm-none-eabi/lib/thumb/v7-m/nofp\libg.a(lib_a-s_frexp.o)
 .ARM.attributes
                0x00000802       0x2d c:/nxp/mcuxpressoide_11.5.1_7266/ide/tools/bin/../lib/gcc/arm-none-eabi/10.3.1/../../../../arm-none-eabi/lib/thumb/v7-m/nofp\libg.a(lib_a-sbrkr.o)
 .ARM.attributes
                0x0000082f       0x2d c:/nxp/mcuxpressoide_11.5.1_7266/ide/tools/bin/../lib/gcc/arm-none-eabi/10.3.1/../../../../arm-none-eabi/lib/thumb/v7-m/nofp\libg.a(lib_a-strlen-stub.o)
 .ARM.attributes
                0x0000085c       0x2d c:/nxp/mcuxpressoide_11.5.1_7266/ide/tools/bin/../lib/gcc/arm-none-eabi/10.3.1/../../../../arm-none-eabi/lib/thumb/v7-m/nofp\libg.a(lib_a-strncpy.o)
 .ARM.attributes
                0x00000889       0x2d c:/nxp/mcuxpressoide_11.5.1_7266/ide/tools/bin/../lib/gcc/arm-none-eabi/10.3.1/../../../../arm-none-eabi/lib/thumb/v7-m/nofp\libg.a(lib_a-svfiprintf.o)
 .ARM.attributes
                0x000008b6       0x2d c:/nxp/mcuxpressoide_11.5.1_7266/ide/tools/bin/../lib/gcc/arm-none-eabi/10.3.1/../../../../arm-none-eabi/lib/thumb/v7-m/nofp\libg.a(lib_a-__atexit.o)
 .ARM.attributes
                0x000008e3       0x2d c:/nxp/mcuxpressoide_11.5.1_7266/ide/tools/bin/../lib/gcc/arm-none-eabi/10.3.1/../../../../arm-none-eabi/lib/thumb/v7-m/nofp\libg.a(lib_a-assert.o)
 .ARM.attributes
                0x00000910       0x2d c:/nxp/mcuxpressoide_11.5.1_7266/ide/tools/bin/../lib/gcc/arm-none-eabi/10.3.1/../../../../arm-none-eabi/lib/thumb/v7-m/nofp\libg.a(lib_a-callocr.o)
 .ARM.attributes
                0x0000093d       0x2d c:/nxp/mcuxpressoide_11.5.1_7266/ide/tools/bin/../lib/gcc/arm-none-eabi/10.3.1/../../../../arm-none-eabi/lib/thumb/v7-m/nofp\libg.a(lib_a-fiprintf.o)
 .ARM.attributes
                0x0000096a       0x2d c:/nxp/mcuxpressoide_11.5.1_7266/ide/tools/bin/../lib/gcc/arm-none-eabi/10.3.1/../../../../arm-none-eabi/lib/thumb/v7-m/nofp\libg.a(lib_a-locale.o)
 .ARM.attributes
                0x00000997       0x2d c:/nxp/mcuxpressoide_11.5.1_7266/ide/tools/bin/../lib/gcc/arm-none-eabi/10.3.1/../../../../arm-none-eabi/lib/thumb/v7-m/nofp\libg.a(lib_a-mbtowc_r.o)
 .ARM.attributes
                0x000009c4       0x2d c:/nxp/mcuxpressoide_11.5.1_7266/ide/tools/bin/../lib/gcc/arm-none-eabi/10.3.1/../../../../arm-none-eabi/lib/thumb/v7-m/nofp\libg.a(lib_a-memmove.o)
 .ARM.attributes
                0x000009f1       0x2d c:/nxp/mcuxpressoide_11.5.1_7266/ide/tools/bin/../lib/gcc/arm-none-eabi/10.3.1/../../../../arm-none-eabi/lib/thumb/v7-m/nofp\libg.a(lib_a-reallocr.o)
 .ARM.attributes
                0x00000a1e       0x2d c:/nxp/mcuxpressoide_11.5.1_7266/ide/tools/bin/../lib/gcc/arm-none-eabi/10.3.1/../../../../arm-none-eabi/lib/thumb/v7-m/nofp\libg.a(lib_a-reent.o)
 .ARM.attributes
                0x00000a4b       0x2d c:/nxp/mcuxpressoide_11.5.1_7266/ide/tools/bin/../lib/gcc/arm-none-eabi/10.3.1/../../../../arm-none-eabi/lib/thumb/v7-m/nofp\libg.a(lib_a-vfiprintf.o)
 .ARM.attributes
                0x00000a78       0x2d c:/nxp/mcuxpressoide_11.5.1_7266/ide/tools/bin/../lib/gcc/arm-none-eabi/10.3.1/../../../../arm-none-eabi/lib/thumb/v7-m/nofp\libg.a(lib_a-wctomb_r.o)
 .ARM.attributes
                0x00000aa5       0x2d c:/nxp/mcuxpressoide_11.5.1_7266/ide/tools/bin/../lib/gcc/arm-none-eabi/10.3.1/../../../../arm-none-eabi/lib/thumb/v7-m/nofp\libg.a(lib_a-wsetup.o)
 .ARM.attributes
                0x00000ad2       0x2d c:/nxp/mcuxpressoide_11.5.1_7266/ide/tools/bin/../lib/gcc/arm-none-eabi/10.3.1/../../../../arm-none-eabi/lib/thumb/v7-m/nofp\libg.a(lib_a-abort.o)
 .ARM.attributes
                0x00000aff       0x2d c:/nxp/mcuxpressoide_11.5.1_7266/ide/tools/bin/../lib/gcc/arm-none-eabi/10.3.1/../../../../arm-none-eabi/lib/thumb/v7-m/nofp\libg.a(lib_a-ctype_.o)
 .ARM.attributes
                0x00000b2c       0x2d c:/nxp/mcuxpressoide_11.5.1_7266/ide/tools/bin/../lib/gcc/arm-none-eabi/10.3.1/../../../../arm-none-eabi/lib/thumb/v7-m/nofp\libg.a(lib_a-fflush.o)
 .ARM.attributes
                0x00000b59       0x2d c:/nxp/mcuxpressoide_11.5.1_7266/ide/tools/bin/../lib/gcc/arm-none-eabi/10.3.1/../../../../arm-none-eabi/lib/thumb/v7-m/nofp\libg.a(lib_a-findfp.o)
 .ARM.attributes
                0x00000b86       0x2d c:/nxp/mcuxpressoide_11.5.1_7266/ide/tools/bin/../lib/gcc/arm-none-eabi/10.3.1/../../../../arm-none-eabi/lib/thumb/v7-m/nofp\libg.a(lib_a-fputwc.o)
 .ARM.attributes
                0x00000bb3       0x2d c:/nxp/mcuxpressoide_11.5.1_7266/ide/tools/bin/../lib/gcc/arm-none-eabi/10.3.1/../../../../arm-none-eabi/lib/thumb/v7-m/nofp\libg.a(lib_a-fvwrite.o)
 .ARM.attributes
                0x00000be0       0x2d c:/nxp/mcuxpressoide_11.5.1_7266/ide/tools/bin/../lib/gcc/arm-none-eabi/10.3.1/../../../../arm-none-eabi/lib/thumb/v7-m/nofp\libg.a(lib_a-fwalk.o)
 .ARM.attributes
                0x00000c0d       0x2d c:/nxp/mcuxpressoide_11.5.1_7266/ide/tools/bin/../lib/gcc/arm-none-eabi/10.3.1/../../../../arm-none-eabi/lib/thumb/v7-m/nofp\libg.a(lib_a-makebuf.o)
 .ARM.attributes
                0x00000c3a       0x2d c:/nxp/mcuxpressoide_11.5.1_7266/ide/tools/bin/../lib/gcc/arm-none-eabi/10.3.1/../../../../arm-none-eabi/lib/thumb/v7-m/nofp\libg.a(lib_a-signal.o)
 .ARM.attributes